Archive member included to satisfy reference by file (symbol)

freertos/libfreertos.a(queue.c.obj)
                              CMakeFiles/firmware.dir/firmware.c.obj (xQueueGenericCreate)
freertos/libfreertos.a(tasks.c.obj)
                              CMakeFiles/firmware.dir/firmware.c.obj (xTaskCreate)
freertos/libfreertos.a(timers.c.obj)
                              freertos/libfreertos.a(tasks.c.obj) (xTimerCreateTimerTask)
freertos/libfreertos.a(heap_3.c.obj)
                              freertos/libfreertos.a(queue.c.obj) (pvPortMalloc)
freertos/libfreertos.a(port.c.obj)
                              freertos/libfreertos.a(queue.c.obj) (vPortYield)
freertos/libfreertos.a(portasm.c.obj)
                              freertos/libfreertos.a(port.c.obj) (vRestoreContextOfFirstTask)
freertos/libfreertos.a(event_groups.c.obj)
                              freertos/libfreertos.a(port.c.obj) (xEventGroupCreate)
freertos/libfreertos.a(list.c.obj)
                              freertos/libfreertos.a(queue.c.obj) (vListInitialise)
lcd/liblcd.a(lcd.c.obj)       CMakeFiles/firmware.dir/firmware.c.obj (lcd_clear)
bmp280/libbmp280.a(bmp280.c.obj)
                              CMakeFiles/firmware.dir/firmware.c.obj (bmp280_init)
C:/Users/User/.pico-sdk/toolchain/14_2_Rel1/bin/../lib/gcc/arm-none-eabi/14.2.1/thumb/v8-m.main+fp/softfp\libm.a(libm_a-wf_sqrt.o)
                              CMakeFiles/firmware.dir/C_/Users/User/.pico-sdk/sdk/2.1.1/src/rp2_common/pico_float/float_math.c.obj (sqrtf)
C:/Users/User/.pico-sdk/toolchain/14_2_Rel1/bin/../lib/gcc/arm-none-eabi/14.2.1/thumb/v8-m.main+fp/softfp\libm.a(libm_a-ef_sqrt.o)
                              C:/Users/User/.pico-sdk/toolchain/14_2_Rel1/bin/../lib/gcc/arm-none-eabi/14.2.1/thumb/v8-m.main+fp/softfp\libm.a(libm_a-wf_sqrt.o) (__ieee754_sqrtf)
C:/Users/User/.pico-sdk/toolchain/14_2_Rel1/bin/../lib/gcc/arm-none-eabi/14.2.1/thumb/v8-m.main+fp/softfp\libgcc.a(_arm_addsubdf3.o)
                              CMakeFiles/firmware.dir/firmware.c.obj (__aeabi_f2d)
C:/Users/User/.pico-sdk/toolchain/14_2_Rel1/bin/../lib/gcc/arm-none-eabi/14.2.1/thumb/v8-m.main+fp/softfp\libgcc.a(_aeabi_ldivmod.o)
                              CMakeFiles/firmware.dir/C_/Users/User/.pico-sdk/sdk/2.1.1/src/common/pico_time/time.c.obj (__aeabi_ldivmod)
C:/Users/User/.pico-sdk/toolchain/14_2_Rel1/bin/../lib/gcc/arm-none-eabi/14.2.1/thumb/v8-m.main+fp/softfp\libgcc.a(_aeabi_uldivmod.o)
                              CMakeFiles/firmware.dir/C_/Users/User/.pico-sdk/sdk/2.1.1/src/rp2_common/hardware_clocks/clocks.c.obj (__aeabi_uldivmod)
C:/Users/User/.pico-sdk/toolchain/14_2_Rel1/bin/../lib/gcc/arm-none-eabi/14.2.1/thumb/v8-m.main+fp/softfp\libgcc.a(_udivmoddi4.o)
                              C:/Users/User/.pico-sdk/toolchain/14_2_Rel1/bin/../lib/gcc/arm-none-eabi/14.2.1/thumb/v8-m.main+fp/softfp\libgcc.a(_aeabi_ldivmod.o) (__udivmoddi4)
C:/Users/User/.pico-sdk/toolchain/14_2_Rel1/bin/../lib/gcc/arm-none-eabi/14.2.1/thumb/v8-m.main+fp/softfp\libgcc.a(_dvmd_tls.o)
                              C:/Users/User/.pico-sdk/toolchain/14_2_Rel1/bin/../lib/gcc/arm-none-eabi/14.2.1/thumb/v8-m.main+fp/softfp\libgcc.a(_aeabi_ldivmod.o) (__aeabi_ldiv0)
C:/Users/User/.pico-sdk/toolchain/14_2_Rel1/bin/../lib/gcc/arm-none-eabi/14.2.1/thumb/v8-m.main+fp/softfp\libg.a(libc_a-calloc.o)
                              CMakeFiles/firmware.dir/C_/Users/User/.pico-sdk/sdk/2.1.1/src/rp2_common/pico_malloc/malloc.c.obj (calloc)
C:/Users/User/.pico-sdk/toolchain/14_2_Rel1/bin/../lib/gcc/arm-none-eabi/14.2.1/thumb/v8-m.main+fp/softfp\libg.a(libc_a-callocr.o)
                              C:/Users/User/.pico-sdk/toolchain/14_2_Rel1/bin/../lib/gcc/arm-none-eabi/14.2.1/thumb/v8-m.main+fp/softfp\libg.a(libc_a-calloc.o) (_calloc_r)
C:/Users/User/.pico-sdk/toolchain/14_2_Rel1/bin/../lib/gcc/arm-none-eabi/14.2.1/thumb/v8-m.main+fp/softfp\libg.a(libc_a-malloc.o)
                              CMakeFiles/firmware.dir/C_/Users/User/.pico-sdk/sdk/2.1.1/src/rp2_common/pico_malloc/malloc.c.obj (malloc)
C:/Users/User/.pico-sdk/toolchain/14_2_Rel1/bin/../lib/gcc/arm-none-eabi/14.2.1/thumb/v8-m.main+fp/softfp\libg.a(libc_a-mallocr.o)
                              C:/Users/User/.pico-sdk/toolchain/14_2_Rel1/bin/../lib/gcc/arm-none-eabi/14.2.1/thumb/v8-m.main+fp/softfp\libg.a(libc_a-callocr.o) (_malloc_r)
C:/Users/User/.pico-sdk/toolchain/14_2_Rel1/bin/../lib/gcc/arm-none-eabi/14.2.1/thumb/v8-m.main+fp/softfp\libg.a(libc_a-mlock.o)
                              C:/Users/User/.pico-sdk/toolchain/14_2_Rel1/bin/../lib/gcc/arm-none-eabi/14.2.1/thumb/v8-m.main+fp/softfp\libg.a(libc_a-mallocr.o) (__malloc_lock)
C:/Users/User/.pico-sdk/toolchain/14_2_Rel1/bin/../lib/gcc/arm-none-eabi/14.2.1/thumb/v8-m.main+fp/softfp\libg.a(libc_a-realloc.o)
                              CMakeFiles/firmware.dir/C_/Users/User/.pico-sdk/sdk/2.1.1/src/rp2_common/pico_malloc/malloc.c.obj (realloc)
[...]
Memory Configuration

Name             Origin             Length             Attributes
FLASH            0x10000000         0x00400000         xr
RAM              0x20000000         0x00080000         xrw
SCRATCH_X        0x20080000         0x00001000         xrw
SCRATCH_Y        0x20081000         0x00001000         xrw
*default*        0x00000000         0xffffffff

Linker script and memory map

LOAD C:/Users/User/.pico-sdk/toolchain/14_2_Rel1/bin/../lib/gcc/arm-none-eabi/14.2.1/thumb/v8-m.main+fp/softfp/crti.o
LOAD C:/Users/User/.pico-sdk/toolchain/14_2_Rel1/bin/../lib/gcc/arm-none-eabi/14.2.1/thumb/v8-m.main+fp/softfp/crtbegin.o
LOAD C:/Users/User/.pico-sdk/toolchain/14_2_Rel1/bin/../lib/gcc/arm-none-eabi/14.2.1/thumb/v8-m.main+fp/softfp/crt0.o

.flash_begin    0x10000000        0x0
                0x10000000                        __flash_binary_start = .

.text           0x10000000     0x94ac
                0x10000000                        __logical_binary_start = .
 *(.vectors)
 .vectors       0x10000000      0x124 CMakeFiles/firmware.dir/C_/Users/User/.pico-sdk/sdk/2.1.1/src/rp2_common/pico_crt0/crt0.S.obj
                0x10000000                __vectors
                0x10000000                __VECTOR_TABLE
                0x10000110                isr_invalid
                0x10000110                __default_isrs_start
                0x10000112                isr_nmi
                0x10000114                isr_hardfault
                0x1000011c                isr_irq27
                0x1000011c                isr_irq32
                0x1000011c                isr_irq31
                0x1000011c                isr_irq5
                0x1000011c                isr_irq11
                0x1000011c                isr_irq45
                0x1000011c                isr_irq23
                0x1000011c                isr_irq48
                0x1000011c                isr_irq35
                0x1000011c                isr_irq18
                0x1000011c                isr_irq50
                0x1000011c                isr_irq43
                0x1000011c                isr_irq13
                0x1000011c                isr_irq28
                0x1000011c                isr_irq19
                0x1000011c                isr_irq36
                0x1000011c                isr_irq41
                0x1000011c                isr_irq0
                0x1000011c                isr_irq6
                0x1000011c                __unhandled_user_irq
                0x1000011c                isr_irq12
                0x1000011c                isr_irq37
                0x1000011c                isr_irq42
                0x1000011c                isr_irq22
                0x1000011c                isr_irq30
                0x1000011c                isr_irq17
                0x1000011c                isr_irq38
                0x1000011c                isr_irq14
                0x1000011c                isr_irq40
                0x1000011c                isr_irq2
                0x1000011c                isr_irq10
                0x1000011c                isr_irq8
                0x1000011c                isr_irq24
                0x1000011c                isr_irq46
                0x1000011c                isr_irq1
                0x1000011c                isr_irq47
                0x1000011c                isr_irq51
                0x1000011c                isr_irq7
                0x1000011c                isr_irq21
                0x1000011c                isr_irq39
                0x1000011c                isr_irq20
                0x1000011c                isr_irq15
                0x1000011c                isr_irq25
                0x1000011c                isr_irq34
                0x1000011c                isr_irq49
                0x1000011c                isr_irq4
                0x1000011c                isr_irq16
                0x1000011c                isr_irq44
                0x1000011c                isr_irq29
                0x1000011c                isr_irq26
                0x1000011c                __default_isrs_end
                0x1000011c                isr_irq33
                0x1000011c                isr_irq3
                0x1000011c                isr_irq9
                0x10000122                unhandled_user_irq_num_in_r0
 *(.binary_info_header)
 .binary_info_header
                0x10000124       0x14 CMakeFiles/firmware.dir/C_/Users/User/.pico-sdk/sdk/2.1.1/src/rp2_common/pico_crt0/crt0.S.obj
                0x10000138                        __binary_info_header_end = .
 *(.embedded_block)
 .embedded_block
                0x10000138       0x14 CMakeFiles/firmware.dir/C_/Users/User/.pico-sdk/sdk/2.1.1/src/rp2_common/pico_crt0/crt0.S.obj
                0x1000014c                        __embedded_block_end = .
 *(.reset)
 .reset         0x1000014c       0xa0 CMakeFiles/firmware.dir/C_/Users/User/.pico-sdk/sdk/2.1.1/src/rp2_common/pico_crt0/crt0.S.obj
                0x1000014c                _entry_point
 *(.init)
 .init          0x100001ec        0x4 C:/Users/User/.pico-sdk/toolchain/14_2_Rel1/bin/../lib/gcc/arm-none-eabi/14.2.1/thumb/v8-m.main+fp/softfp/crti.o
                0x100001ec                _init
 SORT_BY_NAME(REVERSE(*libgcc.a:cmse_nonsecure_call.o))()
 *(EXCLUDE_FILE(*libm.a: *libc.a:*lib_a-mem*.o *libgcc.a:) .text*)
 .text.register_tm_clones
                0x100001f0       0x28 C:/Users/User/.pico-sdk/toolchain/14_2_Rel1/bin/../lib/gcc/arm-none-eabi/14.2.1/thumb/v8-m.main+fp/softfp/crtbegin.o
 .text.frame_dummy
                0x10000218       0x24 C:/Users/User/.pico-sdk/toolchain/14_2_Rel1/bin/../lib/gcc/arm-none-eabi/14.2.1/thumb/v8-m.main+fp/softfp/crtbegin.o
 .text.IRQ_btn  0x1000023c      0x104 CMakeFiles/firmware.dir/firmware.c.obj
                0x1000023c                IRQ_btn
 .text.lcd_guardian_task
                0x10000340       0x58 CMakeFiles/firmware.dir/firmware.c.obj
                0x10000340                lcd_guardian_task
 .text.temp_control_task
                0x10000398       0xfc CMakeFiles/firmware.dir/firmware.c.obj
                0x10000398                temp_control_task
 .text.bmp_sense_task
                0x10000494      0x100 CMakeFiles/firmware.dir/firmware.c.obj
                0x10000494                bmp_sense_task
 .text.gpio_config
                0x10000594       0x5c CMakeFiles/firmware.dir/firmware.c.obj
                0x10000594                gpio_config
 .text.i2c_config
                0x100005f0       0x3c CMakeFiles/firmware.dir/firmware.c.obj
                0x100005f0                i2c_config
 .text.startup.main
                0x1000062c       0xb0 CMakeFiles/firmware.dir/firmware.c.obj
                0x1000062c                main
 .text.gpio_default_irq_handler
                0x100006dc      0x1d4 CMakeFiles/firmware.dir/C_/Users/User/.pico-sdk/sdk/2.1.1/src/rp2_common/hardware_gpio/gpio.c.obj
 .text.gpio_set_function
                0x100008b0       0x3c CMakeFiles/firmware.dir/C_/Users/User/.pico-sdk/sdk/2.1.1/src/rp2_common/hardware_gpio/gpio.c.obj
                0x100008b0                gpio_set_function
 .text.gpio_set_pulls
                0x100008ec       0x28 CMakeFiles/firmware.dir/C_/Users/User/.pico-sdk/sdk/2.1.1/src/rp2_common/hardware_gpio/gpio.c.obj
                0x100008ec                gpio_set_pulls
 .text.gpio_set_irq_enabled
                0x10000914       0x48 CMakeFiles/firmware.dir/C_/Users/User/.pico-sdk/sdk/2.1.1/src/rp2_common/hardware_gpio/gpio.c.obj
                0x10000914                gpio_set_irq_enabled
 .text.gpio_set_irq_enabled_with_callback
                0x1000095c       0xa8 CMakeFiles/firmware.dir/C_/Users/User/.pico-sdk/sdk/2.1.1/src/rp2_common/hardware_gpio/gpio.c.obj
                0x1000095c                gpio_set_irq_enabled_with_callback
 .text.gpio_set_input_enabled
                0x10000a04       0x20 CMakeFiles/firmware.dir/C_/Users/User/.pico-sdk/sdk/2.1.1/src/rp2_common/hardware_gpio/gpio.c.obj
                0x10000a04                gpio_set_input_enabled
 .text.gpio_init
                0x10000a24       0x48 CMakeFiles/firmware.dir/C_/Users/User/.pico-sdk/sdk/2.1.1/src/rp2_common/hardware_gpio/gpio.c.obj
                0x10000a24                gpio_init
 .text.panic    0x10000a6c       0x30 CMakeFiles/firmware.dir/C_/Users/User/.pico-sdk/sdk/2.1.1/src/rp2_common/pico_platform_panic/panic.c.obj
                0x10000a6c                panic
 .text.hw_claim_or_assert
                0x10000a9c       0x58 CMakeFiles/firmware.dir/C_/Users/User/.pico-sdk/sdk/2.1.1/src/common/hardware_claim/claim.c.obj
                0x10000a9c                hw_claim_or_assert
 .text.hw_claim_unused_from_range
                0x10000af4       0x80 CMakeFiles/firmware.dir/C_/Users/User/.pico-sdk/sdk/2.1.1/src/common/hardware_claim/claim.c.obj
                0x10000af4                hw_claim_unused_from_range
 .text.next_striped_spin_lock_num
                0x10000b74       0x18 CMakeFiles/firmware.dir/C_/Users/User/.pico-sdk/sdk/2.1.1/src/rp2_common/hardware_sync/sync.c.obj
                0x10000b74                next_striped_spin_lock_num
 .text.spin_lock_claim_unused
                0x10000b8c       0x20 CMakeFiles/firmware.dir/C_/Users/User/.pico-sdk/sdk/2.1.1/src/rp2_common/hardware_sync/sync.c.obj
                0x10000b8c                spin_lock_claim_unused
 .text.spinlock_set_extexclall
                0x10000bac       0x10 CMakeFiles/firmware.dir/C_/Users/User/.pico-sdk/sdk/2.1.1/src/rp2_common/hardware_sync_spin_lock/sync_spin_lock.c.obj
 .text.spin_locks_reset
                0x10000bbc       0x18 CMakeFiles/firmware.dir/C_/Users/User/.pico-sdk/sdk/2.1.1/src/rp2_common/hardware_sync_spin_lock/sync_spin_lock.c.obj
                0x10000bbc                spin_locks_reset
 .text.runtime_init_per_core_irq_priorities
                0x10000bd4       0x40 CMakeFiles/firmware.dir/C_/Users/User/.pico-sdk/sdk/2.1.1/src/rp2_common/hardware_irq/irq.c.obj
                0x10000bd4                runtime_init_per_core_irq_priorities
 .text.irq_set_enabled
                0x10000c14       0x2c CMakeFiles/firmware.dir/C_/Users/User/.pico-sdk/sdk/2.1.1/src/rp2_common/hardware_irq/irq.c.obj
                0x10000c14                irq_set_enabled
 .text.irq_is_enabled
                0x10000c40       0x20 CMakeFiles/firmware.dir/C_/Users/User/.pico-sdk/sdk/2.1.1/src/rp2_common/hardware_irq/irq.c.obj
                0x10000c40                irq_is_enabled
 .text.irq_set_pending
                0x10000c60       0x18 CMakeFiles/firmware.dir/C_/Users/User/.pico-sdk/sdk/2.1.1/src/rp2_common/hardware_irq/irq.c.obj
                0x10000c60                irq_set_pending
 .text.irq_has_shared_handler
                0x10000c78       0x20 CMakeFiles/firmware.dir/C_/Users/User/.pico-sdk/sdk/2.1.1/src/rp2_common/hardware_irq/irq.c.obj
                0x10000c78                irq_has_shared_handler
 .text.irq_set_exclusive_handler
                0x10000c98       0x60 CMakeFiles/firmware.dir/C_/Users/User/.pico-sdk/sdk/2.1.1/src/rp2_common/hardware_irq/irq.c.obj
                0x10000c98                irq_set_exclusive_handler
 .text.irq_add_shared_handler
                0x10000cf8      0x1e8 CMakeFiles/firmware.dir/C_/Users/User/.pico-sdk/sdk/2.1.1/src/rp2_common/hardware_irq/irq.c.obj
                0x10000cf8                irq_add_shared_handler
 .text.irq_remove_handler
                0x10000ee0      0x1f4 CMakeFiles/firmware.dir/C_/Users/User/.pico-sdk/sdk/2.1.1/src/rp2_common/hardware_irq/irq.c.obj
                0x10000ee0                irq_remove_handler
 .text.irq_add_tail_to_free_list
                0x100010d4       0xbc CMakeFiles/firmware.dir/C_/Users/User/.pico-sdk/sdk/2.1.1/src/rp2_common/hardware_irq/irq.c.obj
                0x100010d4                irq_add_tail_to_free_list
 .text.user_irq_claim_unused
                0x10001190       0x28 CMakeFiles/firmware.dir/C_/Users/User/.pico-sdk/sdk/2.1.1/src/rp2_common/hardware_irq/irq.c.obj
                0x10001190                user_irq_claim_unused
 .text.lock_init
                0x100011b8        0xc CMakeFiles/firmware.dir/C_/Users/User/.pico-sdk/sdk/2.1.1/src/common/pico_sync/lock_core.c.obj
                0x100011b8                lock_init
 .text.runtime_init_mutex
                0x100011c4       0x4c CMakeFiles/firmware.dir/C_/Users/User/.pico-sdk/sdk/2.1.1/src/common/pico_sync/mutex.c.obj
                0x100011c4                runtime_init_mutex
 .text.mutex_init
                0x10001210       0x1c CMakeFiles/firmware.dir/C_/Users/User/.pico-sdk/sdk/2.1.1/src/common/pico_sync/mutex.c.obj
                0x10001210                mutex_init
 .text.critical_section_init
                0x1000122c       0x1c CMakeFiles/firmware.dir/C_/Users/User/.pico-sdk/sdk/2.1.1/src/common/pico_sync/critical_section.c.obj
                0x1000122c                critical_section_init
 .text.critical_section_init_with_lock_num
                0x10001248       0x10 CMakeFiles/firmware.dir/C_/Users/User/.pico-sdk/sdk/2.1.1/src/common/pico_sync/critical_section.c.obj
                0x10001248                critical_section_init_with_lock_num
 .text.sleep_until_callback
                0x10001258       0x3c CMakeFiles/firmware.dir/C_/Users/User/.pico-sdk/sdk/2.1.1/src/common/pico_time/time.c.obj
 *fill*         0x10001294        0x4 
 .text.alarm_pool_irq_handler
                0x10001298      0x2f0 CMakeFiles/firmware.dir/C_/Users/User/.pico-sdk/sdk/2.1.1/src/common/pico_time/time.c.obj
 .text.runtime_init_default_alarm_pool
                0x10001588      0x100 CMakeFiles/firmware.dir/C_/Users/User/.pico-sdk/sdk/2.1.1/src/common/pico_time/time.c.obj
                0x10001588                runtime_init_default_alarm_pool
 .text.alarm_pool_get_default
                0x10001688        0x8 CMakeFiles/firmware.dir/C_/Users/User/.pico-sdk/sdk/2.1.1/src/common/pico_time/time.c.obj
                0x10001688                alarm_pool_get_default
 .text.alarm_pool_add_alarm_at
                0x10001690       0xdc CMakeFiles/firmware.dir/C_/Users/User/.pico-sdk/sdk/2.1.1/src/common/pico_time/time.c.obj
                0x10001690                alarm_pool_add_alarm_at
 .text.alarm_pool_add_alarm_at_force_in_context
                0x1000176c       0xc8 CMakeFiles/firmware.dir/C_/Users/User/.pico-sdk/sdk/2.1.1/src/common/pico_time/time.c.obj
                0x1000176c                alarm_pool_add_alarm_at_force_in_context
 .text.alarm_pool_cancel_alarm
                0x10001834       0x80 CMakeFiles/firmware.dir/C_/Users/User/.pico-sdk/sdk/2.1.1/src/common/pico_time/time.c.obj
                0x10001834                alarm_pool_cancel_alarm
 .text.alarm_pool_core_num
                0x100018b4        0x4 CMakeFiles/firmware.dir/C_/Users/User/.pico-sdk/sdk/2.1.1/src/common/pico_time/time.c.obj
                0x100018b4                alarm_pool_core_num
 .text.sleep_us
                0x100018b8       0xd8 CMakeFiles/firmware.dir/C_/Users/User/.pico-sdk/sdk/2.1.1/src/common/pico_time/time.c.obj
                0x100018b8                sleep_us
 .text.best_effort_wfe_or_timeout
                0x10001990       0xd4 CMakeFiles/firmware.dir/C_/Users/User/.pico-sdk/sdk/2.1.1/src/common/pico_time/time.c.obj
                0x10001990                best_effort_wfe_or_timeout
 .text.timer_hardware_alarm_claim
                0x10001a64       0x24 CMakeFiles/firmware.dir/C_/Users/User/.pico-sdk/sdk/2.1.1/src/rp2_common/hardware_timer/timer.c.obj
                0x10001a64                timer_hardware_alarm_claim
 .text.timer_time_us_64
                0x10001a88       0x10 CMakeFiles/firmware.dir/C_/Users/User/.pico-sdk/sdk/2.1.1/src/rp2_common/hardware_timer/timer.c.obj
                0x10001a88                timer_time_us_64
 .text.time_us_64
                0x10001a98       0x14 CMakeFiles/firmware.dir/C_/Users/User/.pico-sdk/sdk/2.1.1/src/rp2_common/hardware_timer/timer.c.obj
                0x10001a98                time_us_64
 .text.busy_wait_until
                0x10001aac       0x24 CMakeFiles/firmware.dir/C_/Users/User/.pico-sdk/sdk/2.1.1/src/rp2_common/hardware_timer/timer.c.obj
                0x10001aac                busy_wait_until
 .text.clock_configure_undivided
                0x10001ad0       0xd0 CMakeFiles/firmware.dir/C_/Users/User/.pico-sdk/sdk/2.1.1/src/rp2_common/hardware_clocks/clocks.c.obj
                0x10001ad0                clock_configure_undivided
 .text.clock_get_hz
                0x10001ba0        0xc CMakeFiles/firmware.dir/C_/Users/User/.pico-sdk/sdk/2.1.1/src/rp2_common/hardware_clocks/clocks.c.obj
                0x10001ba0                clock_get_hz
 .text.pll_init
                0x10001bac       0x8c CMakeFiles/firmware.dir/C_/Users/User/.pico-sdk/sdk/2.1.1/src/rp2_common/hardware_pll/pll.c.obj
                0x10001bac                pll_init
 .text.watchdog_reboot
                0x10001c38       0x98 CMakeFiles/firmware.dir/C_/Users/User/.pico-sdk/sdk/2.1.1/src/rp2_common/hardware_watchdog/watchdog.c.obj
                0x10001c38                watchdog_reboot
 .text.tick_start
                0x10001cd0       0x18 CMakeFiles/firmware.dir/C_/Users/User/.pico-sdk/sdk/2.1.1/src/rp2_common/hardware_ticks/ticks.c.obj
                0x10001cd0                tick_start
 .text.rom_reboot.constprop.0.isra.0
                0x10001ce8       0x34 CMakeFiles/firmware.dir/C_/Users/User/.pico-sdk/sdk/2.1.1/src/rp2_common/pico_bootrom/bootrom.c.obj
 .text.rom_func_lookup
                0x10001d1c       0x18 CMakeFiles/firmware.dir/C_/Users/User/.pico-sdk/sdk/2.1.1/src/rp2_common/pico_bootrom/bootrom.c.obj
                0x10001d1c                rom_func_lookup
 .text.rom_reset_usb_boot_extra
                0x10001d34       0x1c CMakeFiles/firmware.dir/C_/Users/User/.pico-sdk/sdk/2.1.1/src/rp2_common/pico_bootrom/bootrom.c.obj
                0x10001d34                rom_reset_usb_boot_extra
 .text.runtime_init_bootrom_locking_enable
                0x10001d50       0x14 CMakeFiles/firmware.dir/C_/Users/User/.pico-sdk/sdk/2.1.1/src/rp2_common/pico_bootrom/bootrom_lock.c.obj
                0x10001d50                runtime_init_bootrom_locking_enable
 .text.runtime_init_boot_locks_reset
                0x10001d64       0x1c CMakeFiles/firmware.dir/C_/Users/User/.pico-sdk/sdk/2.1.1/src/rp2_common/hardware_boot_lock/boot_lock.c.obj
                0x10001d64                runtime_init_boot_locks_reset
 .text.xosc_init
                0x10001d80       0x30 CMakeFiles/firmware.dir/C_/Users/User/.pico-sdk/sdk/2.1.1/src/rp2_common/hardware_xosc/xosc.c.obj
                0x10001d80                xosc_init
 .text.first_per_core_initializer
                0x10001db0        0x4 CMakeFiles/firmware.dir/C_/Users/User/.pico-sdk/sdk/2.1.1/src/rp2_common/pico_runtime/runtime.c.obj
 .text.hard_assertion_failure
                0x10001db4        0xc CMakeFiles/firmware.dir/C_/Users/User/.pico-sdk/sdk/2.1.1/src/rp2_common/pico_runtime/runtime.c.obj
                0x10001db4                hard_assertion_failure
 .text.runtime_run_initializers
                0x10001dc0       0x20 CMakeFiles/firmware.dir/C_/Users/User/.pico-sdk/sdk/2.1.1/src/rp2_common/pico_runtime/runtime.c.obj
                0x10001dc0                runtime_run_initializers
 .text.runtime_init_early_resets
                0x10001de0       0x34 CMakeFiles/firmware.dir/C_/Users/User/.pico-sdk/sdk/2.1.1/src/rp2_common/pico_runtime_init/runtime_init.c.obj
                0x10001de0                runtime_init_early_resets
 .text.runtime_init_usb_power_down
                0x10001e14       0x1c CMakeFiles/firmware.dir/C_/Users/User/.pico-sdk/sdk/2.1.1/src/rp2_common/pico_runtime_init/runtime_init.c.obj
                0x10001e14                runtime_init_usb_power_down
 .text.runtime_init_per_core_enable_coprocessors
                0x10001e30       0x1c CMakeFiles/firmware.dir/C_/Users/User/.pico-sdk/sdk/2.1.1/src/rp2_common/pico_runtime_init/runtime_init.c.obj
                0x10001e30                runtime_init_per_core_enable_coprocessors
 .text.runtime_init_post_clock_resets
                0x10001e4c       0x20 CMakeFiles/firmware.dir/C_/Users/User/.pico-sdk/sdk/2.1.1/src/rp2_common/pico_runtime_init/runtime_init.c.obj
                0x10001e4c                runtime_init_post_clock_resets
 .text.runtime_init_bootrom_reset
                0x10001e6c       0x14 CMakeFiles/firmware.dir/C_/Users/User/.pico-sdk/sdk/2.1.1/src/rp2_common/pico_runtime_init/runtime_init.c.obj
                0x10001e6c                runtime_init_bootrom_reset
 .text.runtime_init_per_core_bootrom_reset
                0x10001e80       0x14 CMakeFiles/firmware.dir/C_/Users/User/.pico-sdk/sdk/2.1.1/src/rp2_common/pico_runtime_init/runtime_init.c.obj
                0x10001e80                runtime_init_per_core_bootrom_reset
 .text.runtime_init_spin_locks_reset
                0x10001e94        0x4 CMakeFiles/firmware.dir/C_/Users/User/.pico-sdk/sdk/2.1.1/src/rp2_common/pico_runtime_init/runtime_init.c.obj
                0x10001e94                runtime_init_spin_locks_reset
 .text.runtime_init_install_ram_vector_table
                0x10001e98       0x20 CMakeFiles/firmware.dir/C_/Users/User/.pico-sdk/sdk/2.1.1/src/rp2_common/pico_runtime_init/runtime_init.c.obj
                0x10001e98                runtime_init_install_ram_vector_table
 .text.runtime_init_clocks
                0x10001eb8       0xdc CMakeFiles/firmware.dir/C_/Users/User/.pico-sdk/sdk/2.1.1/src/rp2_common/pico_runtime_init/runtime_init_clocks.c.obj
                0x10001eb8                runtime_init_clocks
 .text.__rp2350_dcp_engaged_state_save_restore
                0x10001f94       0x3a CMakeFiles/firmware.dir/C_/Users/User/.pico-sdk/sdk/2.1.1/src/rp2_common/pico_double/double_aeabi_dcp.S.obj
 *fill*         0x10001fce        0x2 
 .text.__wrap___aeabi_dadd
                0x10001fd0       0x28 CMakeFiles/firmware.dir/C_/Users/User/.pico-sdk/sdk/2.1.1/src/rp2_common/pico_double/double_aeabi_dcp.S.obj
                0x10001fd8                __wrap___aeabi_dadd
 .text.__wrap___aeabi_dsub
                0x10001ff8       0x28 CMakeFiles/firmware.dir/C_/Users/User/.pico-sdk/sdk/2.1.1/src/rp2_common/pico_double/double_aeabi_dcp.S.obj
                0x10002000                __wrap___aeabi_dsub
 .text.__wrap___aeabi_dmul
                0x10002020       0x4c CMakeFiles/firmware.dir/C_/Users/User/.pico-sdk/sdk/2.1.1/src/rp2_common/pico_double/double_aeabi_dcp.S.obj
                0x10002028                __wrap___aeabi_dmul
 .text.__wrap___aeabi_ddiv
                0x1000206c       0x9c CMakeFiles/firmware.dir/C_/Users/User/.pico-sdk/sdk/2.1.1/src/rp2_common/pico_double/double_aeabi_dcp.S.obj
                0x10002074                __wrap___aeabi_ddiv
 .text.__wrap___aeabi_d2f
                0x10002108       0x1c CMakeFiles/firmware.dir/C_/Users/User/.pico-sdk/sdk/2.1.1/src/rp2_common/pico_double/double_aeabi_dcp.S.obj
                0x10002110                __wrap___aeabi_d2f
                0x10002110                double2float
 .text.__wrap___aeabi_i2d
                0x10002124       0x24 CMakeFiles/firmware.dir/C_/Users/User/.pico-sdk/sdk/2.1.1/src/rp2_common/pico_double/double_aeabi_dcp.S.obj
                0x1000212c                int2double
                0x1000212c                __wrap___aeabi_i2d
 .text.__wrap___aeabi_ui2d
                0x10002148       0x24 CMakeFiles/firmware.dir/C_/Users/User/.pico-sdk/sdk/2.1.1/src/rp2_common/pico_double/double_aeabi_dcp.S.obj
                0x10002150                uint2double
                0x10002150                __wrap___aeabi_ui2d
 .text.__wrap___aeabi_d2iz
                0x1000216c       0x24 CMakeFiles/firmware.dir/C_/Users/User/.pico-sdk/sdk/2.1.1/src/rp2_common/pico_double/double_aeabi_dcp.S.obj
                0x10002174                double2int_z
                0x10002174                __wrap___aeabi_d2iz
 .text.__wrap___aeabi_d2uiz
                0x10002190       0x24 CMakeFiles/firmware.dir/C_/Users/User/.pico-sdk/sdk/2.1.1/src/rp2_common/pico_double/double_aeabi_dcp.S.obj
                0x10002198                double2uint
                0x10002198                __wrap___aeabi_d2uiz
                0x10002198                double2uint_z
 .text.__wrap___aeabi_dcmpun
                0x100021b4       0x24 CMakeFiles/firmware.dir/C_/Users/User/.pico-sdk/sdk/2.1.1/src/rp2_common/pico_double/double_aeabi_dcp.S.obj
                0x100021bc                __wrap___aeabi_dcmpun
 .text.__wrap___aeabi_dcmplt
                0x100021d8       0x28 CMakeFiles/firmware.dir/C_/Users/User/.pico-sdk/sdk/2.1.1/src/rp2_common/pico_double/double_aeabi_dcp.S.obj
                0x100021e0                __wrap___aeabi_dcmplt
 .text.__wrap___aeabi_dcmple
                0x10002200       0x28 CMakeFiles/firmware.dir/C_/Users/User/.pico-sdk/sdk/2.1.1/src/rp2_common/pico_double/double_aeabi_dcp.S.obj
                0x10002208                __wrap___aeabi_dcmple
 .text.__wrap___aeabi_dcmpge
                0x10002228       0x28 CMakeFiles/firmware.dir/C_/Users/User/.pico-sdk/sdk/2.1.1/src/rp2_common/pico_double/double_aeabi_dcp.S.obj
                0x10002230                __wrap___aeabi_dcmpge
 .text.__wrap___aeabi_dcmpgt
                0x10002250       0x28 CMakeFiles/firmware.dir/C_/Users/User/.pico-sdk/sdk/2.1.1/src/rp2_common/pico_double/double_aeabi_dcp.S.obj
                0x10002258                __wrap___aeabi_dcmpgt
 .text.__wrap_malloc
                0x10002278       0x24 CMakeFiles/firmware.dir/C_/Users/User/.pico-sdk/sdk/2.1.1/src/rp2_common/pico_malloc/malloc.c.obj
                0x10002278                __wrap_malloc
 .text.__wrap_free
                0x1000229c        0x4 CMakeFiles/firmware.dir/C_/Users/User/.pico-sdk/sdk/2.1.1/src/rp2_common/pico_malloc/malloc.c.obj
                0x1000229c                __wrap_free
 .text._out_buffer
                0x100022a0        0x8 CMakeFiles/firmware.dir/C_/Users/User/.pico-sdk/sdk/2.1.1/src/rp2_common/pico_printf/printf.c.obj
 .text._out_null
                0x100022a8        0x4 CMakeFiles/firmware.dir/C_/Users/User/.pico-sdk/sdk/2.1.1/src/rp2_common/pico_printf/printf.c.obj
 .text._out_rev
                0x100022ac       0x9c CMakeFiles/firmware.dir/C_/Users/User/.pico-sdk/sdk/2.1.1/src/rp2_common/pico_printf/printf.c.obj
 .text._ntoa_format
                0x10002348      0x1d4 CMakeFiles/firmware.dir/C_/Users/User/.pico-sdk/sdk/2.1.1/src/rp2_common/pico_printf/printf.c.obj
 .text._out_char
                0x1000251c        0x8 CMakeFiles/firmware.dir/C_/Users/User/.pico-sdk/sdk/2.1.1/src/rp2_common/pico_printf/printf.c.obj
 *fill*         0x10002524        0x4 
 .text._ftoa    0x10002528      0x4bc CMakeFiles/firmware.dir/C_/Users/User/.pico-sdk/sdk/2.1.1/src/rp2_common/pico_printf/printf.c.obj
 *fill*         0x100029e4        0x4 
 .text._etoa    0x100029e8      0x574 CMakeFiles/firmware.dir/C_/Users/User/.pico-sdk/sdk/2.1.1/src/rp2_common/pico_printf/printf.c.obj
 .text._vsnprintf
                0x10002f5c      0x9e4 CMakeFiles/firmware.dir/C_/Users/User/.pico-sdk/sdk/2.1.1/src/rp2_common/pico_printf/printf.c.obj
 .text.__wrap_sprintf
                0x10003940       0x2c CMakeFiles/firmware.dir/C_/Users/User/.pico-sdk/sdk/2.1.1/src/rp2_common/pico_printf/printf.c.obj
                0x10003940                __wrap_sprintf
 .text.weak_raw_vprintf
                0x1000396c       0x30 CMakeFiles/firmware.dir/C_/Users/User/.pico-sdk/sdk/2.1.1/src/rp2_common/pico_printf/printf.c.obj
                0x1000396c                weak_raw_vprintf
 .text._exit    0x1000399c        0x4 CMakeFiles/firmware.dir/C_/Users/User/.pico-sdk/sdk/2.1.1/src/rp2_common/pico_clib_interface/newlib_interface.c.obj
                0x1000399c                _exit
 .text._sbrk    0x100039a0       0x2c CMakeFiles/firmware.dir/C_/Users/User/.pico-sdk/sdk/2.1.1/src/rp2_common/pico_clib_interface/newlib_interface.c.obj
                0x100039a0                _sbrk
 .text.exit     0x100039cc        0x8 CMakeFiles/firmware.dir/C_/Users/User/.pico-sdk/sdk/2.1.1/src/rp2_common/pico_clib_interface/newlib_interface.c.obj
                0x100039cc                exit
 .text.runtime_init
                0x100039d4       0x24 CMakeFiles/firmware.dir/C_/Users/User/.pico-sdk/sdk/2.1.1/src/rp2_common/pico_clib_interface/newlib_interface.c.obj
                0x100039d4                runtime_init
 .text.stdio_out_chars_no_crlf
                0x100039f8        0x8 CMakeFiles/firmware.dir/C_/Users/User/.pico-sdk/sdk/2.1.1/src/rp2_common/pico_stdio/stdio.c.obj
 .text.stdio_out_chars_crlf
                0x10003a00       0xb0 CMakeFiles/firmware.dir/C_/Users/User/.pico-sdk/sdk/2.1.1/src/rp2_common/pico_stdio/stdio.c.obj
 .text.stdio_put_string
                0x10003ab0       0xec CMakeFiles/firmware.dir/C_/Users/User/.pico-sdk/sdk/2.1.1/src/rp2_common/pico_stdio/stdio.c.obj
                0x10003ab0                stdio_put_string
 .text.stdio_set_driver_enabled
                0x10003b9c       0x28 CMakeFiles/firmware.dir/C_/Users/User/.pico-sdk/sdk/2.1.1/src/rp2_common/pico_stdio/stdio.c.obj
                0x10003b9c                stdio_set_driver_enabled
 .text.stdio_init_all
                0x10003bc4        0x4 CMakeFiles/firmware.dir/C_/Users/User/.pico-sdk/sdk/2.1.1/src/rp2_common/pico_stdio/stdio.c.obj
                0x10003bc4                stdio_init_all
 .text.__wrap_putchar
                0x10003bc8       0x84 CMakeFiles/firmware.dir/C_/Users/User/.pico-sdk/sdk/2.1.1/src/rp2_common/pico_stdio/stdio.c.obj
                0x10003bc8                __wrap_putchar
                0x10003bc8                stdio_putchar
 .text.__wrap_puts
                0x10003c4c       0x3c CMakeFiles/firmware.dir/C_/Users/User/.pico-sdk/sdk/2.1.1/src/rp2_common/pico_stdio/stdio.c.obj
                0x10003c4c                stdio_puts
                0x10003c4c                __wrap_puts
 .text.resetd_init
                0x10003c88        0x4 CMakeFiles/firmware.dir/C_/Users/User/.pico-sdk/sdk/2.1.1/src/rp2_common/pico_stdio_usb/reset_interface.c.obj
 .text.resetd_reset
                0x10003c8c        0xc CMakeFiles/firmware.dir/C_/Users/User/.pico-sdk/sdk/2.1.1/src/rp2_common/pico_stdio_usb/reset_interface.c.obj
 .text.resetd_open
                0x10003c98       0x28 CMakeFiles/firmware.dir/C_/Users/User/.pico-sdk/sdk/2.1.1/src/rp2_common/pico_stdio_usb/reset_interface.c.obj
 .text.resetd_xfer_cb
                0x10003cc0        0x4 CMakeFiles/firmware.dir/C_/Users/User/.pico-sdk/sdk/2.1.1/src/rp2_common/pico_stdio_usb/reset_interface.c.obj
 .text.resetd_control_xfer_cb
                0x10003cc4       0x50 CMakeFiles/firmware.dir/C_/Users/User/.pico-sdk/sdk/2.1.1/src/rp2_common/pico_stdio_usb/reset_interface.c.obj
 .text.tud_descriptor_bos_cb
                0x10003d14        0x8 CMakeFiles/firmware.dir/C_/Users/User/.pico-sdk/sdk/2.1.1/src/rp2_common/pico_stdio_usb/reset_interface.c.obj
                0x10003d14                tud_descriptor_bos_cb
 .text.tud_vendor_control_xfer_cb
                0x10003d1c       0x28 CMakeFiles/firmware.dir/C_/Users/User/.pico-sdk/sdk/2.1.1/src/rp2_common/pico_stdio_usb/reset_interface.c.obj
                0x10003d1c                tud_vendor_control_xfer_cb
 .text.usbd_app_driver_get_cb
                0x10003d44       0x10 CMakeFiles/firmware.dir/C_/Users/User/.pico-sdk/sdk/2.1.1/src/rp2_common/pico_stdio_usb/reset_interface.c.obj
                0x10003d44                usbd_app_driver_get_cb
 .text.tud_cdc_line_coding_cb
                0x10003d54       0x18 CMakeFiles/firmware.dir/C_/Users/User/.pico-sdk/sdk/2.1.1/src/rp2_common/pico_stdio_usb/reset_interface.c.obj
                0x10003d54                tud_cdc_line_coding_cb
 .text.stdio_usb_set_chars_available_callback
                0x10003d6c       0x14 CMakeFiles/firmware.dir/C_/Users/User/.pico-sdk/sdk/2.1.1/src/rp2_common/pico_stdio_usb/stdio_usb.c.obj
                0x10003d6c                stdio_usb_set_chars_available_callback
 .text.timer_task
                0x10003d80       0x70 CMakeFiles/firmware.dir/C_/Users/User/.pico-sdk/sdk/2.1.1/src/rp2_common/pico_stdio_usb/stdio_usb.c.obj
 .text.usb_irq  0x10003df0        0xc CMakeFiles/firmware.dir/C_/Users/User/.pico-sdk/sdk/2.1.1/src/rp2_common/pico_stdio_usb/stdio_usb.c.obj
 .text.stdio_usb_in_chars
                0x10003dfc       0x88 CMakeFiles/firmware.dir/C_/Users/User/.pico-sdk/sdk/2.1.1/src/rp2_common/pico_stdio_usb/stdio_usb.c.obj
                0x10003dfc                stdio_usb_in_chars
 .text.stdio_usb_out_flush
                0x10003e84       0x54 CMakeFiles/firmware.dir/C_/Users/User/.pico-sdk/sdk/2.1.1/src/rp2_common/pico_stdio_usb/stdio_usb.c.obj
 .text.stdio_usb_out_chars
                0x10003ed8       0xf4 CMakeFiles/firmware.dir/C_/Users/User/.pico-sdk/sdk/2.1.1/src/rp2_common/pico_stdio_usb/stdio_usb.c.obj
 .text.low_priority_worker_irq
                0x10003fcc       0xd8 CMakeFiles/firmware.dir/C_/Users/User/.pico-sdk/sdk/2.1.1/src/rp2_common/pico_stdio_usb/stdio_usb.c.obj
 .text.stdio_usb_init
                0x100040a4       0xe8 CMakeFiles/firmware.dir/C_/Users/User/.pico-sdk/sdk/2.1.1/src/rp2_common/pico_stdio_usb/stdio_usb.c.obj
                0x100040a4                stdio_usb_init
 .text.tud_descriptor_device_cb
                0x1000418c        0x8 CMakeFiles/firmware.dir/C_/Users/User/.pico-sdk/sdk/2.1.1/src/rp2_common/pico_stdio_usb/stdio_usb_descriptors.c.obj
                0x1000418c                tud_descriptor_device_cb
 .text.tud_descriptor_configuration_cb
                0x10004194        0x8 CMakeFiles/firmware.dir/C_/Users/User/.pico-sdk/sdk/2.1.1/src/rp2_common/pico_stdio_usb/stdio_usb_descriptors.c.obj
                0x10004194                tud_descriptor_configuration_cb
 .text.tud_descriptor_string_cb
                0x1000419c       0x70 CMakeFiles/firmware.dir/C_/Users/User/.pico-sdk/sdk/2.1.1/src/rp2_common/pico_stdio_usb/stdio_usb_descriptors.c.obj
                0x1000419c                tud_descriptor_string_cb
 .text.startup._retrieve_unique_id_on_boot
                0x1000420c       0x30 CMakeFiles/firmware.dir/C_/Users/User/.pico-sdk/sdk/2.1.1/src/rp2_common/pico_unique_id/unique_id.c.obj
 .text.pico_get_unique_board_id_string
                0x1000423c      0x184 CMakeFiles/firmware.dir/C_/Users/User/.pico-sdk/sdk/2.1.1/src/rp2_common/pico_unique_id/unique_id.c.obj
                0x1000423c                pico_get_unique_board_id_string
 .text.dcd_init
                0x100043c0       0x8c CMakeFiles/firmware.dir/C_/Users/User/.pico-sdk/sdk/2.1.1/lib/tinyusb/src/portable/raspberrypi/rp2040/dcd_rp2040.c.obj
                0x100043c0                dcd_init
 .text.dcd_int_enable
                0x1000444c        0x8 CMakeFiles/firmware.dir/C_/Users/User/.pico-sdk/sdk/2.1.1/lib/tinyusb/src/portable/raspberrypi/rp2040/dcd_rp2040.c.obj
                0x1000444c                dcd_int_enable
 .text.dcd_set_address
                0x10004454       0x10 CMakeFiles/firmware.dir/C_/Users/User/.pico-sdk/sdk/2.1.1/lib/tinyusb/src/portable/raspberrypi/rp2040/dcd_rp2040.c.obj
                0x10004454                dcd_set_address
 .text.dcd_sof_enable
                0x10004464       0x1c CMakeFiles/firmware.dir/C_/Users/User/.pico-sdk/sdk/2.1.1/lib/tinyusb/src/portable/raspberrypi/rp2040/dcd_rp2040.c.obj
                0x10004464                dcd_sof_enable
 .text.dcd_edpt0_status_complete
                0x10004480       0x1c CMakeFiles/firmware.dir/C_/Users/User/.pico-sdk/sdk/2.1.1/lib/tinyusb/src/portable/raspberrypi/rp2040/dcd_rp2040.c.obj
                0x10004480                dcd_edpt0_status_complete
 .text.dcd_edpt_open
                0x1000449c      0x104 CMakeFiles/firmware.dir/C_/Users/User/.pico-sdk/sdk/2.1.1/lib/tinyusb/src/portable/raspberrypi/rp2040/dcd_rp2040.c.obj
                0x1000449c                dcd_edpt_open
 .text.dcd_edpt_close_all
                0x100045a0        0x4 CMakeFiles/firmware.dir/C_/Users/User/.pico-sdk/sdk/2.1.1/lib/tinyusb/src/portable/raspberrypi/rp2040/dcd_rp2040.c.obj
                0x100045a0                dcd_edpt_close_all
 .text.dcd_edpt_xfer
                0x100045a4       0x28 CMakeFiles/firmware.dir/C_/Users/User/.pico-sdk/sdk/2.1.1/lib/tinyusb/src/portable/raspberrypi/rp2040/dcd_rp2040.c.obj
                0x100045a4                dcd_edpt_xfer
 .text.dcd_edpt_stall
                0x100045cc       0x30 CMakeFiles/firmware.dir/C_/Users/User/.pico-sdk/sdk/2.1.1/lib/tinyusb/src/portable/raspberrypi/rp2040/dcd_rp2040.c.obj
                0x100045cc                dcd_edpt_stall
 .text.dcd_edpt_clear_stall
                0x100045fc       0x24 CMakeFiles/firmware.dir/C_/Users/User/.pico-sdk/sdk/2.1.1/lib/tinyusb/src/portable/raspberrypi/rp2040/dcd_rp2040.c.obj
                0x100045fc                dcd_edpt_clear_stall
 .text.rp2040_usb_init
                0x10004620       0x40 CMakeFiles/firmware.dir/C_/Users/User/.pico-sdk/sdk/2.1.1/lib/tinyusb/src/portable/raspberrypi/rp2040/rp2040_usb.c.obj
                0x10004620                rp2040_usb_init
 .text.hw_endpoint_xfer_start
                0x10004660       0x40 CMakeFiles/firmware.dir/C_/Users/User/.pico-sdk/sdk/2.1.1/lib/tinyusb/src/portable/raspberrypi/rp2040/rp2040_usb.c.obj
                0x10004660                hw_endpoint_xfer_start
 .text.configuration_reset
                0x100046a0       0x8c CMakeFiles/firmware.dir/C_/Users/User/.pico-sdk/sdk/2.1.1/lib/tinyusb/src/device/usbd.c.obj
 .text.tud_event_hook_cb
                0x1000472c        0x4 CMakeFiles/firmware.dir/C_/Users/User/.pico-sdk/sdk/2.1.1/lib/tinyusb/src/device/usbd.c.obj
                0x1000472c                tud_event_hook_cb
 .text.tud_sof_cb
                0x10004730        0x4 CMakeFiles/firmware.dir/C_/Users/User/.pico-sdk/sdk/2.1.1/lib/tinyusb/src/device/usbd.c.obj
                0x10004730                tud_sof_cb
 .text.tud_descriptor_device_qualifier_cb
                0x10004734        0x4 CMakeFiles/firmware.dir/C_/Users/User/.pico-sdk/sdk/2.1.1/lib/tinyusb/src/device/usbd.c.obj
                0x10004734                tud_descriptor_device_qualifier_cb
 .text.tud_descriptor_other_speed_configuration_cb
                0x10004738        0x4 CMakeFiles/firmware.dir/C_/Users/User/.pico-sdk/sdk/2.1.1/lib/tinyusb/src/device/usbd.c.obj
                0x10004738                tud_descriptor_other_speed_configuration_cb
 .text.tud_mount_cb
                0x1000473c        0x4 CMakeFiles/firmware.dir/C_/Users/User/.pico-sdk/sdk/2.1.1/lib/tinyusb/src/device/usbd.c.obj
                0x1000473c                tud_mount_cb
 .text.tud_umount_cb
                0x10004740        0x4 CMakeFiles/firmware.dir/C_/Users/User/.pico-sdk/sdk/2.1.1/lib/tinyusb/src/device/usbd.c.obj
                0x10004740                tud_umount_cb
 .text.tud_suspend_cb
                0x10004744        0x4 CMakeFiles/firmware.dir/C_/Users/User/.pico-sdk/sdk/2.1.1/lib/tinyusb/src/device/usbd.c.obj
                0x10004744                tud_suspend_cb
 .text.tud_resume_cb
                0x10004748        0x4 CMakeFiles/firmware.dir/C_/Users/User/.pico-sdk/sdk/2.1.1/lib/tinyusb/src/device/usbd.c.obj
                0x10004748                tud_resume_cb
 .text.tud_mounted
                0x1000474c       0x10 CMakeFiles/firmware.dir/C_/Users/User/.pico-sdk/sdk/2.1.1/lib/tinyusb/src/device/usbd.c.obj
                0x1000474c                tud_mounted
 .text.tud_suspended
                0x1000475c       0x10 CMakeFiles/firmware.dir/C_/Users/User/.pico-sdk/sdk/2.1.1/lib/tinyusb/src/device/usbd.c.obj
                0x1000475c                tud_suspended
 .text.tud_rhport_init
                0x1000476c       0xf4 CMakeFiles/firmware.dir/C_/Users/User/.pico-sdk/sdk/2.1.1/lib/tinyusb/src/device/usbd.c.obj
                0x1000476c                tud_rhport_init
 .text.tud_task_ext
                0x10004860      0x784 CMakeFiles/firmware.dir/C_/Users/User/.pico-sdk/sdk/2.1.1/lib/tinyusb/src/device/usbd.c.obj
                0x10004860                tud_task_ext
 .text.usbd_open_edpt_pair
                0x10004fe4       0x9c CMakeFiles/firmware.dir/C_/Users/User/.pico-sdk/sdk/2.1.1/lib/tinyusb/src/device/usbd.c.obj
                0x10004fe4                usbd_open_edpt_pair
 .text.usbd_edpt_open
                0x10005080       0x44 CMakeFiles/firmware.dir/C_/Users/User/.pico-sdk/sdk/2.1.1/lib/tinyusb/src/device/usbd.c.obj
                0x10005080                usbd_edpt_open
 .text.usbd_edpt_claim
                0x100050c4       0x24 CMakeFiles/firmware.dir/C_/Users/User/.pico-sdk/sdk/2.1.1/lib/tinyusb/src/device/usbd.c.obj
                0x100050c4                usbd_edpt_claim
 .text.usbd_edpt_release
                0x100050e8       0x24 CMakeFiles/firmware.dir/C_/Users/User/.pico-sdk/sdk/2.1.1/lib/tinyusb/src/device/usbd.c.obj
                0x100050e8                usbd_edpt_release
 .text.usbd_edpt_xfer
                0x1000510c       0x70 CMakeFiles/firmware.dir/C_/Users/User/.pico-sdk/sdk/2.1.1/lib/tinyusb/src/device/usbd.c.obj
                0x1000510c                usbd_edpt_xfer
 .text.tud_control_status
                0x1000517c       0x34 CMakeFiles/firmware.dir/C_/Users/User/.pico-sdk/sdk/2.1.1/lib/tinyusb/src/device/usbd_control.c.obj
                0x1000517c                tud_control_status
 .text.tud_control_xfer
                0x100051b0       0xb0 CMakeFiles/firmware.dir/C_/Users/User/.pico-sdk/sdk/2.1.1/lib/tinyusb/src/device/usbd_control.c.obj
                0x100051b0                tud_control_xfer
 .text.usbd_control_reset
                0x10005260       0x14 CMakeFiles/firmware.dir/C_/Users/User/.pico-sdk/sdk/2.1.1/lib/tinyusb/src/device/usbd_control.c.obj
                0x10005260                usbd_control_reset
 .text.usbd_control_set_complete_callback
                0x10005274        0xc CMakeFiles/firmware.dir/C_/Users/User/.pico-sdk/sdk/2.1.1/lib/tinyusb/src/device/usbd_control.c.obj
                0x10005274                usbd_control_set_complete_callback
 .text.usbd_control_set_request
                0x10005280       0x1c CMakeFiles/firmware.dir/C_/Users/User/.pico-sdk/sdk/2.1.1/lib/tinyusb/src/device/usbd_control.c.obj
                0x10005280                usbd_control_set_request
 .text.usbd_control_xfer_cb
                0x1000529c      0x100 CMakeFiles/firmware.dir/C_/Users/User/.pico-sdk/sdk/2.1.1/lib/tinyusb/src/device/usbd_control.c.obj
                0x1000529c                usbd_control_xfer_cb
 .text._prep_out_transaction.isra.0
                0x1000539c       0x74 CMakeFiles/firmware.dir/C_/Users/User/.pico-sdk/sdk/2.1.1/lib/tinyusb/src/class/cdc/cdc_device.c.obj
 .text.tud_cdc_n_connected
                0x10005410       0x2c CMakeFiles/firmware.dir/C_/Users/User/.pico-sdk/sdk/2.1.1/lib/tinyusb/src/class/cdc/cdc_device.c.obj
                0x10005410                tud_cdc_n_connected
 .text.tud_cdc_n_available
                0x1000543c       0x14 CMakeFiles/firmware.dir/C_/Users/User/.pico-sdk/sdk/2.1.1/lib/tinyusb/src/class/cdc/cdc_device.c.obj
                0x1000543c                tud_cdc_n_available
 .text.tud_cdc_n_read
                0x10005450       0x90 CMakeFiles/firmware.dir/C_/Users/User/.pico-sdk/sdk/2.1.1/lib/tinyusb/src/class/cdc/cdc_device.c.obj
                0x10005450                tud_cdc_n_read
 .text.tud_cdc_n_write_flush
                0x100054e0       0x8c CMakeFiles/firmware.dir/C_/Users/User/.pico-sdk/sdk/2.1.1/lib/tinyusb/src/class/cdc/cdc_device.c.obj
                0x100054e0                tud_cdc_n_write_flush
 .text.tud_cdc_n_write
                0x1000556c       0x40 CMakeFiles/firmware.dir/C_/Users/User/.pico-sdk/sdk/2.1.1/lib/tinyusb/src/class/cdc/cdc_device.c.obj
                0x1000556c                tud_cdc_n_write
 .text.tud_cdc_n_write_available
                0x100055ac       0x14 CMakeFiles/firmware.dir/C_/Users/User/.pico-sdk/sdk/2.1.1/lib/tinyusb/src/class/cdc/cdc_device.c.obj
                0x100055ac                tud_cdc_n_write_available
 .text.cdcd_init
                0x100055c0       0x70 CMakeFiles/firmware.dir/C_/Users/User/.pico-sdk/sdk/2.1.1/lib/tinyusb/src/class/cdc/cdc_device.c.obj
                0x100055c0                cdcd_init
 .text.cdcd_deinit
                0x10005630       0x30 CMakeFiles/firmware.dir/C_/Users/User/.pico-sdk/sdk/2.1.1/lib/tinyusb/src/class/cdc/cdc_device.c.obj
                0x10005630                cdcd_deinit
 .text.cdcd_reset
                0x10005660       0x4c CMakeFiles/firmware.dir/C_/Users/User/.pico-sdk/sdk/2.1.1/lib/tinyusb/src/class/cdc/cdc_device.c.obj
                0x10005660                cdcd_reset
 .text.cdcd_open
                0x100056ac       0xc0 CMakeFiles/firmware.dir/C_/Users/User/.pico-sdk/sdk/2.1.1/lib/tinyusb/src/class/cdc/cdc_device.c.obj
                0x100056ac                cdcd_open
 .text.cdcd_control_xfer_cb
                0x1000576c       0xc0 CMakeFiles/firmware.dir/C_/Users/User/.pico-sdk/sdk/2.1.1/lib/tinyusb/src/class/cdc/cdc_device.c.obj
                0x1000576c                cdcd_control_xfer_cb
 .text.cdcd_xfer_cb
                0x1000582c       0xf8 CMakeFiles/firmware.dir/C_/Users/User/.pico-sdk/sdk/2.1.1/lib/tinyusb/src/class/cdc/cdc_device.c.obj
                0x1000582c                cdcd_xfer_cb
 .text.vendord_init
                0x10005924       0x5c CMakeFiles/firmware.dir/C_/Users/User/.pico-sdk/sdk/2.1.1/lib/tinyusb/src/class/vendor/vendor_device.c.obj
                0x10005924                vendord_init
 .text.vendord_deinit
                0x10005980       0x1c CMakeFiles/firmware.dir/C_/Users/User/.pico-sdk/sdk/2.1.1/lib/tinyusb/src/class/vendor/vendor_device.c.obj
                0x10005980                vendord_deinit
 .text.vendord_reset
                0x1000599c       0x24 CMakeFiles/firmware.dir/C_/Users/User/.pico-sdk/sdk/2.1.1/lib/tinyusb/src/class/vendor/vendor_device.c.obj
                0x1000599c                vendord_reset
 .text.vendord_open
                0x100059c0       0xf4 CMakeFiles/firmware.dir/C_/Users/User/.pico-sdk/sdk/2.1.1/lib/tinyusb/src/class/vendor/vendor_device.c.obj
                0x100059c0                vendord_open
 .text.vendord_xfer_cb
                0x10005ab4       0x88 CMakeFiles/firmware.dir/C_/Users/User/.pico-sdk/sdk/2.1.1/lib/tinyusb/src/class/vendor/vendor_device.c.obj
                0x10005ab4                vendord_xfer_cb
 .text.tusb_rhport_init
                0x10005b3c       0x64 CMakeFiles/firmware.dir/C_/Users/User/.pico-sdk/sdk/2.1.1/lib/tinyusb/src/tusb.c.obj
                0x10005b3c                tusb_rhport_init
 .text.tu_edpt_claim
                0x10005ba0       0x54 CMakeFiles/firmware.dir/C_/Users/User/.pico-sdk/sdk/2.1.1/lib/tinyusb/src/tusb.c.obj
                0x10005ba0                tu_edpt_claim
 .text.tu_edpt_release
                0x10005bf4       0x38 CMakeFiles/firmware.dir/C_/Users/User/.pico-sdk/sdk/2.1.1/lib/tinyusb/src/tusb.c.obj
                0x10005bf4                tu_edpt_release
 .text.tu_edpt_validate
                0x10005c2c       0x60 CMakeFiles/firmware.dir/C_/Users/User/.pico-sdk/sdk/2.1.1/lib/tinyusb/src/tusb.c.obj
                0x10005c2c                tu_edpt_validate
 .text.tu_edpt_bind_driver
                0x10005c8c       0x58 CMakeFiles/firmware.dir/C_/Users/User/.pico-sdk/sdk/2.1.1/lib/tinyusb/src/tusb.c.obj
                0x10005c8c                tu_edpt_bind_driver
 .text.tu_edpt_stream_init
                0x10005ce4       0x58 CMakeFiles/firmware.dir/C_/Users/User/.pico-sdk/sdk/2.1.1/lib/tinyusb/src/tusb.c.obj
                0x10005ce4                tu_edpt_stream_init
 .text.tu_edpt_stream_deinit
                0x10005d3c        0x4 CMakeFiles/firmware.dir/C_/Users/User/.pico-sdk/sdk/2.1.1/lib/tinyusb/src/tusb.c.obj
                0x10005d3c                tu_edpt_stream_deinit
 .text.tu_edpt_stream_write_zlp_if_needed
                0x10005d40       0x68 CMakeFiles/firmware.dir/C_/Users/User/.pico-sdk/sdk/2.1.1/lib/tinyusb/src/tusb.c.obj
                0x10005d40                tu_edpt_stream_write_zlp_if_needed
 .text.tu_edpt_stream_write_xfer
                0x10005da8       0x70 CMakeFiles/firmware.dir/C_/Users/User/.pico-sdk/sdk/2.1.1/lib/tinyusb/src/tusb.c.obj
                0x10005da8                tu_edpt_stream_write_xfer
 .text.tu_edpt_stream_read_xfer
                0x10005e18       0xc8 CMakeFiles/firmware.dir/C_/Users/User/.pico-sdk/sdk/2.1.1/lib/tinyusb/src/tusb.c.obj
                0x10005e18                tu_edpt_stream_read_xfer
 .text.tu_fifo_config
                0x10005ee0       0x60 CMakeFiles/firmware.dir/C_/Users/User/.pico-sdk/sdk/2.1.1/lib/tinyusb/src/common/tusb_fifo.c.obj
                0x10005ee0                tu_fifo_config
 .text.tu_fifo_count
                0x10005f40       0x20 CMakeFiles/firmware.dir/C_/Users/User/.pico-sdk/sdk/2.1.1/lib/tinyusb/src/common/tusb_fifo.c.obj
                0x10005f40                tu_fifo_count
 .text.tu_fifo_empty
                0x10005f60       0x14 CMakeFiles/firmware.dir/C_/Users/User/.pico-sdk/sdk/2.1.1/lib/tinyusb/src/common/tusb_fifo.c.obj
                0x10005f60                tu_fifo_empty
 .text.tu_fifo_remaining
                0x10005f74       0x24 CMakeFiles/firmware.dir/C_/Users/User/.pico-sdk/sdk/2.1.1/lib/tinyusb/src/common/tusb_fifo.c.obj
                0x10005f74                tu_fifo_remaining
 .text.tu_fifo_read
                0x10005f98       0x94 CMakeFiles/firmware.dir/C_/Users/User/.pico-sdk/sdk/2.1.1/lib/tinyusb/src/common/tusb_fifo.c.obj
                0x10005f98                tu_fifo_read
 .text.tu_fifo_read_n
                0x1000602c       0xd8 CMakeFiles/firmware.dir/C_/Users/User/.pico-sdk/sdk/2.1.1/lib/tinyusb/src/common/tusb_fifo.c.obj
                0x1000602c                tu_fifo_read_n
 .text.tu_fifo_write
                0x10006104       0xa4 CMakeFiles/firmware.dir/C_/Users/User/.pico-sdk/sdk/2.1.1/lib/tinyusb/src/common/tusb_fifo.c.obj
                0x10006104                tu_fifo_write
 .text.tu_fifo_write_n
                0x100061a8      0x15c CMakeFiles/firmware.dir/C_/Users/User/.pico-sdk/sdk/2.1.1/lib/tinyusb/src/common/tusb_fifo.c.obj
                0x100061a8                tu_fifo_write_n
 .text.tu_fifo_clear
                0x10006304       0x38 CMakeFiles/firmware.dir/C_/Users/User/.pico-sdk/sdk/2.1.1/lib/tinyusb/src/common/tusb_fifo.c.obj
                0x10006304                tu_fifo_clear
 .text.tu_fifo_set_overwritable
                0x1000633c       0x3c CMakeFiles/firmware.dir/C_/Users/User/.pico-sdk/sdk/2.1.1/lib/tinyusb/src/common/tusb_fifo.c.obj
                0x1000633c                tu_fifo_set_overwritable
 .text.exception_set_exclusive_handler
                0x10006378       0x4c CMakeFiles/firmware.dir/C_/Users/User/.pico-sdk/sdk/2.1.1/src/rp2_common/hardware_exception/exception.c.obj
                0x10006378                exception_set_exclusive_handler
 .text.i2c_read_blocking_internal.constprop.0
                0x100063c4       0x70 CMakeFiles/firmware.dir/C_/Users/User/.pico-sdk/sdk/2.1.1/src/rp2_common/hardware_i2c/i2c.c.obj
 .text.i2c_write_blocking_internal.constprop.0
                0x10006434       0x9c CMakeFiles/firmware.dir/C_/Users/User/.pico-sdk/sdk/2.1.1/src/rp2_common/hardware_i2c/i2c.c.obj
 .text.i2c_set_baudrate
                0x100064d0       0xa4 CMakeFiles/firmware.dir/C_/Users/User/.pico-sdk/sdk/2.1.1/src/rp2_common/hardware_i2c/i2c.c.obj
                0x100064d0                i2c_set_baudrate
 .text.i2c_init
                0x10006574       0x4c CMakeFiles/firmware.dir/C_/Users/User/.pico-sdk/sdk/2.1.1/src/rp2_common/hardware_i2c/i2c.c.obj
                0x10006574                i2c_init
 .text.i2c_write_blocking
                0x100065c0       0x10 CMakeFiles/firmware.dir/C_/Users/User/.pico-sdk/sdk/2.1.1/src/rp2_common/hardware_i2c/i2c.c.obj
                0x100065c0                i2c_write_blocking
 .text.i2c_read_blocking
                0x100065d0       0x10 CMakeFiles/firmware.dir/C_/Users/User/.pico-sdk/sdk/2.1.1/src/rp2_common/hardware_i2c/i2c.c.obj
                0x100065d0                i2c_read_blocking
 .text.prvCopyDataToQueue
                0x100065e0       0x78 freertos/libfreertos.a(queue.c.obj)
 .text.xQueueGenericCreate
                0x10006658       0x78 freertos/libfreertos.a(queue.c.obj)
                0x10006658                xQueueGenericCreate
 .text.xQueueGenericSend
                0x100066d0      0x280 freertos/libfreertos.a(queue.c.obj)
                0x100066d0                xQueueGenericSend
 .text.xQueueCreateMutex
                0x10006950       0x68 freertos/libfreertos.a(queue.c.obj)
                0x10006950                xQueueCreateMutex
 .text.xQueueGenericSendFromISR
                0x100069b8       0x88 freertos/libfreertos.a(queue.c.obj)
                0x100069b8                xQueueGenericSendFromISR
 .text.xQueueReceive
                0x10006a40      0x288 freertos/libfreertos.a(queue.c.obj)
                0x10006a40                xQueueReceive
 .text.xQueueSemaphoreTake
                0x10006cc8      0x2c0 freertos/libfreertos.a(queue.c.obj)
                0x10006cc8                xQueueSemaphoreTake
 .text.vQueueAddToRegistry
                0x10006f88      0x180 freertos/libfreertos.a(queue.c.obj)
                0x10006f88                vQueueAddToRegistry
 .text.vQueueWaitForMessageRestricted
                0x10007108       0xc8 freertos/libfreertos.a(queue.c.obj)
                0x10007108                vQueueWaitForMessageRestricted
 .text.prvAddNewTaskToReadyList
                0x100071d0      0x118 freertos/libfreertos.a(tasks.c.obj)
 .text.prvIdleTask
                0x100072e8       0x5c freertos/libfreertos.a(tasks.c.obj)
 .text.xTaskIncrementTick.part.0
                0x10007344      0x15c freertos/libfreertos.a(tasks.c.obj)
 .text.xTaskCreate
                0x100074a0      0x104 freertos/libfreertos.a(tasks.c.obj)
                0x100074a0                xTaskCreate
 .text.vTaskStartScheduler
                0x100075a4       0xc0 freertos/libfreertos.a(tasks.c.obj)
                0x100075a4                vTaskStartScheduler
 .text.vTaskSuspendAll
                0x10007664       0x10 freertos/libfreertos.a(tasks.c.obj)
                0x10007664                vTaskSuspendAll
 .text.xTaskResumeAll
                0x10007674      0x180 freertos/libfreertos.a(tasks.c.obj)
                0x10007674                xTaskResumeAll
 .text.vTaskDelay
                0x100077f4       0x84 freertos/libfreertos.a(tasks.c.obj)
                0x100077f4                vTaskDelay
 .text.xTaskGetTickCount
                0x10007878        0xc freertos/libfreertos.a(tasks.c.obj)
                0x10007878                xTaskGetTickCount
 .text.uxTaskGetNumberOfTasks
                0x10007884        0xc freertos/libfreertos.a(tasks.c.obj)
                0x10007884                uxTaskGetNumberOfTasks
 .text.xTaskIncrementTick
                0x10007890       0x20 freertos/libfreertos.a(tasks.c.obj)
                0x10007890                xTaskIncrementTick
 .text.vTaskSwitchContext
                0x100078b0       0xa4 freertos/libfreertos.a(tasks.c.obj)
                0x100078b0                vTaskSwitchContext
 .text.vTaskPlaceOnEventList
                0x10007954       0x98 freertos/libfreertos.a(tasks.c.obj)
                0x10007954                vTaskPlaceOnEventList
 .text.vTaskPlaceOnEventListRestricted
                0x100079ec       0xcc freertos/libfreertos.a(tasks.c.obj)
                0x100079ec                vTaskPlaceOnEventListRestricted
 .text.xTaskRemoveFromEventList
                0x10007ab8       0xd0 freertos/libfreertos.a(tasks.c.obj)
                0x10007ab8                xTaskRemoveFromEventList
 .text.vTaskInternalSetTimeOutState
                0x10007b88       0x18 freertos/libfreertos.a(tasks.c.obj)
                0x10007b88                vTaskInternalSetTimeOutState
 .text.xTaskCheckForTimeOut
                0x10007ba0       0x60 freertos/libfreertos.a(tasks.c.obj)
                0x10007ba0                xTaskCheckForTimeOut
 .text.vTaskMissedYield
                0x10007c00        0xc freertos/libfreertos.a(tasks.c.obj)
                0x10007c00                vTaskMissedYield
 .text.xTaskPriorityInherit
                0x10007c0c       0x90 freertos/libfreertos.a(tasks.c.obj)
                0x10007c0c                xTaskPriorityInherit
 .text.xTaskPriorityDisinherit
                0x10007c9c       0x6c freertos/libfreertos.a(tasks.c.obj)
                0x10007c9c                xTaskPriorityDisinherit
 .text.vTaskPriorityDisinheritAfterTimeout
                0x10007d08       0x78 freertos/libfreertos.a(tasks.c.obj)
                0x10007d08                vTaskPriorityDisinheritAfterTimeout
 .text.pvTaskIncrementMutexHeldCount
                0x10007d80       0x14 freertos/libfreertos.a(tasks.c.obj)
                0x10007d80                pvTaskIncrementMutexHeldCount
 .text.prvTimerTask
                0x10007d94      0x350 freertos/libfreertos.a(timers.c.obj)
 .text.xTimerCreateTimerTask
                0x100080e4       0x84 freertos/libfreertos.a(timers.c.obj)
                0x100080e4                xTimerCreateTimerTask
 .text.pvPortMalloc
                0x10008168       0x18 freertos/libfreertos.a(heap_3.c.obj)
                0x10008168                pvPortMalloc
 .text.vPortFree
                0x10008180       0x1c freertos/libfreertos.a(heap_3.c.obj)
                0x10008180                vPortFree
 .text.prvTaskExitError
                0x1000819c       0x18 freertos/libfreertos.a(port.c.obj)
 .text.isr_systick
                0x100081b4       0x24 freertos/libfreertos.a(port.c.obj)
                0x100081b4                isr_systick
 .text.vPortSetupTimerInterrupt
                0x100081d8       0x2c freertos/libfreertos.a(port.c.obj)
                0x100081d8                vPortSetupTimerInterrupt
 .text.vPortYield
                0x10008204       0x18 freertos/libfreertos.a(port.c.obj)
                0x10008204                vPortYield
 .text.vPortEnterCritical
                0x1000821c       0x1c freertos/libfreertos.a(port.c.obj)
                0x1000821c                vPortEnterCritical
 .text.vPortExitCritical
                0x10008238       0x18 freertos/libfreertos.a(port.c.obj)
                0x10008238                vPortExitCritical
 .text.vPortSVCHandler_C
                0x10008250       0x2c freertos/libfreertos.a(port.c.obj)
                0x10008250                vPortSVCHandler_C
 .text.pxPortInitialiseStack
                0x1000827c       0x78 freertos/libfreertos.a(port.c.obj)
                0x1000827c                pxPortInitialiseStack
 .text.xPortStartScheduler
                0x100082f4       0xdc freertos/libfreertos.a(port.c.obj)
                0x100082f4                xPortStartScheduler
 .text.vPortValidateInterruptPriority
                0x100083d0       0x14 freertos/libfreertos.a(port.c.obj)
                0x100083d0                vPortValidateInterruptPriority
 .text.startup.prvRuntimeInitializer
                0x100083e4       0x24 freertos/libfreertos.a(port.c.obj)
 .text.vRestoreContextOfFirstTask
                0x10008408       0x2c freertos/libfreertos.a(portasm.c.obj)
                0x10008408                vRestoreContextOfFirstTask
 .text.vStartFirstTask
                0x10008434       0x10 freertos/libfreertos.a(portasm.c.obj)
                0x10008434                vStartFirstTask
 .text.ulSetInterruptMask
                0x10008444       0x18 freertos/libfreertos.a(portasm.c.obj)
                0x10008444                ulSetInterruptMask
 .text.vClearInterruptMask
                0x1000845c       0x10 freertos/libfreertos.a(portasm.c.obj)
                0x1000845c                vClearInterruptMask
 .text.isr_pendsv
                0x1000846c       0x80 freertos/libfreertos.a(portasm.c.obj)
                0x1000846c                isr_pendsv
 .text.isr_svcall
                0x100084ec       0x18 freertos/libfreertos.a(portasm.c.obj)
                0x100084ec                isr_svcall
 .text.xEventGroupCreate
                0x10008504       0x1c freertos/libfreertos.a(event_groups.c.obj)
                0x10008504                xEventGroupCreate
 .text.vListInitialise
                0x10008520       0x18 freertos/libfreertos.a(list.c.obj)
                0x10008520                vListInitialise
 .text.vListInitialiseItem
                0x10008538        0x8 freertos/libfreertos.a(list.c.obj)
                0x10008538                vListInitialiseItem
 .text.vListInsert
                0x10008540       0x30 freertos/libfreertos.a(list.c.obj)
                0x10008540                vListInsert
 .text.uxListRemove
                0x10008570       0x28 freertos/libfreertos.a(list.c.obj)
                0x10008570                uxListRemove
 .text.lcd_send_byte
                0x10008598      0x100 lcd/liblcd.a(lcd.c.obj)
 .text.lcd_clear
                0x10008698        0x8 lcd/liblcd.a(lcd.c.obj)
                0x10008698                lcd_clear
 .text.lcd_set_cursor
                0x100086a0       0x30 lcd/liblcd.a(lcd.c.obj)
                0x100086a0                lcd_set_cursor
 .text.lcd_string
                0x100086d0       0x18 lcd/liblcd.a(lcd.c.obj)
                0x100086d0                lcd_string
 .text.lcd_init
                0x100086e8       0x5c lcd/liblcd.a(lcd.c.obj)
                0x100086e8                lcd_init
 .text.bmp280_init
                0x10008744       0x3c bmp280/libbmp280.a(bmp280.c.obj)
                0x10008744                bmp280_init
 .text.bmp280_get_calib_params
                0x10008780       0x68 bmp280/libbmp280.a(bmp280.c.obj)
                0x10008780                bmp280_get_calib_params
 .text.bmp280_read_raw
                0x100087e8       0x6c bmp280/libbmp280.a(bmp280.c.obj)
                0x100087e8                bmp280_read_raw
 .text.bmp280_convert_temp
                0x10008854       0x48 bmp280/libbmp280.a(bmp280.c.obj)
                0x10008854                bmp280_convert_temp
 .text.bmp280_convert_pressure
                0x1000889c       0xdc bmp280/libbmp280.a(bmp280.c.obj)
                0x1000889c                bmp280_convert_pressure
 .text.malloc   0x10008978       0x10 C:/Users/User/.pico-sdk/toolchain/14_2_Rel1/bin/../lib/gcc/arm-none-eabi/14.2.1/thumb/v8-m.main+fp/softfp\libg.a(libc_a-malloc.o)
                0x10008978                malloc
 .text.free     0x10008988       0x10 C:/Users/User/.pico-sdk/toolchain/14_2_Rel1/bin/../lib/gcc/arm-none-eabi/14.2.1/thumb/v8-m.main+fp/softfp\libg.a(libc_a-malloc.o)
                0x10008988                free
 .text._malloc_r
                0x10008998      0x578 C:/Users/User/.pico-sdk/toolchain/14_2_Rel1/bin/../lib/gcc/arm-none-eabi/14.2.1/thumb/v8-m.main+fp/softfp\libg.a(libc_a-mallocr.o)
                0x10008998                _malloc_r
 .text.__malloc_lock
                0x10008f10        0xc C:/Users/User/.pico-sdk/toolchain/14_2_Rel1/bin/../lib/gcc/arm-none-eabi/14.2.1/thumb/v8-m.main+fp/softfp\libg.a(libc_a-mlock.o)
                0x10008f10                __malloc_lock
 .text.__malloc_unlock
                0x10008f1c        0xc C:/Users/User/.pico-sdk/toolchain/14_2_Rel1/bin/../lib/gcc/arm-none-eabi/14.2.1/thumb/v8-m.main+fp/softfp\libg.a(libc_a-mlock.o)
                0x10008f1c                __malloc_unlock
 .text.memset   0x10008f28       0x9c C:/Users/User/.pico-sdk/toolchain/14_2_Rel1/bin/../lib/gcc/arm-none-eabi/14.2.1/thumb/v8-m.main+fp/softfp\libg.a(libc_a-memset.o)
                0x10008f28                memset
 .text._sbrk_r  0x10008fc4       0x24 C:/Users/User/.pico-sdk/toolchain/14_2_Rel1/bin/../lib/gcc/arm-none-eabi/14.2.1/thumb/v8-m.main+fp/softfp\libg.a(libc_a-sbrkr.o)
                0x10008fc4                _sbrk_r
 .text.__errno  0x10008fe8        0xc C:/Users/User/.pico-sdk/toolchain/14_2_Rel1/bin/../lib/gcc/arm-none-eabi/14.2.1/thumb/v8-m.main+fp/softfp\libg.a(libc_a-errno.o)
                0x10008fe8                __errno
 .text.__retarget_lock_acquire_recursive
                0x10008ff4        0x4 C:/Users/User/.pico-sdk/toolchain/14_2_Rel1/bin/../lib/gcc/arm-none-eabi/14.2.1/thumb/v8-m.main+fp/softfp\libg.a(libc_a-lock.o)
                0x10008ff4                __retarget_lock_acquire_recursive
 .text.__retarget_lock_release_recursive
                0x10008ff8        0x4 C:/Users/User/.pico-sdk/toolchain/14_2_Rel1/bin/../lib/gcc/arm-none-eabi/14.2.1/thumb/v8-m.main+fp/softfp\libg.a(libc_a-lock.o)
                0x10008ff8                __retarget_lock_release_recursive
 .text.sysconf  0x10008ffc       0x1c C:/Users/User/.pico-sdk/toolchain/14_2_Rel1/bin/../lib/gcc/arm-none-eabi/14.2.1/thumb/v8-m.main+fp/softfp\libg.a(libc_a-sysconf.o)
                0x10008ffc                sysconf
 .text          0x10009018       0xec C:/Users/User/.pico-sdk/toolchain/14_2_Rel1/bin/../lib/gcc/arm-none-eabi/14.2.1/thumb/v8-m.main+fp/softfp\libg.a(libc_a-memcpy.o)
                0x10009018                memcpy
 .text.strlen   0x10009104       0x5c C:/Users/User/.pico-sdk/toolchain/14_2_Rel1/bin/../lib/gcc/arm-none-eabi/14.2.1/thumb/v8-m.main+fp/softfp\libg.a(libc_a-strlen-stub.o)
                0x10009104                strlen
 .text._malloc_trim_r
                0x10009160       0xb8 C:/Users/User/.pico-sdk/toolchain/14_2_Rel1/bin/../lib/gcc/arm-none-eabi/14.2.1/thumb/v8-m.main+fp/softfp\libg.a(libc_a-freer.o)
                0x10009160                _malloc_trim_r
 .text._free_r  0x10009218      0x1e8 C:/Users/User/.pico-sdk/toolchain/14_2_Rel1/bin/../lib/gcc/arm-none-eabi/14.2.1/thumb/v8-m.main+fp/softfp\libg.a(libc_a-freer.o)
                0x10009218                _free_r
 *(.fini)
 .fini          0x10009400        0x4 C:/Users/User/.pico-sdk/toolchain/14_2_Rel1/bin/../lib/gcc/arm-none-eabi/14.2.1/thumb/v8-m.main+fp/softfp/crti.o
                0x10009400                _fini
 *fill*         0x10009404        0x4 
 .fini.__stub   0x10009408       0x58 linker stubs
 *crtbegin.o(.ctors)
 *crtbegin?.o(.ctors)
 *(EXCLUDE_FILE(*crtend.o *crtend?.o) .ctors)
 *(SORT_BY_NAME(.ctors.*))
 *(.ctors)
 *crtbegin.o(.dtors)
 *crtbegin?.o(.dtors)
 *(EXCLUDE_FILE(*crtend.o *crtend?.o) .dtors)
 *(SORT_BY_NAME(.dtors.*))
 *(.dtors)
                0x10009460                        . = ALIGN (0x4)
                0x10009460                        PROVIDE (__preinit_array_start = .)
 *(SORT_BY_NAME(.preinit_array.*))
 .preinit_array.00050
                0x10009460        0x4 CMakeFiles/firmware.dir/C_/Users/User/.pico-sdk/sdk/2.1.1/src/rp2_common/pico_runtime_init/runtime_init.c.obj
                0x10009460                __pre_init_runtime_init_bootrom_reset
 .preinit_array.00100
                0x10009464        0x4 CMakeFiles/firmware.dir/C_/Users/User/.pico-sdk/sdk/2.1.1/src/rp2_common/pico_runtime_init/runtime_init.c.obj
                0x10009464                __pre_init_runtime_init_early_resets
 .preinit_array.00101
                0x10009468        0x4 CMakeFiles/firmware.dir/C_/Users/User/.pico-sdk/sdk/2.1.1/src/rp2_common/pico_runtime_init/runtime_init.c.obj
                0x10009468                __pre_init_runtime_init_usb_power_down
 .preinit_array.00500
                0x1000946c        0x4 CMakeFiles/firmware.dir/C_/Users/User/.pico-sdk/sdk/2.1.1/src/rp2_common/pico_runtime_init/runtime_init.c.obj
                0x1000946c                __pre_init_runtime_init_clocks
 .preinit_array.00600
                0x10009470        0x4 CMakeFiles/firmware.dir/C_/Users/User/.pico-sdk/sdk/2.1.1/src/rp2_common/pico_runtime_init/runtime_init.c.obj
                0x10009470                __pre_init_runtime_init_post_clock_resets
 .preinit_array.01000
                0x10009474        0x4 CMakeFiles/firmware.dir/C_/Users/User/.pico-sdk/sdk/2.1.1/src/rp2_common/hardware_boot_lock/boot_lock.c.obj
                0x10009474                __pre_init_runtime_init_boot_locks_reset
 .preinit_array.01000
                0x10009478        0x4 CMakeFiles/firmware.dir/C_/Users/User/.pico-sdk/sdk/2.1.1/src/rp2_common/pico_runtime_init/runtime_init.c.obj
                0x10009478                __pre_init_runtime_init_spin_locks_reset
 .preinit_array.01010
                0x1000947c        0x4 CMakeFiles/firmware.dir/C_/Users/User/.pico-sdk/sdk/2.1.1/src/rp2_common/pico_bootrom/bootrom_lock.c.obj
                0x1000947c                __pre_init_runtime_init_bootrom_locking_enable
 .preinit_array.01100
                0x10009480        0x4 CMakeFiles/firmware.dir/C_/Users/User/.pico-sdk/sdk/2.1.1/src/common/pico_sync/mutex.c.obj
                0x10009480                __pre_init_runtime_init_mutex
 .preinit_array.10080
                0x10009484        0x4 CMakeFiles/firmware.dir/C_/Users/User/.pico-sdk/sdk/2.1.1/src/rp2_common/pico_runtime_init/runtime_init.c.obj
                0x10009484                __pre_init_runtime_init_install_ram_vector_table
 .preinit_array.11000
                0x10009488        0x4 CMakeFiles/firmware.dir/C_/Users/User/.pico-sdk/sdk/2.1.1/src/common/pico_time/time.c.obj
                0x10009488                __pre_init_runtime_init_default_alarm_pool
 .preinit_array.YYYYY
                0x1000948c        0x4 CMakeFiles/firmware.dir/C_/Users/User/.pico-sdk/sdk/2.1.1/src/rp2_common/pico_runtime/runtime.c.obj
                0x1000948c                __pre_init_first_per_core_initializer
 .preinit_array.ZZZZZ.00051
                0x10009490        0x4 CMakeFiles/firmware.dir/C_/Users/User/.pico-sdk/sdk/2.1.1/src/rp2_common/pico_runtime_init/runtime_init.c.obj
                0x10009490                __pre_init_runtime_init_per_core_bootrom_reset
 .preinit_array.ZZZZZ.00200
                0x10009494        0x4 CMakeFiles/firmware.dir/C_/Users/User/.pico-sdk/sdk/2.1.1/src/rp2_common/pico_runtime_init/runtime_init.c.obj
                0x10009494                __pre_init_runtime_init_per_core_enable_coprocessors
 .preinit_array.ZZZZZ.01000
                0x10009498        0x4 CMakeFiles/firmware.dir/C_/Users/User/.pico-sdk/sdk/2.1.1/src/rp2_common/hardware_sync_spin_lock/sync_spin_lock.c.obj
                0x10009498                __pre_init_spinlock_set_extexclall
 .preinit_array.ZZZZZ.01200
                0x1000949c        0x4 CMakeFiles/firmware.dir/C_/Users/User/.pico-sdk/sdk/2.1.1/src/rp2_common/hardware_irq/irq.c.obj
                0x1000949c                __pre_init_runtime_init_per_core_irq_priorities
 *(.preinit_array)
                0x100094a0                        PROVIDE (__preinit_array_end = .)
                0x100094a0                        . = ALIGN (0x4)
                0x100094a0                        PROVIDE (__init_array_start = .)
 *(SORT_BY_NAME(.init_array.*))
 *(.init_array)
 .init_array    0x100094a0        0x4 C:/Users/User/.pico-sdk/toolchain/14_2_Rel1/bin/../lib/gcc/arm-none-eabi/14.2.1/thumb/v8-m.main+fp/softfp/crtbegin.o
 .init_array    0x100094a4        0x4 CMakeFiles/firmware.dir/C_/Users/User/.pico-sdk/sdk/2.1.1/src/rp2_common/pico_unique_id/unique_id.c.obj
 .init_array    0x100094a8        0x4 freertos/libfreertos.a(port.c.obj)
                0x100094ac                        PROVIDE (__init_array_end = .)
                0x100094ac                        . = ALIGN (0x4)
                [!provide]                        PROVIDE (__fini_array_start = .)
 *(SORT_BY_NAME(.fini_array.*))
 *(.fini_array)
                [!provide]                        PROVIDE (__fini_array_end = .)
 *(.eh_frame*)
 .eh_frame      0x100094ac        0x0 C:/Users/User/.pico-sdk/toolchain/14_2_Rel1/bin/../lib/gcc/arm-none-eabi/14.2.1/thumb/v8-m.main+fp/softfp/crtbegin.o
                0x100094ac                        . = ALIGN (0x4)

.glue_7         0x100094ac        0x0
 .glue_7        0x100094ac        0x0 linker stubs

.glue_7t        0x100094ac        0x0
 .glue_7t       0x100094ac        0x0 linker stubs

.vfp11_veneer   0x100094ac        0x0
 .vfp11_veneer  0x100094ac        0x0 linker stubs

.v4_bx          0x100094ac        0x0
 .v4_bx         0x100094ac        0x0 linker stubs

.iplt           0x100094ac        0x0
 .iplt          0x100094ac        0x0 C:/Users/User/.pico-sdk/toolchain/14_2_Rel1/bin/../lib/gcc/arm-none-eabi/14.2.1/thumb/v8-m.main+fp/softfp/crtbegin.o

.boot2          0x100094ac        0x0
                0x100094ac                        __boot2_start__ = .
 *(.boot2)
                0x100094ac                        __boot2_end__ = .
                0x00000001                        ASSERT (((__boot2_end__ - __boot2_start__) <= 0x100), ERROR: Pico second stage bootloader must be no more than 256 bytes in size)

.rodata         0x100094b0      0x4a8
 *(EXCLUDE_FILE(*libm.a: *libc.a:*lib_a-mem*.o *libgcc.a:) .rodata*)
 .rodata.IRQ_btn.str1.4
                0x100094b0      0x1fc CMakeFiles/firmware.dir/firmware.c.obj
                                 0x1f (size before relaxing)
 .rodata.temp_control_task.str1.4
                0x100096ac        0x5 CMakeFiles/firmware.dir/firmware.c.obj
 .rodata.bmp_sense_task.str1.4
                0x100096ac       0x15 CMakeFiles/firmware.dir/firmware.c.obj
 .rodata.main.str1.4
                0x100096ac       0x25 CMakeFiles/firmware.dir/firmware.c.obj
 .rodata        0x100096ac       0x26 CMakeFiles/firmware.dir/firmware.c.obj
 .rodata.panic.str1.4
                0x100096d2       0x12 CMakeFiles/firmware.dir/C_/Users/User/.pico-sdk/sdk/2.1.1/src/rp2_common/pico_platform_panic/panic.c.obj
 .rodata.spin_lock_claim_unused.str1.4
                0x100096d2       0x1b CMakeFiles/firmware.dir/C_/Users/User/.pico-sdk/sdk/2.1.1/src/rp2_common/hardware_sync/sync.c.obj
 .rodata.user_irq_claim_unused.str1.4
                0x100096d2       0x1b CMakeFiles/firmware.dir/C_/Users/User/.pico-sdk/sdk/2.1.1/src/rp2_common/hardware_irq/irq.c.obj
 .rodata.timer_hardware_alarm_claim.str1.4
                0x100096d2       0x22 CMakeFiles/firmware.dir/C_/Users/User/.pico-sdk/sdk/2.1.1/src/rp2_common/hardware_timer/timer.c.obj
 .rodata.hard_assertion_failure.str1.4
                0x100096d2        0xc CMakeFiles/firmware.dir/C_/Users/User/.pico-sdk/sdk/2.1.1/src/rp2_common/pico_runtime/runtime.c.obj
 .rodata.__wrap_malloc.str1.4
                0x100096d2        0xe CMakeFiles/firmware.dir/C_/Users/User/.pico-sdk/sdk/2.1.1/src/rp2_common/pico_malloc/malloc.c.obj
 .rodata.str1.4
                0x100096d2       0x44 CMakeFiles/firmware.dir/C_/Users/User/.pico-sdk/sdk/2.1.1/src/rp2_common/pico_standard_binary_info/standard_binary_info.c.obj
 *fill*         0x100096d2        0x2 
 .rodata.__bi_84
                0x100096d4        0xc CMakeFiles/firmware.dir/C_/Users/User/.pico-sdk/sdk/2.1.1/src/rp2_common/pico_standard_binary_info/standard_binary_info.c.obj
 .rodata.__bi_78
                0x100096e0        0xc CMakeFiles/firmware.dir/C_/Users/User/.pico-sdk/sdk/2.1.1/src/rp2_common/pico_standard_binary_info/standard_binary_info.c.obj
 .rodata.__bi_60
                0x100096ec        0xc CMakeFiles/firmware.dir/C_/Users/User/.pico-sdk/sdk/2.1.1/src/rp2_common/pico_standard_binary_info/standard_binary_info.c.obj
 .rodata.__bi_54
                0x100096f8        0xc CMakeFiles/firmware.dir/C_/Users/User/.pico-sdk/sdk/2.1.1/src/rp2_common/pico_standard_binary_info/standard_binary_info.c.obj
 .rodata.__bi_48
                0x10009704        0xc CMakeFiles/firmware.dir/C_/Users/User/.pico-sdk/sdk/2.1.1/src/rp2_common/pico_standard_binary_info/standard_binary_info.c.obj
 .rodata.__bi_42
                0x10009710        0xc CMakeFiles/firmware.dir/C_/Users/User/.pico-sdk/sdk/2.1.1/src/rp2_common/pico_standard_binary_info/standard_binary_info.c.obj
 .rodata.__bi_34
                0x1000971c        0xc CMakeFiles/firmware.dir/C_/Users/User/.pico-sdk/sdk/2.1.1/src/rp2_common/pico_standard_binary_info/standard_binary_info.c.obj
 .rodata.__bi_26
                0x10009728        0xc CMakeFiles/firmware.dir/C_/Users/User/.pico-sdk/sdk/2.1.1/src/rp2_common/pico_standard_binary_info/standard_binary_info.c.obj
 .rodata._ftoa.str1.4
                0x10009734       0x15 CMakeFiles/firmware.dir/C_/Users/User/.pico-sdk/sdk/2.1.1/src/rp2_common/pico_printf/printf.c.obj
 *fill*         0x10009734        0x4 
 .rodata.pow10.0
                0x10009738       0x50 CMakeFiles/firmware.dir/C_/Users/User/.pico-sdk/sdk/2.1.1/src/rp2_common/pico_printf/printf.c.obj
 .rodata.crlf_str.0
                0x10009788        0x2 CMakeFiles/firmware.dir/C_/Users/User/.pico-sdk/sdk/2.1.1/src/rp2_common/pico_stdio/stdio.c.obj
 *fill*         0x1000978a        0x2 
 .rodata._resetd_driver
                0x1000978c       0x20 CMakeFiles/firmware.dir/C_/Users/User/.pico-sdk/sdk/2.1.1/src/rp2_common/pico_stdio_usb/reset_interface.c.obj
 .rodata.desc_ms_os_20
                0x100097ac       0xa6 CMakeFiles/firmware.dir/C_/Users/User/.pico-sdk/sdk/2.1.1/src/rp2_common/pico_stdio_usb/reset_interface.c.obj
 *fill*         0x10009852        0x2 
 .rodata.desc_bos
                0x10009854       0x21 CMakeFiles/firmware.dir/C_/Users/User/.pico-sdk/sdk/2.1.1/src/rp2_common/pico_stdio_usb/reset_interface.c.obj
                0x10009854                desc_bos
 .rodata.str1.4
                0x10009875       0x13 CMakeFiles/firmware.dir/C_/Users/User/.pico-sdk/sdk/2.1.1/src/rp2_common/pico_stdio_usb/stdio_usb.c.obj
 *fill*         0x10009875        0x3 
 .rodata.__bi_197.0
                0x10009878        0xc CMakeFiles/firmware.dir/C_/Users/User/.pico-sdk/sdk/2.1.1/src/rp2_common/pico_stdio_usb/stdio_usb.c.obj
 .rodata.str1.4
                0x10009884       0x2a CMakeFiles/firmware.dir/C_/Users/User/.pico-sdk/sdk/2.1.1/src/rp2_common/pico_stdio_usb/stdio_usb_descriptors.c.obj
 .rodata.usbd_desc_str
                0x10009884       0x18 CMakeFiles/firmware.dir/C_/Users/User/.pico-sdk/sdk/2.1.1/src/rp2_common/pico_stdio_usb/stdio_usb_descriptors.c.obj
 .rodata.usbd_desc_cfg
                0x1000989c       0x54 CMakeFiles/firmware.dir/C_/Users/User/.pico-sdk/sdk/2.1.1/src/rp2_common/pico_stdio_usb/stdio_usb_descriptors.c.obj
 .rodata.usbd_desc_device
                0x100098f0       0x12 CMakeFiles/firmware.dir/C_/Users/User/.pico-sdk/sdk/2.1.1/src/rp2_common/pico_stdio_usb/stdio_usb_descriptors.c.obj
 .rodata.str1.4
                0x10009902       0x14 CMakeFiles/firmware.dir/C_/Users/User/.pico-sdk/sdk/2.1.1/lib/tinyusb/src/portable/raspberrypi/rp2040/dcd_rp2040.c.obj
 .rodata.str1.4
                0x10009902       0x48 CMakeFiles/firmware.dir/C_/Users/User/.pico-sdk/sdk/2.1.1/lib/tinyusb/src/portable/raspberrypi/rp2040/rp2040_usb.c.obj
 *fill*         0x10009902        0x2 
 .rodata._usbd_driver
                0x10009904       0x40 CMakeFiles/firmware.dir/C_/Users/User/.pico-sdk/sdk/2.1.1/lib/tinyusb/src/device/usbd.c.obj
 .rodata.uxTopUsedPriority
                0x10009944        0x4 freertos/libfreertos.a(tasks.c.obj)
 .rodata.xTimerCreateTimerTask.str1.4
                0x10009948       0x10 freertos/libfreertos.a(timers.c.obj)
 .rodata        0x10009948       0x10 lcd/liblcd.a(lcd.c.obj)
 *(.srodata*)
                0x10009958                        . = ALIGN (0x4)
 *(SORT_BY_ALIGNMENT(SORT_BY_NAME(.flashdata*)))
                0x10009958                        . = ALIGN (0x4)

.ARM.extab
 *(.ARM.extab* .gnu.linkonce.armextab.*)
                0x10009958                        __exidx_start = .

.ARM.exidx      0x10009958        0x8
 *(.ARM.exidx* .gnu.linkonce.armexidx.*)
 .ARM.exidx     0x10009958        0x8 C:/Users/User/.pico-sdk/toolchain/14_2_Rel1/bin/../lib/gcc/arm-none-eabi/14.2.1/thumb/v8-m.main+fp/softfp\libg.a(libc_a-memcpy.o)
 .ARM.exidx.text.__udivmoddi4
                0x10009960        0x0 C:/Users/User/.pico-sdk/toolchain/14_2_Rel1/bin/../lib/gcc/arm-none-eabi/14.2.1/thumb/v8-m.main+fp/softfp\libgcc.a(_udivmoddi4.o)
                                  0x8 (size before relaxing)
                0x10009960                        __exidx_end = .
                0x10009960                        . = ALIGN (0x4)
                0x10009960                        __binary_info_start = .

.binary_info    0x10009960       0x24
 *(.binary_info.keep.*)
 .binary_info.keep.__bi_ptr84
                0x10009960        0x4 CMakeFiles/firmware.dir/C_/Users/User/.pico-sdk/sdk/2.1.1/src/rp2_common/pico_standard_binary_info/standard_binary_info.c.obj
 .binary_info.keep.__bi_ptr78
                0x10009964        0x4 CMakeFiles/firmware.dir/C_/Users/User/.pico-sdk/sdk/2.1.1/src/rp2_common/pico_standard_binary_info/standard_binary_info.c.obj
 .binary_info.keep.__bi_ptr60
                0x10009968        0x4 CMakeFiles/firmware.dir/C_/Users/User/.pico-sdk/sdk/2.1.1/src/rp2_common/pico_standard_binary_info/standard_binary_info.c.obj
 .binary_info.keep.__bi_ptr54
                0x1000996c        0x4 CMakeFiles/firmware.dir/C_/Users/User/.pico-sdk/sdk/2.1.1/src/rp2_common/pico_standard_binary_info/standard_binary_info.c.obj
 .binary_info.keep.__bi_ptr48
                0x10009970        0x4 CMakeFiles/firmware.dir/C_/Users/User/.pico-sdk/sdk/2.1.1/src/rp2_common/pico_standard_binary_info/standard_binary_info.c.obj
 .binary_info.keep.__bi_ptr42
                0x10009974        0x4 CMakeFiles/firmware.dir/C_/Users/User/.pico-sdk/sdk/2.1.1/src/rp2_common/pico_standard_binary_info/standard_binary_info.c.obj
 .binary_info.keep.__bi_ptr34
                0x10009978        0x4 CMakeFiles/firmware.dir/C_/Users/User/.pico-sdk/sdk/2.1.1/src/rp2_common/pico_standard_binary_info/standard_binary_info.c.obj
 .binary_info.keep.__bi_ptr26
                0x1000997c        0x4 CMakeFiles/firmware.dir/C_/Users/User/.pico-sdk/sdk/2.1.1/src/rp2_common/pico_standard_binary_info/standard_binary_info.c.obj
 *(.binary_info.*)
 .binary_info.__bi_ptr197
                0x10009980        0x4 CMakeFiles/firmware.dir/C_/Users/User/.pico-sdk/sdk/2.1.1/src/rp2_common/pico_stdio_usb/stdio_usb.c.obj
                0x10009984                        __binary_info_end = .
                0x10009984                        . = ALIGN (0x4)

.ram_vector_table
                0x20000000      0x110
 *(.ram_vector_table)
 .ram_vector_table
                0x20000000      0x110 CMakeFiles/firmware.dir/C_/Users/User/.pico-sdk/sdk/2.1.1/src/rp2_common/pico_runtime_init/runtime_init.c.obj
                0x20000000                ram_vector_table

.uninitialized_data
                0x20000110        0x0
                0x20000110                        . = ALIGN (0x4)
 *(.uninitialized_data*)

.data           0x20000110     0x19f8 load address 0x10009984
                0x20000110                        __data_start__ = .
 *(vtable)
 *(.time_critical*)
 .time_critical.mutex_try_enter
                0x20000110       0x50 CMakeFiles/firmware.dir/C_/Users/User/.pico-sdk/sdk/2.1.1/src/common/pico_sync/mutex.c.obj
                0x20000110                mutex_try_enter
 .time_critical.mutex_enter_block_until
                0x20000160       0x6c CMakeFiles/firmware.dir/C_/Users/User/.pico-sdk/sdk/2.1.1/src/common/pico_sync/mutex.c.obj
                0x20000160                mutex_enter_block_until
 .time_critical.mutex_try_enter_block_until
                0x200001cc       0x68 CMakeFiles/firmware.dir/C_/Users/User/.pico-sdk/sdk/2.1.1/src/common/pico_sync/mutex.c.obj
                0x200001cc                mutex_try_enter_block_until
 .time_critical.mutex_enter_timeout_ms
                0x20000234       0x38 CMakeFiles/firmware.dir/C_/Users/User/.pico-sdk/sdk/2.1.1/src/common/pico_sync/mutex.c.obj
                0x20000234                mutex_enter_timeout_ms
 .time_critical.mutex_exit
                0x2000026c       0x3c CMakeFiles/firmware.dir/C_/Users/User/.pico-sdk/sdk/2.1.1/src/common/pico_sync/mutex.c.obj
                0x2000026c                mutex_exit
 .time_critical.reset_non_control_endpoints
                0x200002a8       0x64 CMakeFiles/firmware.dir/C_/Users/User/.pico-sdk/sdk/2.1.1/lib/tinyusb/src/portable/raspberrypi/rp2040/dcd_rp2040.c.obj
 .time_critical.hw_handle_buff_status
                0x2000030c       0x90 CMakeFiles/firmware.dir/C_/Users/User/.pico-sdk/sdk/2.1.1/lib/tinyusb/src/portable/raspberrypi/rp2040/dcd_rp2040.c.obj
 .time_critical.dcd_rp2040_irq
                0x2000039c      0x530 CMakeFiles/firmware.dir/C_/Users/User/.pico-sdk/sdk/2.1.1/lib/tinyusb/src/portable/raspberrypi/rp2040/dcd_rp2040.c.obj
 .time_critical.prepare_ep_buffer
                0x200008cc       0xc0 CMakeFiles/firmware.dir/C_/Users/User/.pico-sdk/sdk/2.1.1/lib/tinyusb/src/portable/raspberrypi/rp2040/rp2040_usb.c.obj
 .time_critical.sync_ep_buffer
                0x2000098c       0xb4 CMakeFiles/firmware.dir/C_/Users/User/.pico-sdk/sdk/2.1.1/lib/tinyusb/src/portable/raspberrypi/rp2040/rp2040_usb.c.obj
 .time_critical._hw_endpoint_xfer_sync
                0x20000a40       0x2c CMakeFiles/firmware.dir/C_/Users/User/.pico-sdk/sdk/2.1.1/lib/tinyusb/src/portable/raspberrypi/rp2040/rp2040_usb.c.obj
 .time_critical.e15_is_bulkin_ep
                0x20000a6c       0x28 CMakeFiles/firmware.dir/C_/Users/User/.pico-sdk/sdk/2.1.1/lib/tinyusb/src/portable/raspberrypi/rp2040/rp2040_usb.c.obj
 .time_critical.e15_is_critical_frame_period
                0x20000a94       0x28 CMakeFiles/firmware.dir/C_/Users/User/.pico-sdk/sdk/2.1.1/lib/tinyusb/src/portable/raspberrypi/rp2040/rp2040_usb.c.obj
 .time_critical.hw_endpoint_reset_transfer
                0x20000abc        0xc CMakeFiles/firmware.dir/C_/Users/User/.pico-sdk/sdk/2.1.1/lib/tinyusb/src/portable/raspberrypi/rp2040/rp2040_usb.c.obj
                0x20000abc                hw_endpoint_reset_transfer
 .time_critical._hw_endpoint_buffer_control_update32
                0x20000ac8       0x44 CMakeFiles/firmware.dir/C_/Users/User/.pico-sdk/sdk/2.1.1/lib/tinyusb/src/portable/raspberrypi/rp2040/rp2040_usb.c.obj
                0x20000ac8                _hw_endpoint_buffer_control_update32
 .time_critical.hw_endpoint_start_next_buffer
                0x20000b0c       0x64 CMakeFiles/firmware.dir/C_/Users/User/.pico-sdk/sdk/2.1.1/lib/tinyusb/src/portable/raspberrypi/rp2040/rp2040_usb.c.obj
                0x20000b0c                hw_endpoint_start_next_buffer
 .time_critical.hw_endpoint_xfer_continue
                0x20000b70       0x3c CMakeFiles/firmware.dir/C_/Users/User/.pico-sdk/sdk/2.1.1/lib/tinyusb/src/portable/raspberrypi/rp2040/rp2040_usb.c.obj
                0x20000b70                hw_endpoint_xfer_continue
 .time_critical.tinyusb
                0x20000bac      0x224 CMakeFiles/firmware.dir/C_/Users/User/.pico-sdk/sdk/2.1.1/lib/tinyusb/src/device/usbd.c.obj
                0x20000bac                dcd_event_handler
 *(.text*)
 .text          0x20000dd0      0x378 C:/Users/User/.pico-sdk/toolchain/14_2_Rel1/bin/../lib/gcc/arm-none-eabi/14.2.1/thumb/v8-m.main+fp/softfp\libgcc.a(_arm_addsubdf3.o)
                0x20000dd0                __aeabi_drsub
                0x20000dd8                __aeabi_dsub
                0x20000dd8                __subdf3
                0x20000ddc                __aeabi_dadd
                0x20000ddc                __adddf3
                0x20001054                __floatunsidf
                0x20001054                __aeabi_ui2d
                0x20001074                __floatsidf
                0x20001074                __aeabi_i2d
                0x20001098                __aeabi_f2d
                0x20001098                __extendsfdf2
                0x200010dc                __floatundidf
                0x200010dc                __aeabi_ul2d
                0x200010ec                __floatdidf
                0x200010ec                __aeabi_l2d
 .text          0x20001148       0x30 C:/Users/User/.pico-sdk/toolchain/14_2_Rel1/bin/../lib/gcc/arm-none-eabi/14.2.1/thumb/v8-m.main+fp/softfp\libgcc.a(_aeabi_uldivmod.o)
                0x20001148                __aeabi_uldivmod
 .text.__udivmoddi4
                0x20001178      0x34c C:/Users/User/.pico-sdk/toolchain/14_2_Rel1/bin/../lib/gcc/arm-none-eabi/14.2.1/thumb/v8-m.main+fp/softfp\libgcc.a(_udivmoddi4.o)
                0x20001178                __udivmoddi4
 .text          0x200014c4        0x4 C:/Users/User/.pico-sdk/toolchain/14_2_Rel1/bin/../lib/gcc/arm-none-eabi/14.2.1/thumb/v8-m.main+fp/softfp\libgcc.a(_dvmd_tls.o)
                0x200014c4                __aeabi_idiv0
                0x200014c4                __aeabi_ldiv0
 .text.__stub   0x200014c8       0x30 linker stubs
                0x200014f8                        . = ALIGN (0x4)
 *(.rodata*)
                0x200014f8                        . = ALIGN (0x4)
 *(.data*)
 .data.striped_spin_lock_num
                0x200014f8        0x1 CMakeFiles/firmware.dir/C_/Users/User/.pico-sdk/sdk/2.1.1/src/rp2_common/hardware_sync/sync.c.obj
 *fill*         0x200014f9        0x3 
 .data          0x200014fc       0x48 CMakeFiles/firmware.dir/C_/Users/User/.pico-sdk/sdk/2.1.1/src/rp2_common/hardware_irq/irq_handler_chain.S.obj
                0x200014fc                irq_handler_chain_slots
                0x2000152c                irq_handler_chain_first_slot
                0x20001536                irq_handler_chain_remove_tail
 .data.default_alarm_pool
                0x20001544       0x18 CMakeFiles/firmware.dir/C_/Users/User/.pico-sdk/sdk/2.1.1/src/common/pico_time/time.c.obj
 .data.stdio_usb
                0x2000155c       0x18 CMakeFiles/firmware.dir/C_/Users/User/.pico-sdk/sdk/2.1.1/src/rp2_common/pico_stdio_usb/stdio_usb.c.obj
                0x2000155c                stdio_usb
 .data._usbd_qdef
                0x20001574       0x1c CMakeFiles/firmware.dir/C_/Users/User/.pico-sdk/sdk/2.1.1/lib/tinyusb/src/device/usbd.c.obj
                0x20001574                _usbd_qdef
 .data._usbd_rhport
                0x20001590        0x1 CMakeFiles/firmware.dir/C_/Users/User/.pico-sdk/sdk/2.1.1/lib/tinyusb/src/device/usbd.c.obj
 *fill*         0x20001591        0x3 
 .data.i2c0_inst
                0x20001594        0x8 CMakeFiles/firmware.dir/C_/Users/User/.pico-sdk/sdk/2.1.1/src/rp2_common/hardware_i2c/i2c.c.obj
                0x20001594                i2c0_inst
 .data.ucPrimaryCoreNum
                0x2000159c        0x1 freertos/libfreertos.a(port.c.obj)
 *fill*         0x2000159d        0x3 
 .data.ulCriticalNesting
                0x200015a0        0x4 freertos/libfreertos.a(port.c.obj)
 .data.__malloc_sbrk_base
                0x200015a4        0x4 C:/Users/User/.pico-sdk/toolchain/14_2_Rel1/bin/../lib/gcc/arm-none-eabi/14.2.1/thumb/v8-m.main+fp/softfp\libg.a(libc_a-mallocr.o)
                0x200015a4                __malloc_sbrk_base
 .data.__malloc_trim_threshold
                0x200015a8        0x4 C:/Users/User/.pico-sdk/toolchain/14_2_Rel1/bin/../lib/gcc/arm-none-eabi/14.2.1/thumb/v8-m.main+fp/softfp\libg.a(libc_a-mallocr.o)
                0x200015a8                __malloc_trim_threshold
 *fill*         0x200015ac        0x4 
 .data.__malloc_av_
                0x200015b0      0x408 C:/Users/User/.pico-sdk/toolchain/14_2_Rel1/bin/../lib/gcc/arm-none-eabi/14.2.1/thumb/v8-m.main+fp/softfp\libg.a(libc_a-mallocr.o)
                0x200015b0                __malloc_av_
 .data._impure_ptr
                0x200019b8        0x4 C:/Users/User/.pico-sdk/toolchain/14_2_Rel1/bin/../lib/gcc/arm-none-eabi/14.2.1/thumb/v8-m.main+fp/softfp\libg.a(libc_a-impure.o)
                0x200019b8                _impure_ptr
 *fill*         0x200019bc        0x4 
 .data._impure_data
                0x200019c0      0x140 C:/Users/User/.pico-sdk/toolchain/14_2_Rel1/bin/../lib/gcc/arm-none-eabi/14.2.1/thumb/v8-m.main+fp/softfp\libg.a(libc_a-impure.o)
                0x200019c0                _impure_data
 *(.sdata*)
                0x20001b00                        . = ALIGN (0x4)
 *(.after_data.*)
                0x20001b00                        . = ALIGN (0x4)
                0x20001b00                        PROVIDE (__mutex_array_start = .)
 *(SORT_BY_NAME(.mutex_array.*))
 *(.mutex_array)
 .mutex_array   0x20001b00        0x8 CMakeFiles/firmware.dir/C_/Users/User/.pico-sdk/sdk/2.1.1/src/rp2_common/pico_stdio/stdio.c.obj
                0x20001b08                        PROVIDE (__mutex_array_end = .)
 *(.jcr)
                0x20001b08                        . = ALIGN (0x4)

.tm_clone_table
                0x20001b08        0x0 load address 0x1000b37c
 .tm_clone_table
                0x20001b08        0x0 C:/Users/User/.pico-sdk/toolchain/14_2_Rel1/bin/../lib/gcc/arm-none-eabi/14.2.1/thumb/v8-m.main+fp/softfp/crtbegin.o
 .tm_clone_table
                0x20001b08        0x0 C:/Users/User/.pico-sdk/toolchain/14_2_Rel1/bin/../lib/gcc/arm-none-eabi/14.2.1/thumb/v8-m.main+fp/softfp/crtend.o

.igot.plt       0x20001b08        0x0 load address 0x1000b37c
 .igot.plt      0x20001b08        0x0 C:/Users/User/.pico-sdk/toolchain/14_2_Rel1/bin/../lib/gcc/arm-none-eabi/14.2.1/thumb/v8-m.main+fp/softfp/crtbegin.o

.tdata          0x20001b08        0x0 load address 0x1000b37c
                0x20001b08                        . = ALIGN (0x4)
 *(.tdata .tdata.* .gnu.linkonce.td.*)
                0x20001b08                        __tdata_end = .
                0x20001b08                        PROVIDE (__data_end__ = .)
                0x10009984                        __etext = LOADADDR (.data)

.tbss           0x20001b08        0x0 load address 0x1000b37c
                0x20001b08                        . = ALIGN (0x4)
                0x20001b08                        __bss_start__ = .
                0x20001b08                        __tls_base = .
 *(.tbss .tbss.* .gnu.linkonce.tb.*)
 *(.tcommon)
                0x20001b08                        __tls_end = .

.bss            0x20001b08      0xf78 load address 0x1000b37c
                0x20001b08                        . = ALIGN (0x4)
                0x20001b08                        __tbss_end = .
 *(SORT_BY_ALIGNMENT(SORT_BY_NAME(.bss*)))
 .bss.default_alarm_pool_entries
                0x20001b08      0x180 CMakeFiles/firmware.dir/C_/Users/User/.pico-sdk/sdk/2.1.1/src/common/pico_time/time.c.obj
 .bss.last_avail_time.1
                0x20001c88        0x8 CMakeFiles/firmware.dir/C_/Users/User/.pico-sdk/sdk/2.1.1/src/rp2_common/pico_stdio_usb/stdio_usb.c.obj
 .bss.xQueueRegistry
                0x20001c90       0x50 freertos/libfreertos.a(queue.c.obj)
                0x20001c90                xQueueRegistry
 .bss.__lock___malloc_recursive_mutex