Archive member included to satisfy reference by file (symbol)

freertos/libfreertos.a(queue.c.obj)
                              CMakeFiles/frimware.dir/frimware.c.obj (xQueueGenericCreate)
freertos/libfreertos.a(tasks.c.obj)
                              CMakeFiles/frimware.dir/frimware.c.obj (xTaskCreate)
freertos/libfreertos.a(timers.c.obj)
                              freertos/libfreertos.a(tasks.c.obj) (xTimerCreateTimerTask)
freertos/libfreertos.a(heap_3.c.obj)
                              freertos/libfreertos.a(queue.c.obj) (pvPortMalloc)
freertos/libfreertos.a(port.c.obj)
                              freertos/libfreertos.a(queue.c.obj) (vPortYield)
freertos/libfreertos.a(portasm.c.obj)
                              freertos/libfreertos.a(port.c.obj) (vRestoreContextOfFirstTask)
freertos/libfreertos.a(event_groups.c.obj)
                              freertos/libfreertos.a(port.c.obj) (xEventGroupCreate)
freertos/libfreertos.a(list.c.obj)
                              freertos/libfreertos.a(queue.c.obj) (vListInitialise)
C:/Users/User/.pico-sdk/toolchain/14_2_Rel1/bin/../lib/gcc/arm-none-eabi/14.2.1/thumb/v8-m.main+fp/softfp\libm.a(libm_a-wf_sqrt.o)
                              CMakeFiles/frimware.dir/C_/Users/User/.pico-sdk/sdk/2.1.1/src/rp2_common/pico_float/float_math.c.obj (sqrtf)
C:/Users/User/.pico-sdk/toolchain/14_2_Rel1/bin/../lib/gcc/arm-none-eabi/14.2.1/thumb/v8-m.main+fp/softfp\libm.a(libm_a-ef_sqrt.o)
                              C:/Users/User/.pico-sdk/toolchain/14_2_Rel1/bin/../lib/gcc/arm-none-eabi/14.2.1/thumb/v8-m.main+fp/softfp\libm.a(libm_a-wf_sqrt.o) (__ieee754_sqrtf)
C:/Users/User/.pico-sdk/toolchain/14_2_Rel1/bin/../lib/gcc/arm-none-eabi/14.2.1/thumb/v8-m.main+fp/softfp\libgcc.a(_arm_addsubdf3.o)
                              CMakeFiles/frimware.dir/frimware.c.obj (__aeabi_f2d)
C:/Users/User/.pico-sdk/toolchain/14_2_Rel1/bin/../lib/gcc/arm-none-eabi/14.2.1/thumb/v8-m.main+fp/softfp\libgcc.a(_aeabi_ldivmod.o)
                              CMakeFiles/frimware.dir/C_/Users/User/.pico-sdk/sdk/2.1.1/src/common/pico_time/time.c.obj (__aeabi_ldivmod)
C:/Users/User/.pico-sdk/toolchain/14_2_Rel1/bin/../lib/gcc/arm-none-eabi/14.2.1/thumb/v8-m.main+fp/softfp\libgcc.a(_aeabi_uldivmod.o)
                              CMakeFiles/frimware.dir/C_/Users/User/.pico-sdk/sdk/2.1.1/src/rp2_common/hardware_clocks/clocks.c.obj (__aeabi_uldivmod)
C:/Users/User/.pico-sdk/toolchain/14_2_Rel1/bin/../lib/gcc/arm-none-eabi/14.2.1/thumb/v8-m.main+fp/softfp\libgcc.a(_udivmoddi4.o)
                              C:/Users/User/.pico-sdk/toolchain/14_2_Rel1/bin/../lib/gcc/arm-none-eabi/14.2.1/thumb/v8-m.main+fp/softfp\libgcc.a(_aeabi_ldivmod.o) (__udivmoddi4)
C:/Users/User/.pico-sdk/toolchain/14_2_Rel1/bin/../lib/gcc/arm-none-eabi/14.2.1/thumb/v8-m.main+fp/softfp\libgcc.a(_dvmd_tls.o)
                              C:/Users/User/.pico-sdk/toolchain/14_2_Rel1/bin/../lib/gcc/arm-none-eabi/14.2.1/thumb/v8-m.main+fp/softfp\libgcc.a(_aeabi_ldivmod.o) (__aeabi_ldiv0)
C:/Users/User/.pico-sdk/toolchain/14_2_Rel1/bin/../lib/gcc/arm-none-eabi/14.2.1/thumb/v8-m.main+fp/softfp\libg.a(libc_a-calloc.o)
                              CMakeFiles/frimware.dir/C_/Users/User/.pico-sdk/sdk/2.1.1/src/rp2_common/pico_malloc/malloc.c.obj (calloc)
C:/Users/User/.pico-sdk/toolchain/14_2_Rel1/bin/../lib/gcc/arm-none-eabi/14.2.1/thumb/v8-m.main+fp/softfp\libg.a(libc_a-callocr.o)
                              C:/Users/User/.pico-sdk/toolchain/14_2_Rel1/bin/../lib/gcc/arm-none-eabi/14.2.1/thumb/v8-m.main+fp/softfp\libg.a(libc_a-calloc.o) (_calloc_r)
C:/Users/User/.pico-sdk/toolchain/14_2_Rel1/bin/../lib/gcc/arm-none-eabi/14.2.1/thumb/v8-m.main+fp/softfp\libg.a(libc_a-malloc.o)
                              CMakeFiles/frimware.dir/C_/Users/User/.pico-sdk/sdk/2.1.1/src/rp2_common/pico_malloc/malloc.c.obj (malloc)
C:/Users/User/.pico-sdk/toolchain/14_2_Rel1/bin/../lib/gcc/arm-none-eabi/14.2.1/thumb/v8-m.main+fp/softfp\libg.a(libc_a-mallocr.o)
                              C:/Users/User/.pico-sdk/toolchain/14_2_Rel1/bin/../lib/gcc/arm-none-eabi/14.2.1/thumb/v8-m.main+fp/softfp\libg.a(libc_a-callocr.o) (_malloc_r)
C:/Users/User/.pico-sdk/toolchain/14_2_Rel1/bin/../lib/gcc/arm-none-eabi/14.2.1/thumb/v8-m.main+fp/softfp\libg.a(libc_a-mlock.o)
                              C:/Users/User/.pico-sdk/toolchain/14_2_Rel1/bin/../lib/gcc/arm-none-eabi/14.2.1/thumb/v8-m.main+fp/softfp\libg.a(libc_a-mallocr.o) (__malloc_lock)
C:/Users/User/.pico-sdk/toolchain/14_2_Rel1/bin/../lib/gcc/arm-none-eabi/14.2.1/thumb/v8-m.main+fp/softfp\libg.a(libc_a-realloc.o)
                              CMakeFiles/frimware.dir/C_/Users/User/.pico-sdk/sdk/2.1.1/src/rp2_common/pico_malloc/malloc.c.obj (realloc)
C:/Users/User/.pico-sdk/toolchain/14_2_Rel1/bin/../lib/gcc/arm-none-eabi/14.2.1/thumb/v8-m.main+fp/softfp\libg.a(libc_a-reallocr.o)
[...]
Memory Configuration

Name             Origin             Length             Attributes
FLASH            0x10000000         0x00400000         xr
RAM              0x20000000         0x00080000         xrw
SCRATCH_X        0x20080000         0x00001000         xrw
SCRATCH_Y        0x20081000         0x00001000         xrw
*default*        0x00000000         0xffffffff

Linker script and memory map

LOAD C:/Users/User/.pico-sdk/toolchain/14_2_Rel1/bin/../lib/gcc/arm-none-eabi/14.2.1/thumb/v8-m.main+fp/softfp/crti.o
LOAD C:/Users/User/.pico-sdk/toolchain/14_2_Rel1/bin/../lib/gcc/arm-none-eabi/14.2.1/thumb/v8-m.main+fp/softfp/crtbegin.o
LOAD C:/Users/User/.pico-sdk/toolchain/14_2_Rel1/bin/../lib/gcc/arm-none-eabi/14.2.1/thumb/v8-m.main+fp/softfp/crt0.o

.flash_begin    0x10000000        0x0
                0x10000000                        __flash_binary_start = .

.text           0x10000000     0x817c
                0x10000000                        __logical_binary_start = .
 *(.vectors)
 .vectors       0x10000000      0x124 CMakeFiles/frimware.dir/C_/Users/User/.pico-sdk/sdk/2.1.1/src/rp2_common/pico_crt0/crt0.S.obj
                0x10000000                __vectors
                0x10000000                __VECTOR_TABLE
                0x10000110                isr_invalid
                0x10000110                __default_isrs_start
                0x10000112                isr_nmi
                0x10000114                isr_hardfault
                0x1000011c                isr_irq27
                0x1000011c                isr_irq32
                0x1000011c                isr_irq31
                0x1000011c                isr_irq5
                0x1000011c                isr_irq11
                0x1000011c                isr_irq45
                0x1000011c                isr_irq23
                0x1000011c                isr_irq48
                0x1000011c                isr_irq35
                0x1000011c                isr_irq18
                0x1000011c                isr_irq50
                0x1000011c                isr_irq43
                0x1000011c                isr_irq13
                0x1000011c                isr_irq28
                0x1000011c                isr_irq19
                0x1000011c                isr_irq36
                0x1000011c                isr_irq41
                0x1000011c                isr_irq0
                0x1000011c                isr_irq6
                0x1000011c                __unhandled_user_irq
                0x1000011c                isr_irq12
                0x1000011c                isr_irq37
                0x1000011c                isr_irq42
                0x1000011c                isr_irq22
                0x1000011c                isr_irq30
                0x1000011c                isr_irq17
                0x1000011c                isr_irq38
                0x1000011c                isr_irq14
                0x1000011c                isr_irq40
                0x1000011c                isr_irq2
                0x1000011c                isr_irq10
                0x1000011c                isr_irq8
                0x1000011c                isr_irq24
                0x1000011c                isr_irq46
                0x1000011c                isr_irq1
                0x1000011c                isr_irq47
                0x1000011c                isr_irq51
                0x1000011c                isr_irq7
                0x1000011c                isr_irq21
                0x1000011c                isr_irq39
                0x1000011c                isr_irq20
                0x1000011c                isr_irq15
                0x1000011c                isr_irq25
                0x1000011c                isr_irq34
                0x1000011c                isr_irq49
                0x1000011c                isr_irq4
                0x1000011c                isr_irq16
                0x1000011c                isr_irq44
                0x1000011c                isr_irq29
                0x1000011c                isr_irq26
                0x1000011c                __default_isrs_end
                0x1000011c                isr_irq33
                0x1000011c                isr_irq3
                0x1000011c                isr_irq9
                0x10000122                unhandled_user_irq_num_in_r0
 *(.binary_info_header)
 .binary_info_header
                0x10000124       0x14 CMakeFiles/frimware.dir/C_/Users/User/.pico-sdk/sdk/2.1.1/src/rp2_common/pico_crt0/crt0.S.obj
                0x10000138                        __binary_info_header_end = .
 *(.embedded_block)
 .embedded_block
                0x10000138       0x14 CMakeFiles/frimware.dir/C_/Users/User/.pico-sdk/sdk/2.1.1/src/rp2_common/pico_crt0/crt0.S.obj
                0x1000014c                        __embedded_block_end = .
 *(.reset)
 .reset         0x1000014c       0xa0 CMakeFiles/frimware.dir/C_/Users/User/.pico-sdk/sdk/2.1.1/src/rp2_common/pico_crt0/crt0.S.obj
                0x1000014c                _entry_point
 *(.init)
 .init          0x100001ec        0x4 C:/Users/User/.pico-sdk/toolchain/14_2_Rel1/bin/../lib/gcc/arm-none-eabi/14.2.1/thumb/v8-m.main+fp/softfp/crti.o
                0x100001ec                _init
 SORT_BY_NAME(REVERSE(*libgcc.a:cmse_nonsecure_call.o))()
 *(EXCLUDE_FILE(*libm.a: *libc.a:*lib_a-mem*.o *libgcc.a:) .text*)
 .text.register_tm_clones
                0x100001f0       0x28 C:/Users/User/.pico-sdk/toolchain/14_2_Rel1/bin/../lib/gcc/arm-none-eabi/14.2.1/thumb/v8-m.main+fp/softfp/crtbegin.o
 .text.frame_dummy
                0x10000218       0x24 C:/Users/User/.pico-sdk/toolchain/14_2_Rel1/bin/../lib/gcc/arm-none-eabi/14.2.1/thumb/v8-m.main+fp/softfp/crtbegin.o
 *fill*         0x1000023c        0x4 
 .text.vShowTempTask
                0x10000240       0xa0 CMakeFiles/frimware.dir/frimware.c.obj
                0x10000240                vShowTempTask
 .text.vReadAdcTask
                0x100002e0       0x44 CMakeFiles/frimware.dir/frimware.c.obj
                0x100002e0                vReadAdcTask
 .text.startup.main
                0x10000324       0x84 CMakeFiles/frimware.dir/frimware.c.obj
                0x10000324                main
 .text.panic    0x100003a8       0x30 CMakeFiles/frimware.dir/C_/Users/User/.pico-sdk/sdk/2.1.1/src/rp2_common/pico_platform_panic/panic.c.obj
                0x100003a8                panic
 .text.hw_claim_or_assert
                0x100003d8       0x58 CMakeFiles/frimware.dir/C_/Users/User/.pico-sdk/sdk/2.1.1/src/common/hardware_claim/claim.c.obj
                0x100003d8                hw_claim_or_assert
 .text.hw_claim_unused_from_range
                0x10000430       0x80 CMakeFiles/frimware.dir/C_/Users/User/.pico-sdk/sdk/2.1.1/src/common/hardware_claim/claim.c.obj
                0x10000430                hw_claim_unused_from_range
 .text.next_striped_spin_lock_num
                0x100004b0       0x18 CMakeFiles/frimware.dir/C_/Users/User/.pico-sdk/sdk/2.1.1/src/rp2_common/hardware_sync/sync.c.obj
                0x100004b0                next_striped_spin_lock_num
 .text.spin_lock_claim_unused
                0x100004c8       0x20 CMakeFiles/frimware.dir/C_/Users/User/.pico-sdk/sdk/2.1.1/src/rp2_common/hardware_sync/sync.c.obj
                0x100004c8                spin_lock_claim_unused
 .text.spinlock_set_extexclall
                0x100004e8       0x10 CMakeFiles/frimware.dir/C_/Users/User/.pico-sdk/sdk/2.1.1/src/rp2_common/hardware_sync_spin_lock/sync_spin_lock.c.obj
 .text.spin_locks_reset
                0x100004f8       0x18 CMakeFiles/frimware.dir/C_/Users/User/.pico-sdk/sdk/2.1.1/src/rp2_common/hardware_sync_spin_lock/sync_spin_lock.c.obj
                0x100004f8                spin_locks_reset
 .text.runtime_init_per_core_irq_priorities
                0x10000510       0x40 CMakeFiles/frimware.dir/C_/Users/User/.pico-sdk/sdk/2.1.1/src/rp2_common/hardware_irq/irq.c.obj
                0x10000510                runtime_init_per_core_irq_priorities
 .text.irq_set_enabled
                0x10000550       0x2c CMakeFiles/frimware.dir/C_/Users/User/.pico-sdk/sdk/2.1.1/src/rp2_common/hardware_irq/irq.c.obj
                0x10000550                irq_set_enabled
 .text.irq_is_enabled
                0x1000057c       0x20 CMakeFiles/frimware.dir/C_/Users/User/.pico-sdk/sdk/2.1.1/src/rp2_common/hardware_irq/irq.c.obj
                0x1000057c                irq_is_enabled
 .text.irq_set_pending
                0x1000059c       0x18 CMakeFiles/frimware.dir/C_/Users/User/.pico-sdk/sdk/2.1.1/src/rp2_common/hardware_irq/irq.c.obj
                0x1000059c                irq_set_pending
 .text.irq_has_shared_handler
                0x100005b4       0x20 CMakeFiles/frimware.dir/C_/Users/User/.pico-sdk/sdk/2.1.1/src/rp2_common/hardware_irq/irq.c.obj
                0x100005b4                irq_has_shared_handler
 .text.irq_set_exclusive_handler
                0x100005d4       0x60 CMakeFiles/frimware.dir/C_/Users/User/.pico-sdk/sdk/2.1.1/src/rp2_common/hardware_irq/irq.c.obj
                0x100005d4                irq_set_exclusive_handler
 .text.irq_add_shared_handler
                0x10000634      0x1e8 CMakeFiles/frimware.dir/C_/Users/User/.pico-sdk/sdk/2.1.1/src/rp2_common/hardware_irq/irq.c.obj
                0x10000634                irq_add_shared_handler
 .text.irq_add_tail_to_free_list
                0x1000081c       0xbc CMakeFiles/frimware.dir/C_/Users/User/.pico-sdk/sdk/2.1.1/src/rp2_common/hardware_irq/irq.c.obj
                0x1000081c                irq_add_tail_to_free_list
 .text.user_irq_claim_unused
                0x100008d8       0x28 CMakeFiles/frimware.dir/C_/Users/User/.pico-sdk/sdk/2.1.1/src/rp2_common/hardware_irq/irq.c.obj
                0x100008d8                user_irq_claim_unused
 .text.lock_init
                0x10000900        0xc CMakeFiles/frimware.dir/C_/Users/User/.pico-sdk/sdk/2.1.1/src/common/pico_sync/lock_core.c.obj
                0x10000900                lock_init
 .text.runtime_init_mutex
                0x1000090c       0x4c CMakeFiles/frimware.dir/C_/Users/User/.pico-sdk/sdk/2.1.1/src/common/pico_sync/mutex.c.obj
                0x1000090c                runtime_init_mutex
 .text.mutex_init
                0x10000958       0x1c CMakeFiles/frimware.dir/C_/Users/User/.pico-sdk/sdk/2.1.1/src/common/pico_sync/mutex.c.obj
                0x10000958                mutex_init
 .text.critical_section_init
                0x10000974       0x1c CMakeFiles/frimware.dir/C_/Users/User/.pico-sdk/sdk/2.1.1/src/common/pico_sync/critical_section.c.obj
                0x10000974                critical_section_init
 .text.critical_section_init_with_lock_num
                0x10000990       0x10 CMakeFiles/frimware.dir/C_/Users/User/.pico-sdk/sdk/2.1.1/src/common/pico_sync/critical_section.c.obj
                0x10000990                critical_section_init_with_lock_num
 .text.sleep_until_callback
                0x100009a0       0x3c CMakeFiles/frimware.dir/C_/Users/User/.pico-sdk/sdk/2.1.1/src/common/pico_time/time.c.obj
 *fill*         0x100009dc        0x4 
 .text.alarm_pool_irq_handler
                0x100009e0      0x2f0 CMakeFiles/frimware.dir/C_/Users/User/.pico-sdk/sdk/2.1.1/src/common/pico_time/time.c.obj
 .text.runtime_init_default_alarm_pool
                0x10000cd0      0x100 CMakeFiles/frimware.dir/C_/Users/User/.pico-sdk/sdk/2.1.1/src/common/pico_time/time.c.obj
                0x10000cd0                runtime_init_default_alarm_pool
 .text.alarm_pool_get_default
                0x10000dd0        0x8 CMakeFiles/frimware.dir/C_/Users/User/.pico-sdk/sdk/2.1.1/src/common/pico_time/time.c.obj
                0x10000dd0                alarm_pool_get_default
 .text.alarm_pool_add_alarm_at
                0x10000dd8       0xdc CMakeFiles/frimware.dir/C_/Users/User/.pico-sdk/sdk/2.1.1/src/common/pico_time/time.c.obj
                0x10000dd8                alarm_pool_add_alarm_at
 .text.alarm_pool_add_alarm_at_force_in_context
                0x10000eb4       0xc8 CMakeFiles/frimware.dir/C_/Users/User/.pico-sdk/sdk/2.1.1/src/common/pico_time/time.c.obj
                0x10000eb4                alarm_pool_add_alarm_at_force_in_context
 .text.alarm_pool_cancel_alarm
                0x10000f7c       0x80 CMakeFiles/frimware.dir/C_/Users/User/.pico-sdk/sdk/2.1.1/src/common/pico_time/time.c.obj
                0x10000f7c                alarm_pool_cancel_alarm
 .text.alarm_pool_core_num
                0x10000ffc        0x4 CMakeFiles/frimware.dir/C_/Users/User/.pico-sdk/sdk/2.1.1/src/common/pico_time/time.c.obj
                0x10000ffc                alarm_pool_core_num
 .text.best_effort_wfe_or_timeout
                0x10001000       0xd4 CMakeFiles/frimware.dir/C_/Users/User/.pico-sdk/sdk/2.1.1/src/common/pico_time/time.c.obj
                0x10001000                best_effort_wfe_or_timeout
 .text.timer_hardware_alarm_claim
                0x100010d4       0x24 CMakeFiles/frimware.dir/C_/Users/User/.pico-sdk/sdk/2.1.1/src/rp2_common/hardware_timer/timer.c.obj
                0x100010d4                timer_hardware_alarm_claim
 .text.timer_time_us_64
                0x100010f8       0x10 CMakeFiles/frimware.dir/C_/Users/User/.pico-sdk/sdk/2.1.1/src/rp2_common/hardware_timer/timer.c.obj
                0x100010f8                timer_time_us_64
 .text.time_us_64
                0x10001108       0x14 CMakeFiles/frimware.dir/C_/Users/User/.pico-sdk/sdk/2.1.1/src/rp2_common/hardware_timer/timer.c.obj
                0x10001108                time_us_64
 .text.clock_configure_undivided
                0x1000111c       0xd0 CMakeFiles/frimware.dir/C_/Users/User/.pico-sdk/sdk/2.1.1/src/rp2_common/hardware_clocks/clocks.c.obj
                0x1000111c                clock_configure_undivided
 .text.clock_get_hz
                0x100011ec        0xc CMakeFiles/frimware.dir/C_/Users/User/.pico-sdk/sdk/2.1.1/src/rp2_common/hardware_clocks/clocks.c.obj
                0x100011ec                clock_get_hz
 .text.pll_init
                0x100011f8       0x8c CMakeFiles/frimware.dir/C_/Users/User/.pico-sdk/sdk/2.1.1/src/rp2_common/hardware_pll/pll.c.obj
                0x100011f8                pll_init
 .text.watchdog_reboot
                0x10001284       0x98 CMakeFiles/frimware.dir/C_/Users/User/.pico-sdk/sdk/2.1.1/src/rp2_common/hardware_watchdog/watchdog.c.obj
                0x10001284                watchdog_reboot
 .text.tick_start
                0x1000131c       0x18 CMakeFiles/frimware.dir/C_/Users/User/.pico-sdk/sdk/2.1.1/src/rp2_common/hardware_ticks/ticks.c.obj
                0x1000131c                tick_start
 .text.rom_reboot.constprop.0.isra.0
                0x10001334       0x34 CMakeFiles/frimware.dir/C_/Users/User/.pico-sdk/sdk/2.1.1/src/rp2_common/pico_bootrom/bootrom.c.obj
 .text.rom_func_lookup
                0x10001368       0x18 CMakeFiles/frimware.dir/C_/Users/User/.pico-sdk/sdk/2.1.1/src/rp2_common/pico_bootrom/bootrom.c.obj
                0x10001368                rom_func_lookup
 .text.rom_reset_usb_boot_extra
                0x10001380       0x1c CMakeFiles/frimware.dir/C_/Users/User/.pico-sdk/sdk/2.1.1/src/rp2_common/pico_bootrom/bootrom.c.obj
                0x10001380                rom_reset_usb_boot_extra
 .text.runtime_init_bootrom_locking_enable
                0x1000139c       0x14 CMakeFiles/frimware.dir/C_/Users/User/.pico-sdk/sdk/2.1.1/src/rp2_common/pico_bootrom/bootrom_lock.c.obj
                0x1000139c                runtime_init_bootrom_locking_enable
 .text.runtime_init_boot_locks_reset
                0x100013b0       0x1c CMakeFiles/frimware.dir/C_/Users/User/.pico-sdk/sdk/2.1.1/src/rp2_common/hardware_boot_lock/boot_lock.c.obj
                0x100013b0                runtime_init_boot_locks_reset
 .text.xosc_init
                0x100013cc       0x30 CMakeFiles/frimware.dir/C_/Users/User/.pico-sdk/sdk/2.1.1/src/rp2_common/hardware_xosc/xosc.c.obj
                0x100013cc                xosc_init
 .text.first_per_core_initializer
                0x100013fc        0x4 CMakeFiles/frimware.dir/C_/Users/User/.pico-sdk/sdk/2.1.1/src/rp2_common/pico_runtime/runtime.c.obj
 .text.hard_assertion_failure
                0x10001400        0xc CMakeFiles/frimware.dir/C_/Users/User/.pico-sdk/sdk/2.1.1/src/rp2_common/pico_runtime/runtime.c.obj
                0x10001400                hard_assertion_failure
 .text.runtime_run_initializers
                0x1000140c       0x20 CMakeFiles/frimware.dir/C_/Users/User/.pico-sdk/sdk/2.1.1/src/rp2_common/pico_runtime/runtime.c.obj
                0x1000140c                runtime_run_initializers
 .text.runtime_init_early_resets
                0x1000142c       0x34 CMakeFiles/frimware.dir/C_/Users/User/.pico-sdk/sdk/2.1.1/src/rp2_common/pico_runtime_init/runtime_init.c.obj
                0x1000142c                runtime_init_early_resets
 .text.runtime_init_usb_power_down
                0x10001460       0x1c CMakeFiles/frimware.dir/C_/Users/User/.pico-sdk/sdk/2.1.1/src/rp2_common/pico_runtime_init/runtime_init.c.obj
                0x10001460                runtime_init_usb_power_down
 .text.runtime_init_per_core_enable_coprocessors
                0x1000147c       0x1c CMakeFiles/frimware.dir/C_/Users/User/.pico-sdk/sdk/2.1.1/src/rp2_common/pico_runtime_init/runtime_init.c.obj
                0x1000147c                runtime_init_per_core_enable_coprocessors
 .text.runtime_init_post_clock_resets
                0x10001498       0x20 CMakeFiles/frimware.dir/C_/Users/User/.pico-sdk/sdk/2.1.1/src/rp2_common/pico_runtime_init/runtime_init.c.obj
                0x10001498                runtime_init_post_clock_resets
 .text.runtime_init_bootrom_reset
                0x100014b8       0x14 CMakeFiles/frimware.dir/C_/Users/User/.pico-sdk/sdk/2.1.1/src/rp2_common/pico_runtime_init/runtime_init.c.obj
                0x100014b8                runtime_init_bootrom_reset
 .text.runtime_init_per_core_bootrom_reset
                0x100014cc       0x14 CMakeFiles/frimware.dir/C_/Users/User/.pico-sdk/sdk/2.1.1/src/rp2_common/pico_runtime_init/runtime_init.c.obj
                0x100014cc                runtime_init_per_core_bootrom_reset
 .text.runtime_init_spin_locks_reset
                0x100014e0        0x4 CMakeFiles/frimware.dir/C_/Users/User/.pico-sdk/sdk/2.1.1/src/rp2_common/pico_runtime_init/runtime_init.c.obj
                0x100014e0                runtime_init_spin_locks_reset
 .text.runtime_init_install_ram_vector_table
                0x100014e4       0x20 CMakeFiles/frimware.dir/C_/Users/User/.pico-sdk/sdk/2.1.1/src/rp2_common/pico_runtime_init/runtime_init.c.obj
                0x100014e4                runtime_init_install_ram_vector_table
 .text.runtime_init_clocks
                0x10001504       0xdc CMakeFiles/frimware.dir/C_/Users/User/.pico-sdk/sdk/2.1.1/src/rp2_common/pico_runtime_init/runtime_init_clocks.c.obj
                0x10001504                runtime_init_clocks
 .text.__rp2350_dcp_engaged_state_save_restore
                0x100015e0       0x3a CMakeFiles/frimware.dir/C_/Users/User/.pico-sdk/sdk/2.1.1/src/rp2_common/pico_double/double_aeabi_dcp.S.obj
 *fill*         0x1000161a        0x2 
 .text.__wrap___aeabi_dadd
                0x1000161c       0x28 CMakeFiles/frimware.dir/C_/Users/User/.pico-sdk/sdk/2.1.1/src/rp2_common/pico_double/double_aeabi_dcp.S.obj
                0x10001624                __wrap___aeabi_dadd
 .text.__wrap___aeabi_dsub
                0x10001644       0x28 CMakeFiles/frimware.dir/C_/Users/User/.pico-sdk/sdk/2.1.1/src/rp2_common/pico_double/double_aeabi_dcp.S.obj
                0x1000164c                __wrap___aeabi_dsub
 .text.__wrap___aeabi_dmul
                0x1000166c       0x4c CMakeFiles/frimware.dir/C_/Users/User/.pico-sdk/sdk/2.1.1/src/rp2_common/pico_double/double_aeabi_dcp.S.obj
                0x10001674                __wrap___aeabi_dmul
 .text.__wrap___aeabi_ddiv
                0x100016b8       0x9c CMakeFiles/frimware.dir/C_/Users/User/.pico-sdk/sdk/2.1.1/src/rp2_common/pico_double/double_aeabi_dcp.S.obj
                0x100016c0                __wrap___aeabi_ddiv
 .text.__wrap___aeabi_d2f
                0x10001754       0x1c CMakeFiles/frimware.dir/C_/Users/User/.pico-sdk/sdk/2.1.1/src/rp2_common/pico_double/double_aeabi_dcp.S.obj
                0x1000175c                __wrap___aeabi_d2f
                0x1000175c                double2float
 .text.__wrap___aeabi_i2d
                0x10001770       0x24 CMakeFiles/frimware.dir/C_/Users/User/.pico-sdk/sdk/2.1.1/src/rp2_common/pico_double/double_aeabi_dcp.S.obj
                0x10001778                int2double
                0x10001778                __wrap___aeabi_i2d
 .text.__wrap___aeabi_ui2d
                0x10001794       0x24 CMakeFiles/frimware.dir/C_/Users/User/.pico-sdk/sdk/2.1.1/src/rp2_common/pico_double/double_aeabi_dcp.S.obj
                0x1000179c                uint2double
                0x1000179c                __wrap___aeabi_ui2d
 .text.__wrap___aeabi_d2iz
                0x100017b8       0x24 CMakeFiles/frimware.dir/C_/Users/User/.pico-sdk/sdk/2.1.1/src/rp2_common/pico_double/double_aeabi_dcp.S.obj
                0x100017c0                double2int_z
                0x100017c0                __wrap___aeabi_d2iz
 .text.__wrap___aeabi_d2uiz
                0x100017dc       0x24 CMakeFiles/frimware.dir/C_/Users/User/.pico-sdk/sdk/2.1.1/src/rp2_common/pico_double/double_aeabi_dcp.S.obj
                0x100017e4                double2uint
                0x100017e4                __wrap___aeabi_d2uiz
                0x100017e4                double2uint_z
 .text.__wrap___aeabi_dcmpun
                0x10001800       0x24 CMakeFiles/frimware.dir/C_/Users/User/.pico-sdk/sdk/2.1.1/src/rp2_common/pico_double/double_aeabi_dcp.S.obj
                0x10001808                __wrap___aeabi_dcmpun
 .text.__wrap___aeabi_dcmplt
                0x10001824       0x28 CMakeFiles/frimware.dir/C_/Users/User/.pico-sdk/sdk/2.1.1/src/rp2_common/pico_double/double_aeabi_dcp.S.obj
                0x1000182c                __wrap___aeabi_dcmplt
 .text.__wrap___aeabi_dcmple
                0x1000184c       0x28 CMakeFiles/frimware.dir/C_/Users/User/.pico-sdk/sdk/2.1.1/src/rp2_common/pico_double/double_aeabi_dcp.S.obj
                0x10001854                __wrap___aeabi_dcmple
 .text.__wrap___aeabi_dcmpge
                0x10001874       0x28 CMakeFiles/frimware.dir/C_/Users/User/.pico-sdk/sdk/2.1.1/src/rp2_common/pico_double/double_aeabi_dcp.S.obj
                0x1000187c                __wrap___aeabi_dcmpge
 .text.__wrap___aeabi_dcmpgt
                0x1000189c       0x28 CMakeFiles/frimware.dir/C_/Users/User/.pico-sdk/sdk/2.1.1/src/rp2_common/pico_double/double_aeabi_dcp.S.obj
                0x100018a4                __wrap___aeabi_dcmpgt
 .text.__wrap_malloc
                0x100018c4       0x24 CMakeFiles/frimware.dir/C_/Users/User/.pico-sdk/sdk/2.1.1/src/rp2_common/pico_malloc/malloc.c.obj
                0x100018c4                __wrap_malloc
 .text.__wrap_free
                0x100018e8        0x4 CMakeFiles/frimware.dir/C_/Users/User/.pico-sdk/sdk/2.1.1/src/rp2_common/pico_malloc/malloc.c.obj
                0x100018e8                __wrap_free
 .text._out_null
                0x100018ec        0x4 CMakeFiles/frimware.dir/C_/Users/User/.pico-sdk/sdk/2.1.1/src/rp2_common/pico_printf/printf.c.obj
 .text._out_rev
                0x100018f0       0x9c CMakeFiles/frimware.dir/C_/Users/User/.pico-sdk/sdk/2.1.1/src/rp2_common/pico_printf/printf.c.obj
 .text._ntoa_format
                0x1000198c      0x1d4 CMakeFiles/frimware.dir/C_/Users/User/.pico-sdk/sdk/2.1.1/src/rp2_common/pico_printf/printf.c.obj
 .text._out_char
                0x10001b60        0x8 CMakeFiles/frimware.dir/C_/Users/User/.pico-sdk/sdk/2.1.1/src/rp2_common/pico_printf/printf.c.obj
 .text._out_fct
                0x10001b68        0xc CMakeFiles/frimware.dir/C_/Users/User/.pico-sdk/sdk/2.1.1/src/rp2_common/pico_printf/printf.c.obj
 *fill*         0x10001b74        0x4 
 .text._ftoa    0x10001b78      0x4bc CMakeFiles/frimware.dir/C_/Users/User/.pico-sdk/sdk/2.1.1/src/rp2_common/pico_printf/printf.c.obj
 *fill*         0x10002034        0x4 
 .text._etoa    0x10002038      0x574 CMakeFiles/frimware.dir/C_/Users/User/.pico-sdk/sdk/2.1.1/src/rp2_common/pico_printf/printf.c.obj
 .text._vsnprintf
                0x100025ac      0x9e4 CMakeFiles/frimware.dir/C_/Users/User/.pico-sdk/sdk/2.1.1/src/rp2_common/pico_printf/printf.c.obj
 .text.vfctprintf
                0x10002f90       0x28 CMakeFiles/frimware.dir/C_/Users/User/.pico-sdk/sdk/2.1.1/src/rp2_common/pico_printf/printf.c.obj
                0x10002f90                vfctprintf
 .text.weak_raw_vprintf
                0x10002fb8       0x30 CMakeFiles/frimware.dir/C_/Users/User/.pico-sdk/sdk/2.1.1/src/rp2_common/pico_printf/printf.c.obj
                0x10002fb8                weak_raw_vprintf
 .text._exit    0x10002fe8        0x4 CMakeFiles/frimware.dir/C_/Users/User/.pico-sdk/sdk/2.1.1/src/rp2_common/pico_clib_interface/newlib_interface.c.obj
                0x10002fe8                _exit
 .text._sbrk    0x10002fec       0x2c CMakeFiles/frimware.dir/C_/Users/User/.pico-sdk/sdk/2.1.1/src/rp2_common/pico_clib_interface/newlib_interface.c.obj
                0x10002fec                _sbrk
 .text.exit     0x10003018        0x8 CMakeFiles/frimware.dir/C_/Users/User/.pico-sdk/sdk/2.1.1/src/rp2_common/pico_clib_interface/newlib_interface.c.obj
                0x10003018                exit
 .text.runtime_init
                0x10003020       0x24 CMakeFiles/frimware.dir/C_/Users/User/.pico-sdk/sdk/2.1.1/src/rp2_common/pico_clib_interface/newlib_interface.c.obj
                0x10003020                runtime_init
 .text.stdio_out_chars_no_crlf
                0x10003044        0x8 CMakeFiles/frimware.dir/C_/Users/User/.pico-sdk/sdk/2.1.1/src/rp2_common/pico_stdio/stdio.c.obj
 .text.stdio_out_chars_crlf
                0x1000304c       0xb0 CMakeFiles/frimware.dir/C_/Users/User/.pico-sdk/sdk/2.1.1/src/rp2_common/pico_stdio/stdio.c.obj
 .text.stdio_buffered_printer
                0x100030fc       0x60 CMakeFiles/frimware.dir/C_/Users/User/.pico-sdk/sdk/2.1.1/src/rp2_common/pico_stdio/stdio.c.obj
 .text.stdio_put_string
                0x1000315c       0xec CMakeFiles/frimware.dir/C_/Users/User/.pico-sdk/sdk/2.1.1/src/rp2_common/pico_stdio/stdio.c.obj
                0x1000315c                stdio_put_string
 .text.stdio_set_driver_enabled
                0x10003248       0x28 CMakeFiles/frimware.dir/C_/Users/User/.pico-sdk/sdk/2.1.1/src/rp2_common/pico_stdio/stdio.c.obj
                0x10003248                stdio_set_driver_enabled
 .text.stdio_init_all
                0x10003270        0x4 CMakeFiles/frimware.dir/C_/Users/User/.pico-sdk/sdk/2.1.1/src/rp2_common/pico_stdio/stdio.c.obj
                0x10003270                stdio_init_all
 .text.__wrap_putchar
                0x10003274       0x84 CMakeFiles/frimware.dir/C_/Users/User/.pico-sdk/sdk/2.1.1/src/rp2_common/pico_stdio/stdio.c.obj
                0x10003274                __wrap_putchar
                0x10003274                stdio_putchar
 .text.__wrap_puts
                0x100032f8       0x3c CMakeFiles/frimware.dir/C_/Users/User/.pico-sdk/sdk/2.1.1/src/rp2_common/pico_stdio/stdio.c.obj
                0x100032f8                stdio_puts
                0x100032f8                __wrap_puts
 .text.__wrap_vprintf
                0x10003334       0xc4 CMakeFiles/frimware.dir/C_/Users/User/.pico-sdk/sdk/2.1.1/src/rp2_common/pico_stdio/stdio.c.obj
                0x10003334                stdio_vprintf
                0x10003334                __wrap_vprintf
 .text.__wrap_printf
                0x100033f8       0x1c CMakeFiles/frimware.dir/C_/Users/User/.pico-sdk/sdk/2.1.1/src/rp2_common/pico_stdio/stdio.c.obj
                0x100033f8                __wrap_printf
                0x100033f8                stdio_printf
 .text.resetd_init
                0x10003414        0x4 CMakeFiles/frimware.dir/C_/Users/User/.pico-sdk/sdk/2.1.1/src/rp2_common/pico_stdio_usb/reset_interface.c.obj
 .text.resetd_reset
                0x10003418        0xc CMakeFiles/frimware.dir/C_/Users/User/.pico-sdk/sdk/2.1.1/src/rp2_common/pico_stdio_usb/reset_interface.c.obj
 .text.resetd_open
                0x10003424       0x28 CMakeFiles/frimware.dir/C_/Users/User/.pico-sdk/sdk/2.1.1/src/rp2_common/pico_stdio_usb/reset_interface.c.obj
 .text.resetd_xfer_cb
                0x1000344c        0x4 CMakeFiles/frimware.dir/C_/Users/User/.pico-sdk/sdk/2.1.1/src/rp2_common/pico_stdio_usb/reset_interface.c.obj
 .text.resetd_control_xfer_cb
                0x10003450       0x50 CMakeFiles/frimware.dir/C_/Users/User/.pico-sdk/sdk/2.1.1/src/rp2_common/pico_stdio_usb/reset_interface.c.obj
 .text.tud_descriptor_bos_cb
                0x100034a0        0x8 CMakeFiles/frimware.dir/C_/Users/User/.pico-sdk/sdk/2.1.1/src/rp2_common/pico_stdio_usb/reset_interface.c.obj
                0x100034a0                tud_descriptor_bos_cb
 .text.tud_vendor_control_xfer_cb
                0x100034a8       0x28 CMakeFiles/frimware.dir/C_/Users/User/.pico-sdk/sdk/2.1.1/src/rp2_common/pico_stdio_usb/reset_interface.c.obj
                0x100034a8                tud_vendor_control_xfer_cb
 .text.usbd_app_driver_get_cb
                0x100034d0       0x10 CMakeFiles/frimware.dir/C_/Users/User/.pico-sdk/sdk/2.1.1/src/rp2_common/pico_stdio_usb/reset_interface.c.obj
                0x100034d0                usbd_app_driver_get_cb
 .text.tud_cdc_line_coding_cb
                0x100034e0       0x18 CMakeFiles/frimware.dir/C_/Users/User/.pico-sdk/sdk/2.1.1/src/rp2_common/pico_stdio_usb/reset_interface.c.obj
                0x100034e0                tud_cdc_line_coding_cb
 .text.stdio_usb_set_chars_available_callback
                0x100034f8       0x14 CMakeFiles/frimware.dir/C_/Users/User/.pico-sdk/sdk/2.1.1/src/rp2_common/pico_stdio_usb/stdio_usb.c.obj
                0x100034f8                stdio_usb_set_chars_available_callback
 .text.timer_task
                0x1000350c       0x70 CMakeFiles/frimware.dir/C_/Users/User/.pico-sdk/sdk/2.1.1/src/rp2_common/pico_stdio_usb/stdio_usb.c.obj
 .text.usb_irq  0x1000357c        0xc CMakeFiles/frimware.dir/C_/Users/User/.pico-sdk/sdk/2.1.1/src/rp2_common/pico_stdio_usb/stdio_usb.c.obj
 .text.stdio_usb_in_chars
                0x10003588       0x88 CMakeFiles/frimware.dir/C_/Users/User/.pico-sdk/sdk/2.1.1/src/rp2_common/pico_stdio_usb/stdio_usb.c.obj
                0x10003588                stdio_usb_in_chars
 .text.stdio_usb_out_flush
                0x10003610       0x54 CMakeFiles/frimware.dir/C_/Users/User/.pico-sdk/sdk/2.1.1/src/rp2_common/pico_stdio_usb/stdio_usb.c.obj
 .text.stdio_usb_out_chars
                0x10003664       0xf4 CMakeFiles/frimware.dir/C_/Users/User/.pico-sdk/sdk/2.1.1/src/rp2_common/pico_stdio_usb/stdio_usb.c.obj
 .text.low_priority_worker_irq
                0x10003758       0xd8 CMakeFiles/frimware.dir/C_/Users/User/.pico-sdk/sdk/2.1.1/src/rp2_common/pico_stdio_usb/stdio_usb.c.obj
 .text.stdio_usb_init
                0x10003830       0xe8 CMakeFiles/frimware.dir/C_/Users/User/.pico-sdk/sdk/2.1.1/src/rp2_common/pico_stdio_usb/stdio_usb.c.obj
                0x10003830                stdio_usb_init
 .text.tud_descriptor_device_cb
                0x10003918        0x8 CMakeFiles/frimware.dir/C_/Users/User/.pico-sdk/sdk/2.1.1/src/rp2_common/pico_stdio_usb/stdio_usb_descriptors.c.obj
                0x10003918                tud_descriptor_device_cb
 .text.tud_descriptor_configuration_cb
                0x10003920        0x8 CMakeFiles/frimware.dir/C_/Users/User/.pico-sdk/sdk/2.1.1/src/rp2_common/pico_stdio_usb/stdio_usb_descriptors.c.obj
                0x10003920                tud_descriptor_configuration_cb
 .text.tud_descriptor_string_cb
                0x10003928       0x70 CMakeFiles/frimware.dir/C_/Users/User/.pico-sdk/sdk/2.1.1/src/rp2_common/pico_stdio_usb/stdio_usb_descriptors.c.obj
                0x10003928                tud_descriptor_string_cb
 .text.startup._retrieve_unique_id_on_boot
                0x10003998       0x30 CMakeFiles/frimware.dir/C_/Users/User/.pico-sdk/sdk/2.1.1/src/rp2_common/pico_unique_id/unique_id.c.obj
 .text.pico_get_unique_board_id_string
                0x100039c8      0x184 CMakeFiles/frimware.dir/C_/Users/User/.pico-sdk/sdk/2.1.1/src/rp2_common/pico_unique_id/unique_id.c.obj
                0x100039c8                pico_get_unique_board_id_string
 .text.dcd_init
                0x10003b4c       0x8c CMakeFiles/frimware.dir/C_/Users/User/.pico-sdk/sdk/2.1.1/lib/tinyusb/src/portable/raspberrypi/rp2040/dcd_rp2040.c.obj
                0x10003b4c                dcd_init
 .text.dcd_int_enable
                0x10003bd8        0x8 CMakeFiles/frimware.dir/C_/Users/User/.pico-sdk/sdk/2.1.1/lib/tinyusb/src/portable/raspberrypi/rp2040/dcd_rp2040.c.obj
                0x10003bd8                dcd_int_enable
 .text.dcd_set_address
                0x10003be0       0x10 CMakeFiles/frimware.dir/C_/Users/User/.pico-sdk/sdk/2.1.1/lib/tinyusb/src/portable/raspberrypi/rp2040/dcd_rp2040.c.obj
                0x10003be0                dcd_set_address
 .text.dcd_sof_enable
                0x10003bf0       0x1c CMakeFiles/frimware.dir/C_/Users/User/.pico-sdk/sdk/2.1.1/lib/tinyusb/src/portable/raspberrypi/rp2040/dcd_rp2040.c.obj
                0x10003bf0                dcd_sof_enable
 .text.dcd_edpt0_status_complete
                0x10003c0c       0x1c CMakeFiles/frimware.dir/C_/Users/User/.pico-sdk/sdk/2.1.1/lib/tinyusb/src/portable/raspberrypi/rp2040/dcd_rp2040.c.obj
                0x10003c0c                dcd_edpt0_status_complete
 .text.dcd_edpt_open
                0x10003c28      0x104 CMakeFiles/frimware.dir/C_/Users/User/.pico-sdk/sdk/2.1.1/lib/tinyusb/src/portable/raspberrypi/rp2040/dcd_rp2040.c.obj
                0x10003c28                dcd_edpt_open
 .text.dcd_edpt_close_all
                0x10003d2c        0x4 CMakeFiles/frimware.dir/C_/Users/User/.pico-sdk/sdk/2.1.1/lib/tinyusb/src/portable/raspberrypi/rp2040/dcd_rp2040.c.obj
                0x10003d2c                dcd_edpt_close_all
 .text.dcd_edpt_xfer
                0x10003d30       0x28 CMakeFiles/frimware.dir/C_/Users/User/.pico-sdk/sdk/2.1.1/lib/tinyusb/src/portable/raspberrypi/rp2040/dcd_rp2040.c.obj
                0x10003d30                dcd_edpt_xfer
 .text.dcd_edpt_stall
                0x10003d58       0x30 CMakeFiles/frimware.dir/C_/Users/User/.pico-sdk/sdk/2.1.1/lib/tinyusb/src/portable/raspberrypi/rp2040/dcd_rp2040.c.obj
                0x10003d58                dcd_edpt_stall
 .text.dcd_edpt_clear_stall
                0x10003d88       0x24 CMakeFiles/frimware.dir/C_/Users/User/.pico-sdk/sdk/2.1.1/lib/tinyusb/src/portable/raspberrypi/rp2040/dcd_rp2040.c.obj
                0x10003d88                dcd_edpt_clear_stall
 .text.rp2040_usb_init
                0x10003dac       0x40 CMakeFiles/frimware.dir/C_/Users/User/.pico-sdk/sdk/2.1.1/lib/tinyusb/src/portable/raspberrypi/rp2040/rp2040_usb.c.obj
                0x10003dac                rp2040_usb_init
 .text.hw_endpoint_xfer_start
                0x10003dec       0x40 CMakeFiles/frimware.dir/C_/Users/User/.pico-sdk/sdk/2.1.1/lib/tinyusb/src/portable/raspberrypi/rp2040/rp2040_usb.c.obj
                0x10003dec                hw_endpoint_xfer_start
 .text.configuration_reset
                0x10003e2c       0x8c CMakeFiles/frimware.dir/C_/Users/User/.pico-sdk/sdk/2.1.1/lib/tinyusb/src/device/usbd.c.obj
 .text.tud_event_hook_cb
                0x10003eb8        0x4 CMakeFiles/frimware.dir/C_/Users/User/.pico-sdk/sdk/2.1.1/lib/tinyusb/src/device/usbd.c.obj
                0x10003eb8                tud_event_hook_cb
 .text.tud_sof_cb
                0x10003ebc        0x4 CMakeFiles/frimware.dir/C_/Users/User/.pico-sdk/sdk/2.1.1/lib/tinyusb/src/device/usbd.c.obj
                0x10003ebc                tud_sof_cb
 .text.tud_descriptor_device_qualifier_cb
                0x10003ec0        0x4 CMakeFiles/frimware.dir/C_/Users/User/.pico-sdk/sdk/2.1.1/lib/tinyusb/src/device/usbd.c.obj
                0x10003ec0                tud_descriptor_device_qualifier_cb
 .text.tud_descriptor_other_speed_configuration_cb
                0x10003ec4        0x4 CMakeFiles/frimware.dir/C_/Users/User/.pico-sdk/sdk/2.1.1/lib/tinyusb/src/device/usbd.c.obj
                0x10003ec4                tud_descriptor_other_speed_configuration_cb
 .text.tud_mount_cb
                0x10003ec8        0x4 CMakeFiles/frimware.dir/C_/Users/User/.pico-sdk/sdk/2.1.1/lib/tinyusb/src/device/usbd.c.obj
                0x10003ec8                tud_mount_cb
 .text.tud_umount_cb
                0x10003ecc        0x4 CMakeFiles/frimware.dir/C_/Users/User/.pico-sdk/sdk/2.1.1/lib/tinyusb/src/device/usbd.c.obj
                0x10003ecc                tud_umount_cb
 .text.tud_suspend_cb
                0x10003ed0        0x4 CMakeFiles/frimware.dir/C_/Users/User/.pico-sdk/sdk/2.1.1/lib/tinyusb/src/device/usbd.c.obj
                0x10003ed0                tud_suspend_cb
 .text.tud_resume_cb
                0x10003ed4        0x4 CMakeFiles/frimware.dir/C_/Users/User/.pico-sdk/sdk/2.1.1/lib/tinyusb/src/device/usbd.c.obj
                0x10003ed4                tud_resume_cb
 .text.tud_mounted
                0x10003ed8       0x10 CMakeFiles/frimware.dir/C_/Users/User/.pico-sdk/sdk/2.1.1/lib/tinyusb/src/device/usbd.c.obj
                0x10003ed8                tud_mounted
 .text.tud_suspended
                0x10003ee8       0x10 CMakeFiles/frimware.dir/C_/Users/User/.pico-sdk/sdk/2.1.1/lib/tinyusb/src/device/usbd.c.obj
                0x10003ee8                tud_suspended
 .text.tud_rhport_init
                0x10003ef8       0xf4 CMakeFiles/frimware.dir/C_/Users/User/.pico-sdk/sdk/2.1.1/lib/tinyusb/src/device/usbd.c.obj
                0x10003ef8                tud_rhport_init
 .text.tud_task_ext
                0x10003fec      0x784 CMakeFiles/frimware.dir/C_/Users/User/.pico-sdk/sdk/2.1.1/lib/tinyusb/src/device/usbd.c.obj
                0x10003fec                tud_task_ext
 .text.usbd_open_edpt_pair
                0x10004770       0x9c CMakeFiles/frimware.dir/C_/Users/User/.pico-sdk/sdk/2.1.1/lib/tinyusb/src/device/usbd.c.obj
                0x10004770                usbd_open_edpt_pair
 .text.usbd_edpt_open
                0x1000480c       0x44 CMakeFiles/frimware.dir/C_/Users/User/.pico-sdk/sdk/2.1.1/lib/tinyusb/src/device/usbd.c.obj
                0x1000480c                usbd_edpt_open
 .text.usbd_edpt_claim
                0x10004850       0x24 CMakeFiles/frimware.dir/C_/Users/User/.pico-sdk/sdk/2.1.1/lib/tinyusb/src/device/usbd.c.obj
                0x10004850                usbd_edpt_claim
 .text.usbd_edpt_release
                0x10004874       0x24 CMakeFiles/frimware.dir/C_/Users/User/.pico-sdk/sdk/2.1.1/lib/tinyusb/src/device/usbd.c.obj
                0x10004874                usbd_edpt_release
 .text.usbd_edpt_xfer
                0x10004898       0x70 CMakeFiles/frimware.dir/C_/Users/User/.pico-sdk/sdk/2.1.1/lib/tinyusb/src/device/usbd.c.obj
                0x10004898                usbd_edpt_xfer
 .text.tud_control_status
                0x10004908       0x34 CMakeFiles/frimware.dir/C_/Users/User/.pico-sdk/sdk/2.1.1/lib/tinyusb/src/device/usbd_control.c.obj
                0x10004908                tud_control_status
 .text.tud_control_xfer
                0x1000493c       0xb0 CMakeFiles/frimware.dir/C_/Users/User/.pico-sdk/sdk/2.1.1/lib/tinyusb/src/device/usbd_control.c.obj
                0x1000493c                tud_control_xfer
 .text.usbd_control_reset
                0x100049ec       0x14 CMakeFiles/frimware.dir/C_/Users/User/.pico-sdk/sdk/2.1.1/lib/tinyusb/src/device/usbd_control.c.obj
                0x100049ec                usbd_control_reset
 .text.usbd_control_set_complete_callback
                0x10004a00        0xc CMakeFiles/frimware.dir/C_/Users/User/.pico-sdk/sdk/2.1.1/lib/tinyusb/src/device/usbd_control.c.obj
                0x10004a00                usbd_control_set_complete_callback
 .text.usbd_control_set_request
                0x10004a0c       0x1c CMakeFiles/frimware.dir/C_/Users/User/.pico-sdk/sdk/2.1.1/lib/tinyusb/src/device/usbd_control.c.obj
                0x10004a0c                usbd_control_set_request
 .text.usbd_control_xfer_cb
                0x10004a28      0x100 CMakeFiles/frimware.dir/C_/Users/User/.pico-sdk/sdk/2.1.1/lib/tinyusb/src/device/usbd_control.c.obj
                0x10004a28                usbd_control_xfer_cb
 .text._prep_out_transaction.isra.0
                0x10004b28       0x74 CMakeFiles/frimware.dir/C_/Users/User/.pico-sdk/sdk/2.1.1/lib/tinyusb/src/class/cdc/cdc_device.c.obj
 .text.tud_cdc_n_connected
                0x10004b9c       0x2c CMakeFiles/frimware.dir/C_/Users/User/.pico-sdk/sdk/2.1.1/lib/tinyusb/src/class/cdc/cdc_device.c.obj
                0x10004b9c                tud_cdc_n_connected
 .text.tud_cdc_n_available
                0x10004bc8       0x14 CMakeFiles/frimware.dir/C_/Users/User/.pico-sdk/sdk/2.1.1/lib/tinyusb/src/class/cdc/cdc_device.c.obj
                0x10004bc8                tud_cdc_n_available
 .text.tud_cdc_n_read
                0x10004bdc       0x90 CMakeFiles/frimware.dir/C_/Users/User/.pico-sdk/sdk/2.1.1/lib/tinyusb/src/class/cdc/cdc_device.c.obj
                0x10004bdc                tud_cdc_n_read
 .text.tud_cdc_n_write_flush
                0x10004c6c       0x8c CMakeFiles/frimware.dir/C_/Users/User/.pico-sdk/sdk/2.1.1/lib/tinyusb/src/class/cdc/cdc_device.c.obj
                0x10004c6c                tud_cdc_n_write_flush
 .text.tud_cdc_n_write
                0x10004cf8       0x40 CMakeFiles/frimware.dir/C_/Users/User/.pico-sdk/sdk/2.1.1/lib/tinyusb/src/class/cdc/cdc_device.c.obj
                0x10004cf8                tud_cdc_n_write
 .text.tud_cdc_n_write_available
                0x10004d38       0x14 CMakeFiles/frimware.dir/C_/Users/User/.pico-sdk/sdk/2.1.1/lib/tinyusb/src/class/cdc/cdc_device.c.obj
                0x10004d38                tud_cdc_n_write_available
 .text.cdcd_init
                0x10004d4c       0x70 CMakeFiles/frimware.dir/C_/Users/User/.pico-sdk/sdk/2.1.1/lib/tinyusb/src/class/cdc/cdc_device.c.obj
                0x10004d4c                cdcd_init
 .text.cdcd_deinit
                0x10004dbc       0x30 CMakeFiles/frimware.dir/C_/Users/User/.pico-sdk/sdk/2.1.1/lib/tinyusb/src/class/cdc/cdc_device.c.obj
                0x10004dbc                cdcd_deinit
 .text.cdcd_reset
                0x10004dec       0x4c CMakeFiles/frimware.dir/C_/Users/User/.pico-sdk/sdk/2.1.1/lib/tinyusb/src/class/cdc/cdc_device.c.obj
                0x10004dec                cdcd_reset
 .text.cdcd_open
                0x10004e38       0xc0 CMakeFiles/frimware.dir/C_/Users/User/.pico-sdk/sdk/2.1.1/lib/tinyusb/src/class/cdc/cdc_device.c.obj
                0x10004e38                cdcd_open
 .text.cdcd_control_xfer_cb
                0x10004ef8       0xc0 CMakeFiles/frimware.dir/C_/Users/User/.pico-sdk/sdk/2.1.1/lib/tinyusb/src/class/cdc/cdc_device.c.obj
                0x10004ef8                cdcd_control_xfer_cb
 .text.cdcd_xfer_cb
                0x10004fb8       0xf8 CMakeFiles/frimware.dir/C_/Users/User/.pico-sdk/sdk/2.1.1/lib/tinyusb/src/class/cdc/cdc_device.c.obj
                0x10004fb8                cdcd_xfer_cb
 .text.vendord_init
                0x100050b0       0x5c CMakeFiles/frimware.dir/C_/Users/User/.pico-sdk/sdk/2.1.1/lib/tinyusb/src/class/vendor/vendor_device.c.obj
                0x100050b0                vendord_init
 .text.vendord_deinit
                0x1000510c       0x1c CMakeFiles/frimware.dir/C_/Users/User/.pico-sdk/sdk/2.1.1/lib/tinyusb/src/class/vendor/vendor_device.c.obj
                0x1000510c                vendord_deinit
 .text.vendord_reset
                0x10005128       0x24 CMakeFiles/frimware.dir/C_/Users/User/.pico-sdk/sdk/2.1.1/lib/tinyusb/src/class/vendor/vendor_device.c.obj
                0x10005128                vendord_reset
 .text.vendord_open
                0x1000514c       0xf4 CMakeFiles/frimware.dir/C_/Users/User/.pico-sdk/sdk/2.1.1/lib/tinyusb/src/class/vendor/vendor_device.c.obj
                0x1000514c                vendord_open
 .text.vendord_xfer_cb
                0x10005240       0x88 CMakeFiles/frimware.dir/C_/Users/User/.pico-sdk/sdk/2.1.1/lib/tinyusb/src/class/vendor/vendor_device.c.obj
                0x10005240                vendord_xfer_cb
 .text.tusb_rhport_init
                0x100052c8       0x64 CMakeFiles/frimware.dir/C_/Users/User/.pico-sdk/sdk/2.1.1/lib/tinyusb/src/tusb.c.obj
                0x100052c8                tusb_rhport_init
 .text.tu_edpt_claim
                0x1000532c       0x54 CMakeFiles/frimware.dir/C_/Users/User/.pico-sdk/sdk/2.1.1/lib/tinyusb/src/tusb.c.obj
                0x1000532c                tu_edpt_claim
 .text.tu_edpt_release
                0x10005380       0x38 CMakeFiles/frimware.dir/C_/Users/User/.pico-sdk/sdk/2.1.1/lib/tinyusb/src/tusb.c.obj
                0x10005380                tu_edpt_release
 .text.tu_edpt_validate
                0x100053b8       0x60 CMakeFiles/frimware.dir/C_/Users/User/.pico-sdk/sdk/2.1.1/lib/tinyusb/src/tusb.c.obj
                0x100053b8                tu_edpt_validate
 .text.tu_edpt_bind_driver
                0x10005418       0x58 CMakeFiles/frimware.dir/C_/Users/User/.pico-sdk/sdk/2.1.1/lib/tinyusb/src/tusb.c.obj
                0x10005418                tu_edpt_bind_driver
 .text.tu_edpt_stream_init
                0x10005470       0x58 CMakeFiles/frimware.dir/C_/Users/User/.pico-sdk/sdk/2.1.1/lib/tinyusb/src/tusb.c.obj
                0x10005470                tu_edpt_stream_init
 .text.tu_edpt_stream_deinit
                0x100054c8        0x4 CMakeFiles/frimware.dir/C_/Users/User/.pico-sdk/sdk/2.1.1/lib/tinyusb/src/tusb.c.obj
                0x100054c8                tu_edpt_stream_deinit
 .text.tu_edpt_stream_write_zlp_if_needed
                0x100054cc       0x68 CMakeFiles/frimware.dir/C_/Users/User/.pico-sdk/sdk/2.1.1/lib/tinyusb/src/tusb.c.obj
                0x100054cc                tu_edpt_stream_write_zlp_if_needed
 .text.tu_edpt_stream_write_xfer
                0x10005534       0x70 CMakeFiles/frimware.dir/C_/Users/User/.pico-sdk/sdk/2.1.1/lib/tinyusb/src/tusb.c.obj
                0x10005534                tu_edpt_stream_write_xfer
 .text.tu_edpt_stream_read_xfer
                0x100055a4       0xc8 CMakeFiles/frimware.dir/C_/Users/User/.pico-sdk/sdk/2.1.1/lib/tinyusb/src/tusb.c.obj
                0x100055a4                tu_edpt_stream_read_xfer
 .text.tu_fifo_config
                0x1000566c       0x60 CMakeFiles/frimware.dir/C_/Users/User/.pico-sdk/sdk/2.1.1/lib/tinyusb/src/common/tusb_fifo.c.obj
                0x1000566c                tu_fifo_config
 .text.tu_fifo_count
                0x100056cc       0x20 CMakeFiles/frimware.dir/C_/Users/User/.pico-sdk/sdk/2.1.1/lib/tinyusb/src/common/tusb_fifo.c.obj
                0x100056cc                tu_fifo_count
 .text.tu_fifo_empty
                0x100056ec       0x14 CMakeFiles/frimware.dir/C_/Users/User/.pico-sdk/sdk/2.1.1/lib/tinyusb/src/common/tusb_fifo.c.obj
                0x100056ec                tu_fifo_empty
 .text.tu_fifo_remaining
                0x10005700       0x24 CMakeFiles/frimware.dir/C_/Users/User/.pico-sdk/sdk/2.1.1/lib/tinyusb/src/common/tusb_fifo.c.obj
                0x10005700                tu_fifo_remaining
 .text.tu_fifo_read
                0x10005724       0x94 CMakeFiles/frimware.dir/C_/Users/User/.pico-sdk/sdk/2.1.1/lib/tinyusb/src/common/tusb_fifo.c.obj
                0x10005724                tu_fifo_read
 .text.tu_fifo_read_n
                0x100057b8       0xd8 CMakeFiles/frimware.dir/C_/Users/User/.pico-sdk/sdk/2.1.1/lib/tinyusb/src/common/tusb_fifo.c.obj
                0x100057b8                tu_fifo_read_n
 .text.tu_fifo_write
                0x10005890       0xa4 CMakeFiles/frimware.dir/C_/Users/User/.pico-sdk/sdk/2.1.1/lib/tinyusb/src/common/tusb_fifo.c.obj
                0x10005890                tu_fifo_write
 .text.tu_fifo_write_n
                0x10005934      0x15c CMakeFiles/frimware.dir/C_/Users/User/.pico-sdk/sdk/2.1.1/lib/tinyusb/src/common/tusb_fifo.c.obj
                0x10005934                tu_fifo_write_n
 .text.tu_fifo_clear
                0x10005a90       0x38 CMakeFiles/frimware.dir/C_/Users/User/.pico-sdk/sdk/2.1.1/lib/tinyusb/src/common/tusb_fifo.c.obj
                0x10005a90                tu_fifo_clear
 .text.tu_fifo_set_overwritable
                0x10005ac8       0x3c CMakeFiles/frimware.dir/C_/Users/User/.pico-sdk/sdk/2.1.1/lib/tinyusb/src/common/tusb_fifo.c.obj
                0x10005ac8                tu_fifo_set_overwritable
 .text.adc_init
                0x10005b04       0x30 CMakeFiles/frimware.dir/C_/Users/User/.pico-sdk/sdk/2.1.1/src/rp2_common/hardware_adc/adc.c.obj
                0x10005b04                adc_init
 .text.exception_set_exclusive_handler
                0x10005b34       0x4c CMakeFiles/frimware.dir/C_/Users/User/.pico-sdk/sdk/2.1.1/src/rp2_common/hardware_exception/exception.c.obj
                0x10005b34                exception_set_exclusive_handler
 .text.prvCopyDataToQueue
                0x10005b80       0x78 freertos/libfreertos.a(queue.c.obj)
 .text.xQueueGenericCreate
                0x10005bf8       0x78 freertos/libfreertos.a(queue.c.obj)
                0x10005bf8                xQueueGenericCreate
 .text.xQueueGenericSend
                0x10005c70      0x280 freertos/libfreertos.a(queue.c.obj)
                0x10005c70                xQueueGenericSend
 .text.xQueueReceive
                0x10005ef0      0x288 freertos/libfreertos.a(queue.c.obj)
                0x10005ef0                xQueueReceive
 .text.vQueueAddToRegistry
                0x10006178      0x180 freertos/libfreertos.a(queue.c.obj)
                0x10006178                vQueueAddToRegistry
 .text.vQueueWaitForMessageRestricted
                0x100062f8       0xc8 freertos/libfreertos.a(queue.c.obj)
                0x100062f8                vQueueWaitForMessageRestricted
 .text.prvAddNewTaskToReadyList
                0x100063c0      0x118 freertos/libfreertos.a(tasks.c.obj)
 .text.prvIdleTask
                0x100064d8       0x5c freertos/libfreertos.a(tasks.c.obj)
 .text.xTaskIncrementTick.part.0
                0x10006534      0x15c freertos/libfreertos.a(tasks.c.obj)
 .text.xTaskCreate
                0x10006690      0x104 freertos/libfreertos.a(tasks.c.obj)
                0x10006690                xTaskCreate
 .text.vTaskStartScheduler
                0x10006794       0xc0 freertos/libfreertos.a(tasks.c.obj)
                0x10006794                vTaskStartScheduler
 .text.vTaskSuspendAll
                0x10006854       0x10 freertos/libfreertos.a(tasks.c.obj)
                0x10006854                vTaskSuspendAll
 .text.xTaskResumeAll
                0x10006864      0x180 freertos/libfreertos.a(tasks.c.obj)
                0x10006864                xTaskResumeAll
 .text.vTaskDelay
                0x100069e4       0x84 freertos/libfreertos.a(tasks.c.obj)
                0x100069e4                vTaskDelay
 .text.xTaskGetTickCount
                0x10006a68        0xc freertos/libfreertos.a(tasks.c.obj)
                0x10006a68                xTaskGetTickCount
 .text.xTaskIncrementTick
                0x10006a74       0x20 freertos/libfreertos.a(tasks.c.obj)
                0x10006a74                xTaskIncrementTick
 .text.vTaskSwitchContext
                0x10006a94       0xa4 freertos/libfreertos.a(tasks.c.obj)
                0x10006a94                vTaskSwitchContext
 .text.vTaskPlaceOnEventList
                0x10006b38       0x98 freertos/libfreertos.a(tasks.c.obj)
                0x10006b38                vTaskPlaceOnEventList
 .text.vTaskPlaceOnEventListRestricted
                0x10006bd0       0xcc freertos/libfreertos.a(tasks.c.obj)
                0x10006bd0                vTaskPlaceOnEventListRestricted
 .text.xTaskRemoveFromEventList
                0x10006c9c       0xd0 freertos/libfreertos.a(tasks.c.obj)
                0x10006c9c                xTaskRemoveFromEventList
 .text.vTaskInternalSetTimeOutState
                0x10006d6c       0x18 freertos/libfreertos.a(tasks.c.obj)
                0x10006d6c                vTaskInternalSetTimeOutState
 .text.xTaskCheckForTimeOut
                0x10006d84       0x60 freertos/libfreertos.a(tasks.c.obj)
                0x10006d84                xTaskCheckForTimeOut
 .text.vTaskMissedYield
                0x10006de4        0xc freertos/libfreertos.a(tasks.c.obj)
                0x10006de4                vTaskMissedYield
 .text.xTaskPriorityDisinherit
                0x10006df0       0x6c freertos/libfreertos.a(tasks.c.obj)
                0x10006df0                xTaskPriorityDisinherit
 .text.prvTimerTask
                0x10006e5c      0x350 freertos/libfreertos.a(timers.c.obj)
 .text.xTimerCreateTimerTask
                0x100071ac       0x84 freertos/libfreertos.a(timers.c.obj)
                0x100071ac                xTimerCreateTimerTask
 .text.pvPortMalloc
                0x10007230       0x18 freertos/libfreertos.a(heap_3.c.obj)
                0x10007230                pvPortMalloc
 .text.vPortFree
                0x10007248       0x1c freertos/libfreertos.a(heap_3.c.obj)
                0x10007248                vPortFree
 .text.prvTaskExitError
                0x10007264       0x18 freertos/libfreertos.a(port.c.obj)
 .text.isr_systick
                0x1000727c       0x24 freertos/libfreertos.a(port.c.obj)
                0x1000727c                isr_systick
 .text.vPortSetupTimerInterrupt
                0x100072a0       0x2c freertos/libfreertos.a(port.c.obj)
                0x100072a0                vPortSetupTimerInterrupt
 .text.vPortYield
                0x100072cc       0x18 freertos/libfreertos.a(port.c.obj)
                0x100072cc                vPortYield
 .text.vPortEnterCritical
                0x100072e4       0x1c freertos/libfreertos.a(port.c.obj)
                0x100072e4                vPortEnterCritical
 .text.vPortExitCritical
                0x10007300       0x18 freertos/libfreertos.a(port.c.obj)
                0x10007300                vPortExitCritical
 .text.vPortSVCHandler_C
                0x10007318       0x2c freertos/libfreertos.a(port.c.obj)
                0x10007318                vPortSVCHandler_C
 .text.pxPortInitialiseStack
                0x10007344       0x78 freertos/libfreertos.a(port.c.obj)
                0x10007344                pxPortInitialiseStack
 .text.xPortStartScheduler
                0x100073bc       0xdc freertos/libfreertos.a(port.c.obj)
                0x100073bc                xPortStartScheduler
 .text.startup.prvRuntimeInitializer
                0x10007498       0x24 freertos/libfreertos.a(port.c.obj)
 .text.vRestoreContextOfFirstTask
                0x100074bc       0x2c freertos/libfreertos.a(portasm.c.obj)
                0x100074bc                vRestoreContextOfFirstTask
 .text.vStartFirstTask
                0x100074e8       0x10 freertos/libfreertos.a(portasm.c.obj)
                0x100074e8                vStartFirstTask
 .text.ulSetInterruptMask
                0x100074f8       0x18 freertos/libfreertos.a(portasm.c.obj)
                0x100074f8                ulSetInterruptMask
 .text.vClearInterruptMask
                0x10007510       0x10 freertos/libfreertos.a(portasm.c.obj)
                0x10007510                vClearInterruptMask
 .text.isr_pendsv
                0x10007520       0x80 freertos/libfreertos.a(portasm.c.obj)
                0x10007520                isr_pendsv
 .text.isr_svcall
                0x100075a0       0x18 freertos/libfreertos.a(portasm.c.obj)
                0x100075a0                isr_svcall
 .text.xEventGroupCreate
                0x100075b8       0x1c freertos/libfreertos.a(event_groups.c.obj)
                0x100075b8                xEventGroupCreate
 .text.vListInitialise
                0x100075d4       0x18 freertos/libfreertos.a(list.c.obj)
                0x100075d4                vListInitialise
 .text.vListInitialiseItem
                0x100075ec        0x8 freertos/libfreertos.a(list.c.obj)
                0x100075ec                vListInitialiseItem
 .text.vListInsert
                0x100075f4       0x30 freertos/libfreertos.a(list.c.obj)
                0x100075f4                vListInsert
 .text.uxListRemove
                0x10007624       0x28 freertos/libfreertos.a(list.c.obj)
                0x10007624                uxListRemove
 .text.malloc   0x1000764c       0x10 C:/Users/User/.pico-sdk/toolchain/14_2_Rel1/bin/../lib/gcc/arm-none-eabi/14.2.1/thumb/v8-m.main+fp/softfp\libg.a(libc_a-malloc.o)
                0x1000764c                malloc
 .text.free     0x1000765c       0x10 C:/Users/User/.pico-sdk/toolchain/14_2_Rel1/bin/../lib/gcc/arm-none-eabi/14.2.1/thumb/v8-m.main+fp/softfp\libg.a(libc_a-malloc.o)
                0x1000765c                free
 .text._malloc_r
                0x1000766c      0x578 C:/Users/User/.pico-sdk/toolchain/14_2_Rel1/bin/../lib/gcc/arm-none-eabi/14.2.1/thumb/v8-m.main+fp/softfp\libg.a(libc_a-mallocr.o)
                0x1000766c                _malloc_r
 .text.__malloc_lock
                0x10007be4        0xc C:/Users/User/.pico-sdk/toolchain/14_2_Rel1/bin/../lib/gcc/arm-none-eabi/14.2.1/thumb/v8-m.main+fp/softfp\libg.a(libc_a-mlock.o)
                0x10007be4                __malloc_lock
 .text.__malloc_unlock
                0x10007bf0        0xc C:/Users/User/.pico-sdk/toolchain/14_2_Rel1/bin/../lib/gcc/arm-none-eabi/14.2.1/thumb/v8-m.main+fp/softfp\libg.a(libc_a-mlock.o)
                0x10007bf0                __malloc_unlock
 .text.memset   0x10007bfc       0x9c C:/Users/User/.pico-sdk/toolchain/14_2_Rel1/bin/../lib/gcc/arm-none-eabi/14.2.1/thumb/v8-m.main+fp/softfp\libg.a(libc_a-memset.o)
                0x10007bfc                memset
 .text._sbrk_r  0x10007c98       0x24 C:/Users/User/.pico-sdk/toolchain/14_2_Rel1/bin/../lib/gcc/arm-none-eabi/14.2.1/thumb/v8-m.main+fp/softfp\libg.a(libc_a-sbrkr.o)
                0x10007c98                _sbrk_r
 .text.__errno  0x10007cbc        0xc C:/Users/User/.pico-sdk/toolchain/14_2_Rel1/bin/../lib/gcc/arm-none-eabi/14.2.1/thumb/v8-m.main+fp/softfp\libg.a(libc_a-errno.o)
                0x10007cbc                __errno
 .text.__retarget_lock_acquire_recursive
                0x10007cc8        0x4 C:/Users/User/.pico-sdk/toolchain/14_2_Rel1/bin/../lib/gcc/arm-none-eabi/14.2.1/thumb/v8-m.main+fp/softfp\libg.a(libc_a-lock.o)
                0x10007cc8                __retarget_lock_acquire_recursive
 .text.__retarget_lock_release_recursive
                0x10007ccc        0x4 C:/Users/User/.pico-sdk/toolchain/14_2_Rel1/bin/../lib/gcc/arm-none-eabi/14.2.1/thumb/v8-m.main+fp/softfp\libg.a(libc_a-lock.o)
                0x10007ccc                __retarget_lock_release_recursive
 .text.sysconf  0x10007cd0       0x1c C:/Users/User/.pico-sdk/toolchain/14_2_Rel1/bin/../lib/gcc/arm-none-eabi/14.2.1/thumb/v8-m.main+fp/softfp\libg.a(libc_a-sysconf.o)
                0x10007cd0                sysconf
 .text          0x10007cec       0xec C:/Users/User/.pico-sdk/toolchain/14_2_Rel1/bin/../lib/gcc/arm-none-eabi/14.2.1/thumb/v8-m.main+fp/softfp\libg.a(libc_a-memcpy.o)
                0x10007cec                memcpy
 .text.strlen   0x10007dd8       0x5c C:/Users/User/.pico-sdk/toolchain/14_2_Rel1/bin/../lib/gcc/arm-none-eabi/14.2.1/thumb/v8-m.main+fp/softfp\libg.a(libc_a-strlen-stub.o)
                0x10007dd8                strlen
 .text._malloc_trim_r
                0x10007e34       0xb8 C:/Users/User/.pico-sdk/toolchain/14_2_Rel1/bin/../lib/gcc/arm-none-eabi/14.2.1/thumb/v8-m.main+fp/softfp\libg.a(libc_a-freer.o)
                0x10007e34                _malloc_trim_r
 .text._free_r  0x10007eec      0x1e8 C:/Users/User/.pico-sdk/toolchain/14_2_Rel1/bin/../lib/gcc/arm-none-eabi/14.2.1/thumb/v8-m.main+fp/softfp\libg.a(libc_a-freer.o)
                0x10007eec                _free_r
 *(.fini)
 .fini          0x100080d4        0x4 C:/Users/User/.pico-sdk/toolchain/14_2_Rel1/bin/../lib/gcc/arm-none-eabi/14.2.1/thumb/v8-m.main+fp/softfp/crti.o
                0x100080d4                _fini
 .fini.__stub   0x100080d8       0x58 linker stubs
 *crtbegin.o(.ctors)
 *crtbegin?.o(.ctors)
 *(EXCLUDE_FILE(*crtend.o *crtend?.o) .ctors)
 *(SORT_BY_NAME(.ctors.*))
 *(.ctors)
 *crtbegin.o(.dtors)
 *crtbegin?.o(.dtors)
 *(EXCLUDE_FILE(*crtend.o *crtend?.o) .dtors)
 *(SORT_BY_NAME(.dtors.*))
 *(.dtors)
                0x10008130                        . = ALIGN (0x4)
                0x10008130                        PROVIDE (__preinit_array_start = .)
 *(SORT_BY_NAME(.preinit_array.*))
 .preinit_array.00050
                0x10008130        0x4 CMakeFiles/frimware.dir/C_/Users/User/.pico-sdk/sdk/2.1.1/src/rp2_common/pico_runtime_init/runtime_init.c.obj
                0x10008130                __pre_init_runtime_init_bootrom_reset
 .preinit_array.00100
                0x10008134        0x4 CMakeFiles/frimware.dir/C_/Users/User/.pico-sdk/sdk/2.1.1/src/rp2_common/pico_runtime_init/runtime_init.c.obj
                0x10008134                __pre_init_runtime_init_early_resets
 .preinit_array.00101
                0x10008138        0x4 CMakeFiles/frimware.dir/C_/Users/User/.pico-sdk/sdk/2.1.1/src/rp2_common/pico_runtime_init/runtime_init.c.obj
                0x10008138                __pre_init_runtime_init_usb_power_down
 .preinit_array.00500
                0x1000813c        0x4 CMakeFiles/frimware.dir/C_/Users/User/.pico-sdk/sdk/2.1.1/src/rp2_common/pico_runtime_init/runtime_init.c.obj
                0x1000813c                __pre_init_runtime_init_clocks
 .preinit_array.00600
                0x10008140        0x4 CMakeFiles/frimware.dir/C_/Users/User/.pico-sdk/sdk/2.1.1/src/rp2_common/pico_runtime_init/runtime_init.c.obj
                0x10008140                __pre_init_runtime_init_post_clock_resets
 .preinit_array.01000
                0x10008144        0x4 CMakeFiles/frimware.dir/C_/Users/User/.pico-sdk/sdk/2.1.1/src/rp2_common/hardware_boot_lock/boot_lock.c.obj
                0x10008144                __pre_init_runtime_init_boot_locks_reset
 .preinit_array.01000
                0x10008148        0x4 CMakeFiles/frimware.dir/C_/Users/User/.pico-sdk/sdk/2.1.1/src/rp2_common/pico_runtime_init/runtime_init.c.obj
                0x10008148                __pre_init_runtime_init_spin_locks_reset
 .preinit_array.01010
                0x1000814c        0x4 CMakeFiles/frimware.dir/C_/Users/User/.pico-sdk/sdk/2.1.1/src/rp2_common/pico_bootrom/bootrom_lock.c.obj
                0x1000814c                __pre_init_runtime_init_bootrom_locking_enable
 .preinit_array.01100
                0x10008150        0x4 CMakeFiles/frimware.dir/C_/Users/User/.pico-sdk/sdk/2.1.1/src/common/pico_sync/mutex.c.obj
                0x10008150                __pre_init_runtime_init_mutex
 .preinit_array.10080
                0x10008154        0x4 CMakeFiles/frimware.dir/C_/Users/User/.pico-sdk/sdk/2.1.1/src/rp2_common/pico_runtime_init/runtime_init.c.obj
                0x10008154                __pre_init_runtime_init_install_ram_vector_table
 .preinit_array.11000
                0x10008158        0x4 CMakeFiles/frimware.dir/C_/Users/User/.pico-sdk/sdk/2.1.1/src/common/pico_time/time.c.obj
                0x10008158                __pre_init_runtime_init_default_alarm_pool
 .preinit_array.YYYYY
                0x1000815c        0x4 CMakeFiles/frimware.dir/C_/Users/User/.pico-sdk/sdk/2.1.1/src/rp2_common/pico_runtime/runtime.c.obj
                0x1000815c                __pre_init_first_per_core_initializer
 .preinit_array.ZZZZZ.00051
                0x10008160        0x4 CMakeFiles/frimware.dir/C_/Users/User/.pico-sdk/sdk/2.1.1/src/rp2_common/pico_runtime_init/runtime_init.c.obj
                0x10008160                __pre_init_runtime_init_per_core_bootrom_reset
 .preinit_array.ZZZZZ.00200
                0x10008164        0x4 CMakeFiles/frimware.dir/C_/Users/User/.pico-sdk/sdk/2.1.1/src/rp2_common/pico_runtime_init/runtime_init.c.obj
                0x10008164                __pre_init_runtime_init_per_core_enable_coprocessors
 .preinit_array.ZZZZZ.01000
                0x10008168        0x4 CMakeFiles/frimware.dir/C_/Users/User/.pico-sdk/sdk/2.1.1/src/rp2_common/hardware_sync_spin_lock/sync_spin_lock.c.obj
                0x10008168                __pre_init_spinlock_set_extexclall
 .preinit_array.ZZZZZ.01200
                0x1000816c        0x4 CMakeFiles/frimware.dir/C_/Users/User/.pico-sdk/sdk/2.1.1/src/rp2_common/hardware_irq/irq.c.obj
                0x1000816c                __pre_init_runtime_init_per_core_irq_priorities
 *(.preinit_array)
                0x10008170                        PROVIDE (__preinit_array_end = .)
                0x10008170                        . = ALIGN (0x4)
                0x10008170                        PROVIDE (__init_array_start = .)
 *(SORT_BY_NAME(.init_array.*))
 *(.init_array)
 .init_array    0x10008170        0x4 C:/Users/User/.pico-sdk/toolchain/14_2_Rel1/bin/../lib/gcc/arm-none-eabi/14.2.1/thumb/v8-m.main+fp/softfp/crtbegin.o
 .init_array    0x10008174        0x4 CMakeFiles/frimware.dir/C_/Users/User/.pico-sdk/sdk/2.1.1/src/rp2_common/pico_unique_id/unique_id.c.obj
 .init_array    0x10008178        0x4 freertos/libfreertos.a(port.c.obj)
                0x1000817c                        PROVIDE (__init_array_end = .)
                0x1000817c                        . = ALIGN (0x4)
                [!provide]                        PROVIDE (__fini_array_start = .)
 *(SORT_BY_NAME(.fini_array.*))
 *(.fini_array)
                [!provide]                        PROVIDE (__fini_array_end = .)
 *(.eh_frame*)
 .eh_frame      0x1000817c        0x0 C:/Users/User/.pico-sdk/toolchain/14_2_Rel1/bin/../lib/gcc/arm-none-eabi/14.2.1/thumb/v8-m.main+fp/softfp/crtbegin.o
                0x1000817c                        . = ALIGN (0x4)

.glue_7         0x1000817c        0x0
 .glue_7        0x1000817c        0x0 linker stubs

.glue_7t        0x1000817c        0x0
 .glue_7t       0x1000817c        0x0 linker stubs

.vfp11_veneer   0x1000817c        0x0
 .vfp11_veneer  0x1000817c        0x0 linker stubs

.v4_bx          0x1000817c        0x0
 .v4_bx         0x1000817c        0x0 linker stubs

.iplt           0x1000817c        0x0
 .iplt          0x1000817c        0x0 C:/Users/User/.pico-sdk/toolchain/14_2_Rel1/bin/../lib/gcc/arm-none-eabi/14.2.1/thumb/v8-m.main+fp/softfp/crtbegin.o

.boot2          0x1000817c        0x0
                0x1000817c                        __boot2_start__ = .
 *(.boot2)
                0x1000817c                        __boot2_end__ = .
                0x00000001                        ASSERT (((__boot2_end__ - __boot2_start__) <= 0x100), ERROR: Pico second stage bootloader must be no more than 256 bytes in size)

.rodata         0x10008180      0x430
 *(EXCLUDE_FILE(*libm.a: *libc.a:*lib_a-mem*.o *libgcc.a:) .rodata*)
 .rodata.vShowTempTask.str1.4
                0x10008180      0x1c0 CMakeFiles/frimware.dir/frimware.c.obj
                                 0x10 (size before relaxing)
 .rodata.main.str1.4
                0x10008340       0x19 CMakeFiles/frimware.dir/frimware.c.obj
 .rodata.panic.str1.4
                0x10008340       0x12 CMakeFiles/frimware.dir/C_/Users/User/.pico-sdk/sdk/2.1.1/src/rp2_common/pico_platform_panic/panic.c.obj
 .rodata.spin_lock_claim_unused.str1.4
                0x10008340       0x1b CMakeFiles/frimware.dir/C_/Users/User/.pico-sdk/sdk/2.1.1/src/rp2_common/hardware_sync/sync.c.obj
 .rodata.user_irq_claim_unused.str1.4
                0x10008340       0x1b CMakeFiles/frimware.dir/C_/Users/User/.pico-sdk/sdk/2.1.1/src/rp2_common/hardware_irq/irq.c.obj
 .rodata.timer_hardware_alarm_claim.str1.4
                0x10008340       0x22 CMakeFiles/frimware.dir/C_/Users/User/.pico-sdk/sdk/2.1.1/src/rp2_common/hardware_timer/timer.c.obj
 .rodata.hard_assertion_failure.str1.4
                0x10008340        0xc CMakeFiles/frimware.dir/C_/Users/User/.pico-sdk/sdk/2.1.1/src/rp2_common/pico_runtime/runtime.c.obj
 .rodata.__wrap_malloc.str1.4
                0x10008340        0xe CMakeFiles/frimware.dir/C_/Users/User/.pico-sdk/sdk/2.1.1/src/rp2_common/pico_malloc/malloc.c.obj
 .rodata.str1.4
                0x10008340       0x44 CMakeFiles/frimware.dir/C_/Users/User/.pico-sdk/sdk/2.1.1/src/rp2_common/pico_standard_binary_info/standard_binary_info.c.obj
 .rodata.__bi_84
                0x10008340        0xc CMakeFiles/frimware.dir/C_/Users/User/.pico-sdk/sdk/2.1.1/src/rp2_common/pico_standard_binary_info/standard_binary_info.c.obj
 .rodata.__bi_78
                0x1000834c        0xc CMakeFiles/frimware.dir/C_/Users/User/.pico-sdk/sdk/2.1.1/src/rp2_common/pico_standard_binary_info/standard_binary_info.c.obj
 .rodata.__bi_60
                0x10008358        0xc CMakeFiles/frimware.dir/C_/Users/User/.pico-sdk/sdk/2.1.1/src/rp2_common/pico_standard_binary_info/standard_binary_info.c.obj
 .rodata.__bi_54
                0x10008364        0xc CMakeFiles/frimware.dir/C_/Users/User/.pico-sdk/sdk/2.1.1/src/rp2_common/pico_standard_binary_info/standard_binary_info.c.obj
 .rodata.__bi_48
                0x10008370        0xc CMakeFiles/frimware.dir/C_/Users/User/.pico-sdk/sdk/2.1.1/src/rp2_common/pico_standard_binary_info/standard_binary_info.c.obj
 .rodata.__bi_42
                0x1000837c        0xc CMakeFiles/frimware.dir/C_/Users/User/.pico-sdk/sdk/2.1.1/src/rp2_common/pico_standard_binary_info/standard_binary_info.c.obj
 .rodata.__bi_34
                0x10008388        0xc CMakeFiles/frimware.dir/C_/Users/User/.pico-sdk/sdk/2.1.1/src/rp2_common/pico_standard_binary_info/standard_binary_info.c.obj
 .rodata.__bi_26
                0x10008394        0xc CMakeFiles/frimware.dir/C_/Users/User/.pico-sdk/sdk/2.1.1/src/rp2_common/pico_standard_binary_info/standard_binary_info.c.obj
 .rodata._ftoa.str1.4
                0x100083a0       0x15 CMakeFiles/frimware.dir/C_/Users/User/.pico-sdk/sdk/2.1.1/src/rp2_common/pico_printf/printf.c.obj
 .rodata.pow10.0
                0x100083a0       0x50 CMakeFiles/frimware.dir/C_/Users/User/.pico-sdk/sdk/2.1.1/src/rp2_common/pico_printf/printf.c.obj
 .rodata.crlf_str.0
                0x100083f0        0x2 CMakeFiles/frimware.dir/C_/Users/User/.pico-sdk/sdk/2.1.1/src/rp2_common/pico_stdio/stdio.c.obj
 *fill*         0x100083f2        0x2 
 .rodata._resetd_driver
                0x100083f4       0x20 CMakeFiles/frimware.dir/C_/Users/User/.pico-sdk/sdk/2.1.1/src/rp2_common/pico_stdio_usb/reset_interface.c.obj
 .rodata.desc_ms_os_20
                0x10008414       0xa6 CMakeFiles/frimware.dir/C_/Users/User/.pico-sdk/sdk/2.1.1/src/rp2_common/pico_stdio_usb/reset_interface.c.obj
 *fill*         0x100084ba        0x2 
 .rodata.desc_bos
                0x100084bc       0x21 CMakeFiles/frimware.dir/C_/Users/User/.pico-sdk/sdk/2.1.1/src/rp2_common/pico_stdio_usb/reset_interface.c.obj
                0x100084bc                desc_bos
 .rodata.str1.4
                0x100084dd       0x13 CMakeFiles/frimware.dir/C_/Users/User/.pico-sdk/sdk/2.1.1/src/rp2_common/pico_stdio_usb/stdio_usb.c.obj
 *fill*         0x100084dd        0x3 
 .rodata.__bi_197.0
                0x100084e0        0xc CMakeFiles/frimware.dir/C_/Users/User/.pico-sdk/sdk/2.1.1/src/rp2_common/pico_stdio_usb/stdio_usb.c.obj
 .rodata.str1.4
                0x100084ec       0x2a CMakeFiles/frimware.dir/C_/Users/User/.pico-sdk/sdk/2.1.1/src/rp2_common/pico_stdio_usb/stdio_usb_descriptors.c.obj
 .rodata.usbd_desc_str
                0x100084ec       0x18 CMakeFiles/frimware.dir/C_/Users/User/.pico-sdk/sdk/2.1.1/src/rp2_common/pico_stdio_usb/stdio_usb_descriptors.c.obj
 .rodata.usbd_desc_cfg
                0x10008504       0x54 CMakeFiles/frimware.dir/C_/Users/User/.pico-sdk/sdk/2.1.1/src/rp2_common/pico_stdio_usb/stdio_usb_descriptors.c.obj
 .rodata.usbd_desc_device
                0x10008558       0x12 CMakeFiles/frimware.dir/C_/Users/User/.pico-sdk/sdk/2.1.1/src/rp2_common/pico_stdio_usb/stdio_usb_descriptors.c.obj
 .rodata.str1.4
                0x1000856a       0x14 CMakeFiles/frimware.dir/C_/Users/User/.pico-sdk/sdk/2.1.1/lib/tinyusb/src/portable/raspberrypi/rp2040/dcd_rp2040.c.obj
 .rodata.str1.4
                0x1000856a       0x48 CMakeFiles/frimware.dir/C_/Users/User/.pico-sdk/sdk/2.1.1/lib/tinyusb/src/portable/raspberrypi/rp2040/rp2040_usb.c.obj
 *fill*         0x1000856a        0x2 
 .rodata._usbd_driver
                0x1000856c       0x40 CMakeFiles/frimware.dir/C_/Users/User/.pico-sdk/sdk/2.1.1/lib/tinyusb/src/device/usbd.c.obj
 .rodata.uxTopUsedPriority
                0x100085ac        0x4 freertos/libfreertos.a(tasks.c.obj)
 .rodata.xTimerCreateTimerTask.str1.4
                0x100085b0       0x10 freertos/libfreertos.a(timers.c.obj)
 *(.srodata*)
                0x100085c0                        . = ALIGN (0x4)
 *(SORT_BY_ALIGNMENT(SORT_BY_NAME(.flashdata*)))
                0x100085c0                        . = ALIGN (0x4)

.ARM.extab
 *(.ARM.extab* .gnu.linkonce.armextab.*)
                0x100085b0                        __exidx_start = .

.ARM.exidx      0x100085b0        0x8
 *(.ARM.exidx* .gnu.linkonce.armexidx.*)
 .ARM.exidx     0x100085b0        0x8 C:/Users/User/.pico-sdk/toolchain/14_2_Rel1/bin/../lib/gcc/arm-none-eabi/14.2.1/thumb/v8-m.main+fp/softfp\libg.a(libc_a-memcpy.o)
 .ARM.exidx.text.__udivmoddi4
                0x100085b8        0x0 C:/Users/User/.pico-sdk/toolchain/14_2_Rel1/bin/../lib/gcc/arm-none-eabi/14.2.1/thumb/v8-m.main+fp/softfp\libgcc.a(_udivmoddi4.o)
                                  0x8 (size before relaxing)
                0x100085b8                        __exidx_end = .
                0x100085b8                        . = ALIGN (0x4)
                0x100085b8                        __binary_info_start = .

.binary_info    0x100085b8       0x24
 *(.binary_info.keep.*)
 .binary_info.keep.__bi_ptr84
                0x100085b8        0x4 CMakeFiles/frimware.dir/C_/Users/User/.pico-sdk/sdk/2.1.1/src/rp2_common/pico_standard_binary_info/standard_binary_info.c.obj
 .binary_info.keep.__bi_ptr78
                0x100085bc        0x4 CMakeFiles/frimware.dir/C_/Users/User/.pico-sdk/sdk/2.1.1/src/rp2_common/pico_standard_binary_info/standard_binary_info.c.obj
 .binary_info.keep.__bi_ptr60
                0x100085c0        0x4 CMakeFiles/frimware.dir/C_/Users/User/.pico-sdk/sdk/2.1.1/src/rp2_common/pico_standard_binary_info/standard_binary_info.c.obj
 .binary_info.keep.__bi_ptr54
                0x100085c4        0x4 CMakeFiles/frimware.dir/C_/Users/User/.pico-sdk/sdk/2.1.1/src/rp2_common/pico_standard_binary_info/standard_binary_info.c.obj
 .binary_info.keep.__bi_ptr48
                0x100085c8        0x4 CMakeFiles/frimware.dir/C_/Users/User/.pico-sdk/sdk/2.1.1/src/rp2_common/pico_standard_binary_info/standard_binary_info.c.obj
 .binary_info.keep.__bi_ptr42
                0x100085cc        0x4 CMakeFiles/frimware.dir/C_/Users/User/.pico-sdk/sdk/2.1.1/src/rp2_common/pico_standard_binary_info/standard_binary_info.c.obj
 .binary_info.keep.__bi_ptr34
                0x100085d0        0x4 CMakeFiles/frimware.dir/C_/Users/User/.pico-sdk/sdk/2.1.1/src/rp2_common/pico_standard_binary_info/standard_binary_info.c.obj
 .binary_info.keep.__bi_ptr26
                0x100085d4        0x4 CMakeFiles/frimware.dir/C_/Users/User/.pico-sdk/sdk/2.1.1/src/rp2_common/pico_standard_binary_info/standard_binary_info.c.obj
 *(.binary_info.*)
 .binary_info.__bi_ptr197
                0x100085d8        0x4 CMakeFiles/frimware.dir/C_/Users/User/.pico-sdk/sdk/2.1.1/src/rp2_common/pico_stdio_usb/stdio_usb.c.obj
                0x100085dc                        __binary_info_end = .
                0x100085dc                        . = ALIGN (0x4)

.ram_vector_table
                0x20000000      0x110
 *(.ram_vector_table)
 .ram_vector_table
                0x20000000      0x110 CMakeFiles/frimware.dir/C_/Users/User/.pico-sdk/sdk/2.1.1/src/rp2_common/pico_runtime_init/runtime_init.c.obj
                0x20000000                ram_vector_table

.uninitialized_data
                0x20000110        0x0
                0x20000110                        . = ALIGN (0x4)
 *(.uninitialized_data*)

.data           0x20000110     0x19e8 load address 0x100085dc
                0x20000110                        __data_start__ = .
 *(vtable)
 *(.time_critical*)
 .time_critical.mutex_try_enter
                0x20000110       0x50 CMakeFiles/frimware.dir/C_/Users/User/.pico-sdk/sdk/2.1.1/src/common/pico_sync/mutex.c.obj
                0x20000110                mutex_try_enter
 .time_critical.mutex_enter_block_until
                0x20000160       0x6c CMakeFiles/frimware.dir/C_/Users/User/.pico-sdk/sdk/2.1.1/src/common/pico_sync/mutex.c.obj
                0x20000160                mutex_enter_block_until
 .time_critical.mutex_try_enter_block_until
                0x200001cc       0x68 CMakeFiles/frimware.dir/C_/Users/User/.pico-sdk/sdk/2.1.1/src/common/pico_sync/mutex.c.obj
                0x200001cc                mutex_try_enter_block_until
 .time_critical.mutex_enter_timeout_ms
                0x20000234       0x38 CMakeFiles/frimware.dir/C_/Users/User/.pico-sdk/sdk/2.1.1/src/common/pico_sync/mutex.c.obj
                0x20000234                mutex_enter_timeout_ms
 .time_critical.mutex_exit
                0x2000026c       0x3c CMakeFiles/frimware.dir/C_/Users/User/.pico-sdk/sdk/2.1.1/src/common/pico_sync/mutex.c.obj
                0x2000026c                mutex_exit
 .time_critical.reset_non_control_endpoints
                0x200002a8       0x64 CMakeFiles/frimware.dir/C_/Users/User/.pico-sdk/sdk/2.1.1/lib/tinyusb/src/portable/raspberrypi/rp2040/dcd_rp2040.c.obj
 .time_critical.hw_handle_buff_status
                0x2000030c       0x90 CMakeFiles/frimware.dir/C_/Users/User/.pico-sdk/sdk/2.1.1/lib/tinyusb/src/portable/raspberrypi/rp2040/dcd_rp2040.c.obj
 .time_critical.dcd_rp2040_irq
                0x2000039c      0x530 CMakeFiles/frimware.dir/C_/Users/User/.pico-sdk/sdk/2.1.1/lib/tinyusb/src/portable/raspberrypi/rp2040/dcd_rp2040.c.obj
 .time_critical.prepare_ep_buffer
                0x200008cc       0xc0 CMakeFiles/frimware.dir/C_/Users/User/.pico-sdk/sdk/2.1.1/lib/tinyusb/src/portable/raspberrypi/rp2040/rp2040_usb.c.obj
 .time_critical.sync_ep_buffer
                0x2000098c       0xb4 CMakeFiles/frimware.dir/C_/Users/User/.pico-sdk/sdk/2.1.1/lib/tinyusb/src/portable/raspberrypi/rp2040/rp2040_usb.c.obj
 .time_critical._hw_endpoint_xfer_sync
                0x20000a40       0x2c CMakeFiles/frimware.dir/C_/Users/User/.pico-sdk/sdk/2.1.1/lib/tinyusb/src/portable/raspberrypi/rp2040/rp2040_usb.c.obj
 .time_critical.e15_is_bulkin_ep
                0x20000a6c       0x28 CMakeFiles/frimware.dir/C_/Users/User/.pico-sdk/sdk/2.1.1/lib/tinyusb/src/portable/raspberrypi/rp2040/rp2040_usb.c.obj
 .time_critical.e15_is_critical_frame_period
                0x20000a94       0x28 CMakeFiles/frimware.dir/C_/Users/User/.pico-sdk/sdk/2.1.1/lib/tinyusb/src/portable/raspberrypi/rp2040/rp2040_usb.c.obj
 .time_critical.hw_endpoint_reset_transfer
                0x20000abc        0xc CMakeFiles/frimware.dir/C_/Users/User/.pico-sdk/sdk/2.1.1/lib/tinyusb/src/portable/raspberrypi/rp2040/rp2040_usb.c.obj
                0x20000abc                hw_endpoint_reset_transfer
 .time_critical._hw_endpoint_buffer_control_update32
                0x20000ac8       0x44 CMakeFiles/frimware.dir/C_/Users/User/.pico-sdk/sdk/2.1.1/lib/tinyusb/src/portable/raspberrypi/rp2040/rp2040_usb.c.obj
                0x20000ac8                _hw_endpoint_buffer_control_update32
 .time_critical.hw_endpoint_start_next_buffer
                0x20000b0c       0x64 CMakeFiles/frimware.dir/C_/Users/User/.pico-sdk/sdk/2.1.1/lib/tinyusb/src/portable/raspberrypi/rp2040/rp2040_usb.c.obj
                0x20000b0c                hw_endpoint_start_next_buffer
 .time_critical.hw_endpoint_xfer_continue
                0x20000b70       0x3c CMakeFiles/frimware.dir/C_/Users/User/.pico-sdk/sdk/2.1.1/lib/tinyusb/src/portable/raspberrypi/rp2040/rp2040_usb.c.obj
                0x20000b70                hw_endpoint_xfer_continue
 .time_critical.tinyusb
                0x20000bac      0x224 CMakeFiles/frimware.dir/C_/Users/User/.pico-sdk/sdk/2.1.1/lib/tinyusb/src/device/usbd.c.obj
                0x20000bac                dcd_event_handler
 *(.text*)
 .text          0x20000dd0      0x378 C:/Users/User/.pico-sdk/toolchain/14_2_Rel1/bin/../lib/gcc/arm-none-eabi/14.2.1/thumb/v8-m.main+fp/softfp\libgcc.a(_arm_addsubdf3.o)
                0x20000dd0                __aeabi_drsub
                0x20000dd8                __aeabi_dsub
                0x20000dd8                __subdf3
                0x20000ddc                __aeabi_dadd
                0x20000ddc                __adddf3
                0x20001054                __floatunsidf
                0x20001054                __aeabi_ui2d
                0x20001074                __floatsidf
                0x20001074                __aeabi_i2d
                0x20001098                __aeabi_f2d
                0x20001098                __extendsfdf2
                0x200010dc                __floatundidf
                0x200010dc                __aeabi_ul2d
                0x200010ec                __floatdidf
                0x200010ec                __aeabi_l2d
 .text          0x20001148       0x30 C:/Users/User/.pico-sdk/toolchain/14_2_Rel1/bin/../lib/gcc/arm-none-eabi/14.2.1/thumb/v8-m.main+fp/softfp\libgcc.a(_aeabi_uldivmod.o)
                0x20001148                __aeabi_uldivmod
 .text.__udivmoddi4
                0x20001178      0x34c C:/Users/User/.pico-sdk/toolchain/14_2_Rel1/bin/../lib/gcc/arm-none-eabi/14.2.1/thumb/v8-m.main+fp/softfp\libgcc.a(_udivmoddi4.o)
                0x20001178                __udivmoddi4
 .text          0x200014c4        0x4 C:/Users/User/.pico-sdk/toolchain/14_2_Rel1/bin/../lib/gcc/arm-none-eabi/14.2.1/thumb/v8-m.main+fp/softfp\libgcc.a(_dvmd_tls.o)
                0x200014c4                __aeabi_idiv0
                0x200014c4                __aeabi_ldiv0
 .text.__stub   0x200014c8       0x30 linker stubs
                0x200014f8                        . = ALIGN (0x4)
 *(.rodata*)
                0x200014f8                        . = ALIGN (0x4)
 *(.data*)
 .data.striped_spin_lock_num
                0x200014f8        0x1 CMakeFiles/frimware.dir/C_/Users/User/.pico-sdk/sdk/2.1.1/src/rp2_common/hardware_sync/sync.c.obj
 *fill*         0x200014f9        0x3 
 .data          0x200014fc       0x48 CMakeFiles/frimware.dir/C_/Users/User/.pico-sdk/sdk/2.1.1/src/rp2_common/hardware_irq/irq_handler_chain.S.obj
                0x200014fc                irq_handler_chain_slots
                0x2000152c                irq_handler_chain_first_slot
                0x20001536                irq_handler_chain_remove_tail
 .data.default_alarm_pool
                0x20001544       0x18 CMakeFiles/frimware.dir/C_/Users/User/.pico-sdk/sdk/2.1.1/src/common/pico_time/time.c.obj
 .data.stdio_usb
                0x2000155c       0x18 CMakeFiles/frimware.dir/C_/Users/User/.pico-sdk/sdk/2.1.1/src/rp2_common/pico_stdio_usb/stdio_usb.c.obj
                0x2000155c                stdio_usb
 .data._usbd_qdef
                0x20001574       0x1c CMakeFiles/frimware.dir/C_/Users/User/.pico-sdk/sdk/2.1.1/lib/tinyusb/src/device/usbd.c.obj
                0x20001574                _usbd_qdef
 .data._usbd_rhport
                0x20001590        0x1 CMakeFiles/frimware.dir/C_/Users/User/.pico-sdk/sdk/2.1.1/lib/tinyusb/src/device/usbd.c.obj
 .data.ucPrimaryCoreNum
                0x20001591        0x1 freertos/libfreertos.a(port.c.obj)
 *fill*         0x20001592        0x2 
 .data.ulCriticalNesting
                0x20001594        0x4 freertos/libfreertos.a(port.c.obj)
 .data.__malloc_sbrk_base
                0x20001598        0x4 C:/Users/User/.pico-sdk/toolchain/14_2_Rel1/bin/../lib/gcc/arm-none-eabi/14.2.1/thumb/v8-m.main+fp/softfp\libg.a(libc_a-mallocr.o)
                0x20001598                __malloc_sbrk_base
 .data.__malloc_trim_threshold
                0x2000159c        0x4 C:/Users/User/.pico-sdk/toolchain/14_2_Rel1/bin/../lib/gcc/arm-none-eabi/14.2.1/thumb/v8-m.main+fp/softfp\libg.a(libc_a-mallocr.o)
                0x2000159c                __malloc_trim_threshold
 .data.__malloc_av_
                0x200015a0      0x408 C:/Users/User/.pico-sdk/toolchain/14_2_Rel1/bin/../lib/gcc/arm-none-eabi/14.2.1/thumb/v8-m.main+fp/softfp\libg.a(libc_a-mallocr.o)
                0x200015a0                __malloc_av_
 .data._impure_ptr
                0x200019a8        0x4 C:/Users/User/.pico-sdk/toolchain/14_2_Rel1/bin/../lib/gcc/arm-none-eabi/14.2.1/thumb/v8-m.main+fp/softfp\libg.a(libc_a-impure.o)
                0x200019a8                _impure_ptr
 *fill*         0x200019ac        0x4 
 .data._impure_data
                0x200019b0      0x140 C:/Users/User/.pico-sdk/toolchain/14_2_Rel1/bin/../lib/gcc/arm-none-eabi/14.2.1/thumb/v8-m.main+fp/softfp\libg.a(libc_a-impure.o)
                0x200019b0                _impure_data
 *(.sdata*)
                0x20001af0                        . = ALIGN (0x4)
 *(.after_data.*)
                0x20001af0                        . = ALIGN (0x4)
                0x20001af0                        PROVIDE (__mutex_array_start = .)
 *(SORT_BY_NAME(.mutex_array.*))
 *(.mutex_array)
 .mutex_array   0x20001af0        0x8 CMakeFiles/frimware.dir/C_/Users/User/.pico-sdk/sdk/2.1.1/src/rp2_common/pico_stdio/stdio.c.obj
                0x20001af8                        PROVIDE (__mutex_array_end = .)
 *(.jcr)
                0x20001af8                        . = ALIGN (0x4)

.tm_clone_table
                0x20001af8        0x0 load address 0x10009fc4
 .tm_clone_table
                0x20001af8        0x0 C:/Users/User/.pico-sdk/toolchain/14_2_Rel1/bin/../lib/gcc/arm-none-eabi/14.2.1/thumb/v8-m.main+fp/softfp/crtbegin.o
 .tm_clone_table
                0x20001af8        0x0 C:/Users/User/.pico-sdk/toolchain/14_2_Rel1/bin/../lib/gcc/arm-none-eabi/14.2.1/thumb/v8-m.main+fp/softfp/crtend.o

.igot.plt       0x20001af8        0x0 load address 0x10009fc4
 .igot.plt      0x20001af8        0x0 C:/Users/User/.pico-sdk/toolchain/14_2_Rel1/bin/../lib/gcc/arm-none-eabi/14.2.1/thumb/v8-m.main+fp/softfp/crtbegin.o

.tdata          0x20001af8        0x0 load address 0x10009fc4
                0x20001af8                        . = ALIGN (0x4)
 *(.tdata .tdata.* .gnu.linkonce.td.*)
                0x20001af8                        __tdata_end = .
                0x20001af8                        PROVIDE (__data_end__ = .)
                0x100085dc                        __etext = LOADADDR (.data)

.tbss           0x20001af8        0x0 load address 0x10009fc4
                0x20001af8                        . = ALIGN (0x4)
                0x20001af8                        __bss_start__ = .
                0x20001af8                        __tls_base = .
 *(.tbss .tbss.* .gnu.linkonce.tb.*)
 *(.tcommon)
                0x20001af8                        __tls_end = .

.bss            0x20001af8      0xf54 load address 0x10009fc4
                0x20001af8                        . = ALIGN (0x4)
                0x20001af8                        __tbss_end = .
 *(SORT_BY_ALIGNMENT(SORT_BY_NAME(.bss*)))
 .bss.default_alarm_pool_entries
                0x20001af8      0x180 CMakeFiles/frimware.dir/C_/Users/User/.pico-sdk/sdk/2.1.1/src/common/pico_time/time.c.obj
 .bss.last_avail_time.1
                0x20001c78        0x8 CMakeFiles/frimware.dir/C_/Users/User/.pico-sdk/sdk/2.1.1/src/rp2_common/pico_stdio_usb/stdio_usb.c.obj
 .bss.xQueueRegistry
                0x20001c80       0x50 freertos/libfreertos.a(queue.c.obj)
                0x20001c80                xQueueRegistry
 .bss.__lock___malloc_recursive_mutex
                0x20001cd0        0x1 C:/Users/User/.pico-sdk/toolchain/14_2_Rel1/bin/../lib/gcc/arm-none-eabi/14.2.1/thumb/v8-m.main+fp/softfp\libg.a(libc_a-lock.o)
                0x20001cd0                __lock___malloc_recursive_mutex
 *fill*         0x20001cd1        0x3 
 .bss.__malloc_current_mallinfo
                0x20001cd4       0x28 C:/Users/User/.pico-sdk/toolchain/14_2_Rel1/bin/../lib/gcc/arm-none-eabi/14.2.1/thumb/v8-m.main+fp/softfp\libg.a(libc_a-mallocr.o)
                0x20001cd4                __malloc_current_mallinfo
 .bss.__malloc_max_sbrked_mem
                0x20001cfc        0x4 C:/Users/User/.pico-sdk/toolchain/14_2_Rel1/bin/../lib/gcc/arm-none-eabi/14.2.1/thumb/v8-m.main+fp/softfp\libg.a(libc_a-mallocr.o)
                0x20001cfc                __malloc_max_sbrked_mem
 .bss.__malloc_max_total_mem
                0x20001d00        0x4 C:/Users/User/.pico-sdk/toolchain/14_2_Rel1/bin/../lib/gcc/arm-none-eabi/14.2.1/thumb/v8-m.main+fp/softfp\libg.a(libc_a-mallocr.o)
                0x20001d00                __malloc_max_total_mem
 .bss.__malloc_top_pad
                0x20001d04        0x4 C:/Users/User/.pico-sdk/toolchain/14_2_Rel1/bin/../lib/gcc/arm-none-eabi/14.2.1/thumb/v8-m.main+fp/softfp\libg.a(libc_a-mallocr.o)
                0x20001d04                __malloc_top_pad
 .bss.__sf      0x20001d08      0x138 C:/Users/User/.pico-sdk/toolchain/14_2_Rel1/bin/../lib/gcc/arm-none-eabi/14.2.1/thumb/v8-m.main+fp/softfp\libg.a(libc_a-findfp.o)
                0x20001d08                __sf
 .bss._app_driver
                0x20001e40        0x4 CMakeFiles/frimware.dir/C_/Users/User/.pico-sdk/sdk/2.1.1/lib/tinyusb/src/device/usbd.c.obj
 .bss._cdcd_epbuf
                0x20001e44       0x80 CMakeFiles/frimware.dir/C_/Users/User/.pico-sdk/sdk/2.1.1/lib/tinyusb/src/class/cdc/cdc_device.c.obj
 .bss._cdcd_fifo_cfg
                0x20001ec4        0x1 CMakeFiles/frimware.dir/C_/Users/User/.pico-sdk/sdk/2.1.1/lib/tinyusb/src/class/cdc/cdc_device.c.obj
 *fill*         0x20001ec5        0x3 
 .bss._cdcd_itf
                0x20001ec8       0xc8 CMakeFiles/frimware.dir/C_/Users/User/.pico-sdk/sdk/2.1.1/lib/tinyusb/src/class/cdc/cdc_device.c.obj
 .bss._ctrl_epbuf
                0x20001f90       0x40 CMakeFiles/frimware.dir/C_/Users/User/.pico-sdk/sdk/2.1.1/lib/tinyusb/src/device/usbd_control.c.obj
 .bss._ctrl_xfer
                0x20001fd0       0x14 CMakeFiles/frimware.dir/C_/Users/User/.pico-sdk/sdk/2.1.1/lib/tinyusb/src/device/usbd_control.c.obj
 .bss._sw_spin_locks
                0x20001fe4       0x20 CMakeFiles/frimware.dir/C_/Users/User/.pico-sdk/sdk/2.1.1/src/rp2_common/hardware_sync_spin_lock/sync_spin_lock.c.obj
                0x20001fe4                _sw_spin_locks
 .bss._tusb_rhport_role
                0x20002004        0x2 CMakeFiles/frimware.dir/C_/Users/User/.pico-sdk/sdk/2.1.1/lib/tinyusb/src/tusb.c.obj
                0x20002004                _tusb_rhport_role
 *fill*         0x20002006        0x2 
 .bss._ubsd_mutexdef
                0x20002008        0x8 CMakeFiles/frimware.dir/C_/Users/User/.pico-sdk/sdk/2.1.1/lib/tinyusb/src/device/usbd.c.obj
 .bss._usbd_dev
                0x20002010       0x54 CMakeFiles/frimware.dir/C_/Users/User/.pico-sdk/sdk/2.1.1/lib/tinyusb/src/device/usbd.c.obj
 .bss._usbd_mutex
                0x20002064        0x4 CMakeFiles/frimware.dir/C_/Users/User/.pico-sdk/sdk/2.1.1/lib/tinyusb/src/device/usbd.c.obj
 .bss._usbd_q   0x20002068        0x4 CMakeFiles/frimware.dir/C_/Users/User/.pico-sdk/sdk/2.1.1/lib/tinyusb/src/device/usbd.c.obj
 .bss._usbd_qdef_buf
                0x2000206c       0xc0 CMakeFiles/frimware.dir/C_/Users/User/.pico-sdk/sdk/2.1.1/lib/tinyusb/src/device/usbd.c.obj
                0x2000206c                _usbd_qdef_buf
 .bss._vendord_epbuf
                0x2000212c       0x80 CMakeFiles/frimware.dir/C_/Users/User/.pico-sdk/sdk/2.1.1/lib/tinyusb/src/class/vendor/vendor_device.c.obj
 .bss._vendord_itf
                0x200021ac      0x24c CMakeFiles/frimware.dir/C_/Users/User/.pico-sdk/sdk/2.1.1/lib/tinyusb/src/class/vendor/vendor_device.c.obj
 .bss.chars_available_callback
                0x200023f8        0x4 CMakeFiles/frimware.dir/C_/Users/User/.pico-sdk/sdk/2.1.1/src/rp2_common/pico_stdio_usb/stdio_usb.c.obj
 .bss.chars_available_param
                0x200023fc        0x4 CMakeFiles/frimware.dir/C_/Users/User/.pico-sdk/sdk/2.1.1/src/rp2_common/pico_stdio_usb/stdio_usb.c.obj
 .bss.claimed   0x20002400        0x4 CMakeFiles/frimware.dir/C_/Users/User/.pico-sdk/sdk/2.1.1/src/rp2_common/hardware_sync/sync.c.obj
 .bss.claimed   0x20002404        0x2 CMakeFiles/frimware.dir/C_/Users/User/.pico-sdk/sdk/2.1.1/src/rp2_common/hardware_timer/timer.c.obj
 *fill*         0x20002406        0x2 
 .bss.configured_freq
                0x20002408       0x28 CMakeFiles/frimware.dir/C_/Users/User/.pico-sdk/sdk/2.1.1/src/rp2_common/hardware_clocks/clocks.c.obj
 .bss.desc_str.0
                0x20002430       0x28 CMakeFiles/frimware.dir/C_/Users/User/.pico-sdk/sdk/2.1.1/src/rp2_common/pico_stdio_usb/stdio_usb_descriptors.c.obj
 .bss.drivers   0x20002458        0x4 CMakeFiles/frimware.dir/C_/Users/User/.pico-sdk/sdk/2.1.1/src/rp2_common/pico_stdio/stdio.c.obj
 .bss.e15_last_sof
                0x2000245c        0x4 CMakeFiles/frimware.dir/C_/Users/User/.pico-sdk/sdk/2.1.1/lib/tinyusb/src/portable/raspberrypi/rp2040/rp2040_usb.c.obj
                0x2000245c                e15_last_sof
 .bss.errno     0x20002460        0x4 C:/Users/User/.pico-sdk/toolchain/14_2_Rel1/bin/../lib/gcc/arm-none-eabi/14.2.1/thumb/v8-m.main+fp/softfp\libg.a(libc_a-reent.o)
                0x20002460                errno
 .bss.filter    0x20002464        0x4 CMakeFiles/frimware.dir/C_/Users/User/.pico-sdk/sdk/2.1.1/src/rp2_common/pico_stdio/stdio.c.obj
 .bss.g_AdcTempQueue
                0x20002468        0x4 CMakeFiles/frimware.dir/frimware.c.obj
                0x20002468                g_AdcTempQueue
 .bss.heap_end.0
                0x2000246c        0x4 CMakeFiles/frimware.dir/C_/Users/User/.pico-sdk/sdk/2.1.1/src/rp2_common/pico_clib_interface/newlib_interface.c.obj
 .bss.hw_endpoints
                0x20002470      0x400 CMakeFiles/frimware.dir/C_/Users/User/.pico-sdk/sdk/2.1.1/lib/tinyusb/src/portable/raspberrypi/rp2040/dcd_rp2040.c.obj
 .bss.lazy_vsnprintf
                0x20002870        0x4 CMakeFiles/frimware.dir/C_/Users/User/.pico-sdk/sdk/2.1.1/src/rp2_common/pico_printf/printf.c.obj
 .bss.load_value
                0x20002874        0x4 CMakeFiles/frimware.dir/C_/Users/User/.pico-sdk/sdk/2.1.1/src/rp2_common/hardware_watchdog/watchdog.c.obj
 .bss.next_buffer_ptr